Component: ARM Compiler 5.06 update 6 (build 750) Tool: armlink [4d35ed]

==============================================================================

Section Cross References

    app.o(.text) refers to gpio.o(i.GPIOPinRead) for GPIOPinRead
    app.o(.text) refers to gpio.o(i.GPIOPinWrite) for GPIOPinWrite
    app.o(.text) refers to os_time.o(.text) for OSTimeDlyHMSM
    app.o(.text) refers to sysctl.o(i.SysCtlPeripheralEnable) for SysCtlPeripheralEnable
    app.o(.text) refers to sysctl.o(i.SysCtlPeripheralReady) for SysCtlPeripheralReady
    app.o(.text) refers to gpio.o(i.GPIOPinTypeGPIOOutput) for GPIOPinTypeGPIOOutput
    app.o(.text) refers to gpio.o(i.GPIOPinTypeGPIOInput) for GPIOPinTypeGPIOInput
    app.o(.text) refers to gpio.o(i.GPIOPadConfigSet) for GPIOPadConfigSet
    app.o(.text) refers to cpu_a.o(.text) for CPU_IntDis
    app.o(.text) refers to os_core.o(.text) for OSInit
    app.o(.text) refers to sysctl.o(i.SysCtlClockSet) for SysCtlClockSet
    app.o(.text) refers to lib_mem.o(.text) for Mem_Init
    app.o(.text) refers to sysctl.o(i.SysCtlClockGet) for SysCtlClockGet
    app.o(.text) refers to os_cpu_c.o(.text) for OS_CPU_SysTickInit
    app.o(.text) refers to cpu_core.o(.text) for CPU_Init
    app.o(.text) refers to os_task.o(.text) for OSTaskCreate
    app.o(.text) refers to os_cfg_app.o(.constdata) for OSCfg_TickRate_Hz
    app.o(.text) refers to app.o(.bss) for .bss
    os_app_hooks.o(.text) refers to cpu_a.o(.text) for CPU_SR_Save
    os_app_hooks.o(.text) refers to os_var.o(.data) for OS_AppTaskCreateHookPtr
    os_app_hooks.o(.text) refers to os_var.o(.data) for OS_AppTaskDelHookPtr
    os_app_hooks.o(.text) refers to os_var.o(.data) for OS_AppTaskReturnHookPtr
    os_app_hooks.o(.text) refers to os_var.o(.data) for OS_AppIdleTaskHookPtr
    os_app_hooks.o(.text) refers to os_var.o(.data) for OS_AppStatTaskHookPtr
    os_app_hooks.o(.text) refers to os_var.o(.data) for OS_AppTaskSwHookPtr
    os_app_hooks.o(.text) refers to os_var.o(.data) for OS_AppTimeTickHookPtr
    cstartup.o(RESET) refers to cstartup.o(STACK) for __initial_sp
    cstartup.o(RESET) refers to cstartup.o(.text) for Reset_Handler
    cstartup.o(RESET) refers to os_cpu_a.o(CODE) for OS_CPU_PendSVHandler
    cstartup.o(RESET) refers to os_cpu_c.o(.text) for OS_CPU_SysTickHandler
    cstartup.o(.text) refers to entry.o(.ARM.Collect$$$$00000000) for __main
    cpu_bsp.o(.text) refers to sysctl.o(i.SysCtlClockGet) for SysCtlClockGet
    cpu_bsp.o(.text) refers to cpu_core.o(.text) for CPU_TS_TmrFreqSet
    cpu_bsp.o(.text) refers to uldiv.o(.text) for __aeabi_uldivmod
    cpu_core.o(.text) refers to cpu_a.o(.text) for CPU_SR_Save
    cpu_core.o(.text) refers to lib_mem.o(.text) for Mem_Clr
    cpu_core.o(.text) refers to cpu_bsp.o(.text) for CPU_TS_TmrInit
    cpu_core.o(.text) refers to lib_str.o(.text) for Str_Copy_N
    cpu_core.o(.text) refers to cpu_core.o(.bss) for .bss
    cpu_core.o(.text) refers to cpu_core.o(.data) for .data
    cpu_core.o(.text) refers to cpu_core.o(.constdata) for .constdata
    cpu_c.o(.text) refers to cpu_a.o(.text) for CPU_SR_Save
    lib_math.o(.text) refers to cpu_a.o(.text) for CPU_SR_Save
    lib_math.o(.text) refers to lib_math.o(.data) for .data
    lib_mem.o(.text) refers to lib_mem_a.o(.text) for Mem_Copy
    lib_mem.o(.text) refers to cpu_core.o(.text) for CPU_SW_Exception
    lib_mem.o(.text) refers to cpu_a.o(.text) for CPU_SR_Save
    lib_mem.o(.text) refers to lib_mem.o(.bss) for .bss
    lib_mem.o(.text) refers to lib_mem.o(.data) for .data
    lib_str.o(.text) refers to lib_ascii.o(.text) for ASCII_ToLower
    lib_str.o(.text) refers to lib_str.o(.constdata) for .constdata
    os_cfg_app.o(.constdata) refers to os_cfg_app.o(.bss) for OSCfg_IdleTaskStk
    os_cfg_app.o(.constdata) refers to os_cfg_app.o(.bss) for OSCfg_ISRStk
    os_cfg_app.o(.constdata) refers to os_cfg_app.o(.bss) for OSCfg_MsgPool
    os_cfg_app.o(.constdata) refers to os_cfg_app.o(.bss) for OSCfg_StatTaskStk
    os_cfg_app.o(.constdata) refers to os_cfg_app.o(.bss) for OSCfg_TickTaskStk
    os_cfg_app.o(.constdata) refers to os_cfg_app.o(.bss) for OSCfg_TmrTaskStk
    os_core.o(.text) refers to cpu_a.o(.text) for CPU_SR_Save
    os_core.o(.text) refers to os_cpu_c.o(.text) for OSIdleTaskHook
    os_core.o(.text) refers to os_task.o(.text) for OSTaskCreate
    os_core.o(.text) refers to os_prio.o(.text) for OS_PrioInit
    os_core.o(.text) refers to os_flag.o(.text) for OS_FlagInit
    os_core.o(.text) refers to os_mem.o(.text) for OS_MemInit
    os_core.o(.text) refers to os_msg.o(.text) for OS_MsgPoolInit
    os_core.o(.text) refers to os_mutex.o(.text) for OS_MutexInit
    os_core.o(.text) refers to os_sem.o(.text) for OS_SemInit
    os_core.o(.text) refers to os_tick.o(.text) for OS_TickTaskInit
    os_core.o(.text) refers to os_stat.o(.text) for OS_StatTaskInit
    os_core.o(.text) refers to os_tmr.o(.text) for OS_TmrInit
    os_core.o(.text) refers to os_dbg.o(.text) for OS_Dbg_Init
[...]
    Removing sysctl.o(i.SysCtlPeripheralDeepSleepDisable), (40 bytes).
    Removing sysctl.o(i.SysCtlPeripheralDeepSleepEnable), (40 bytes).
    Removing sysctl.o(i.SysCtlPeripheralDisable), (40 bytes).
    Removing sysctl.o(i.SysCtlPeripheralPowerOff), (40 bytes).
    Removing sysctl.o(i.SysCtlPeripheralPowerOn), (40 bytes).
    Removing sysctl.o(i.SysCtlPeripheralPresent), (44 bytes).
    Removing sysctl.o(i.SysCtlPeripheralReset), (60 bytes).
    Removing sysctl.o(i.SysCtlPeripheralSleepDisable), (40 bytes).
    Removing sysctl.o(i.SysCtlPeripheralSleepEnable), (40 bytes).
    Removing sysctl.o(i.SysCtlReset), (16 bytes).
    Removing sysctl.o(i.SysCtlResetBehaviorGet), (12 bytes).
    Removing sysctl.o(i.SysCtlResetBehaviorSet), (12 bytes).
    Removing sysctl.o(i.SysCtlResetCauseClear), (16 bytes).
    Removing sysctl.o(i.SysCtlResetCauseGet), (12 bytes).
    Removing sysctl.o(i.SysCtlSRAMSizeGet), (16 bytes).
    Removing sysctl.o(i.SysCtlSleep), (4 bytes).
    Removing sysctl.o(i.SysCtlSleepPowerSet), (12 bytes).
    Removing sysctl.o(i.SysCtlUSBPLLDisable), (16 bytes).
    Removing sysctl.o(i.SysCtlUSBPLLEnable), (16 bytes).
    Removing sysctl.o(i.SysCtlVCOGet), (120 bytes).
    Removing sysctl.o(i.SysCtlVoltageEventClear), (16 bytes).
    Removing sysctl.o(i.SysCtlVoltageEventConfig), (12 bytes).
    Removing sysctl.o(i.SysCtlVoltageEventStatus), (12 bytes).
    Removing cpu.o(.emb_text), (38 bytes).
    Removing interrupt.o(i.IntDisable), (100 bytes).
    Removing interrupt.o(i.IntEnable), (100 bytes).
    Removing interrupt.o(i.IntIsEnabled), (96 bytes).
    Removing interrupt.o(i.IntMasterDisable), (14 bytes).
    Removing interrupt.o(i.IntMasterEnable), (14 bytes).
    Removing interrupt.o(i.IntPendClear), (68 bytes).
    Removing interrupt.o(i.IntPendSet), (84 bytes).
    Removing interrupt.o(i.IntPriorityGet), (28 bytes).
    Removing interrupt.o(i.IntPriorityGroupingGet), (36 bytes).
    Removing interrupt.o(i.IntPriorityGroupingSet), (28 bytes).
    Removing interrupt.o(i.IntPriorityMaskGet), (4 bytes).
    Removing interrupt.o(i.IntPriorityMaskSet), (4 bytes).
    Removing interrupt.o(i.IntPrioritySet), (40 bytes).
    Removing interrupt.o(i.IntRegister), (52 bytes).
    Removing interrupt.o(i.IntTrigger), (12 bytes).
    Removing interrupt.o(i.IntUnregister), (20 bytes).
    Removing interrupt.o(i._IntDefaultHandler), (2 bytes).
    Removing interrupt.o(.constdata), (268 bytes).
    Removing interrupt.o(vtable), (620 bytes).

143 unused section(s) (total 7731 bytes) removed from the image.

==============================================================================

Image Symbol Table

    Local Symbols

    Symbol Name                              Value     Ov Type        Size  Object(Section)

    RESET                                    0x00000000   Section      620  cstartup.o(RESET)
    ../clib/microlib/division.c              0x00000000   Number         0  uldiv.o ABSOLUTE
    ../clib/microlib/init/entry.s            0x00000000   Number         0  entry7a.o ABSOLUTE
    ../clib/microlib/init/entry.s            0x00000000   Number         0  entry8b.o ABSOLUTE
    ../clib/microlib/init/entry.s            0x00000000   Number         0  entry9a.o ABSOLUTE
    ../clib/microlib/init/entry.s            0x00000000   Number         0  entry9b.o ABSOLUTE
    ../clib/microlib/init/entry.s            0x00000000   Number         0  entry7b.o ABSOLUTE
    ../clib/microlib/init/entry.s            0x00000000   Number         0  entry10a.o ABSOLUTE
    ../clib/microlib/init/entry.s            0x00000000   Number         0  entry8a.o ABSOLUTE
    ../clib/microlib/init/entry.s            0x00000000   Number         0  entry2.o ABSOLUTE
    ../clib/microlib/init/entry.s            0x00000000   Number         0  entry10b.o ABSOLUTE
    ../clib/microlib/init/entry.s            0x00000000   Number         0  entry5.o ABSOLUTE
    ../clib/microlib/init/entry.s            0x00000000   Number         0  entry11b.o ABSOLUTE
    ../clib/microlib/init/entry.s            0x00000000   Number         0  entry11a.o ABSOLUTE
    ../clib/microlib/init/entry.s            0x00000000   Number         0  entry.o ABSOLUTE
    ../clib/microlib/longlong.c              0x00000000   Number         0  llshl.o ABSOLUTE
    ../clib/microlib/longlong.c              0x00000000   Number         0  llushr.o ABSOLUTE
    ..\..\..\..\..\uC-CPU\ARM-Cortex-M4\RealView\cpu_a.asm 0x00000000   Number         0  cpu_a.o ABSOLUTE
    ..\..\..\..\..\uC-CPU\ARM-Cortex-M4\RealView\cpu_c.c 0x00000000   Number         0  cpu_c.o ABSOLUTE
    ..\..\..\..\..\uC-CPU\cpu_core.c         0x00000000   Number         0  cpu_core.o ABSOLUTE
    ..\..\..\..\..\uC-LIB\Ports\ARM-Cortex-M4\RealView\lib_mem_a.asm 0x00000000   Number         0  lib_mem_a.o ABSOLUTE
    ..\..\..\..\..\uC-LIB\lib_ascii.c        0x00000000   Number         0  lib_ascii.o ABSOLUTE
    ..\..\..\..\..\uC-LIB\lib_math.c         0x00000000   Number         0  lib_math.o ABSOLUTE
    ..\..\..\..\..\uC-LIB\lib_mem.c          0x00000000   Number         0  lib_mem.o ABSOLUTE
    ..\..\..\..\..\uC-LIB\lib_str.c          0x00000000   Number         0  lib_str.o ABSOLUTE
    ..\..\..\..\..\uCOS-III\Ports\ARM-Cortex-M4\Generic\RealView\os_cpu_a.asm 0x00000000   Number         0  os_cpu_a.o ABSOLUTE
    ..\..\..\..\..\uCOS-III\Ports\ARM-Cortex-M4\Generic\RealView\os_cpu_c.c 0x00000000   Number         0  os_cpu_c.o ABSOLUTE
    ..\..\..\..\..\uCOS-III\Source\os_cfg_app.c 0x00000000   Number         0  os_cfg_app.o ABSOLUTE
    ..\..\..\..\..\uCOS-III\Source\os_core.c 0x00000000   Number         0  os_core.o ABSOLUTE
    ..\..\..\..\..\uCOS-III\Source\os_dbg.c  0x00000000   Number         0  os_dbg.o ABSOLUTE
    ..\..\..\..\..\uCOS-III\Source\os_flag.c 0x00000000   Number         0  os_flag.o ABSOLUTE
    ..\..\..\..\..\uCOS-III\Source\os_int.c  0x00000000   Number         0  os_int.o ABSOLUTE
    ..\..\..\..\..\uCOS-III\Source\os_mem.c  0x00000000   Number         0  os_mem.o ABSOLUTE
    ..\..\..\..\..\uCOS-III\Source\os_msg.c  0x00000000   Number         0  os_msg.o ABSOLUTE
    ..\..\..\..\..\uCOS-III\Source\os_mutex.c 0x00000000   Number         0  os_mutex.o ABSOLUTE
    ..\..\..\..\..\uCOS-III\Source\os_pend_multi.c 0x00000000   Number         0  os_pend_multi.o ABSOLUTE
    ..\..\..\..\..\uCOS-III\Source\os_prio.c 0x00000000   Number         0  os_prio.o ABSOLUTE
    ..\..\..\..\..\uCOS-III\Source\os_q.c    0x00000000   Number         0  os_q.o ABSOLUTE
    ..\..\..\..\..\uCOS-III\Source\os_sem.c  0x00000000   Number         0  os_sem.o ABSOLUTE
    ..\..\..\..\..\uCOS-III\Source\os_stat.c 0x00000000   Number         0  os_stat.o ABSOLUTE
    ..\..\..\..\..\uCOS-III\Source\os_task.c 0x00000000   Number         0  os_task.o ABSOLUTE
    ..\..\..\..\..\uCOS-III\Source\os_tick.c 0x00000000   Number         0  os_tick.o ABSOLUTE
    ..\..\..\..\..\uCOS-III\Source\os_time.c 0x00000000   Number         0  os_time.o ABSOLUTE
    ..\..\..\..\..\uCOS-III\Source\os_tmr.c  0x00000000   Number         0  os_tmr.o ABSOLUTE
    ..\..\..\..\..\uCOS-III\Source\os_var.c  0x00000000   Number         0  os_var.o ABSOLUTE
    ..\..\BSP\KeilMDK\cstartup.s             0x00000000   Number         0  cstartup.o ABSOLUTE
    ..\..\BSP\cpu_bsp.c                      0x00000000   Number         0  cpu_bsp.o ABSOLUTE
    ..\app.c                                 0x00000000   Number         0  app.o ABSOLUTE
    ..\os_app_hooks.c                        0x00000000   Number         0  os_app_hooks.o ABSOLUTE
    cpu.c                                    0x00000000   Number         0  cpu.o ABSOLUTE
    cpu.c                                    0x00000000   Number         0  cpu.o ABSOLUTE
    dc.s                                     0x00000000   Number         0  dc.o ABSOLUTE
    gpio.c                                   0x00000000   Number         0  gpio.o ABSOLUTE
    handlers.s                               0x00000000   Number         0  handlers.o ABSOLUTE
    init.s                                   0x00000000   Number         0  init.o ABSOLUTE
    interrupt.c                              0x00000000   Number         0  interrupt.o ABSOLUTE
    sysctl.c                                 0x00000000   Number         0  sysctl.o ABSOLUTE
    sysctl.c                                 0x00000000   Number         0  sysctl.o ABSOLUTE
    .ARM.Collect$$$$00000000                 0x0000026c   Section        0  entry.o(.ARM.Collect$$$$00000000)
    .ARM.Collect$$$$00000001                 0x0000026c   Section        4  entry2.o(.ARM.Collect$$$$00000001)
    .ARM.Collect$$$$00000004                 0x00000270   Section        4  entry5.o(.ARM.Collect$$$$00000004)
    .ARM.Collect$$$$00000008                 0x00000274   Section        0  entry7b.o(.ARM.Collect$$$$00000008)
    .ARM.Collect$$$$0000000A                 0x00000274   Section        0  entry8b.o(.ARM.Collect$$$$0000000A)
    .ARM.Collect$$$$0000000B                 0x00000274   Section        8  entry9a.o(.ARM.Collect$$$$0000000B)
    .ARM.Collect$$$$0000000D                 0x0000027c   Section        0  entry10a.o(.ARM.Collect$$$$0000000D)
    .ARM.Collect$$$$0000000F                 0x0000027c   Section        0  entry11a.o(.ARM.Collect$$$$0000000F)
    .ARM.Collect$$$$00002712                 0x0000027c   Section        4  entry2.o(.ARM.Collect$$$$00002712)
    __lit__00000000                          0x0000027c   Data           4  entry2.o(.ARM.Collect$$$$00002712)
    .emb_text                                0x00000280   Section        6  sysctl.o(.emb_text)
    $v0                                      0x00000280   Number         0  sysctl.o(.emb_text)
    .text                                    0x00000288   Section        0  app.o(.text)
    BlinkBlueTask                            0x00000289   Thumb Code    50  app.o(.text)
    BlinkRedTask                             0x000002bb   Thumb Code    50  app.o(.text)
    AppTaskCreate                            0x00000371   Thumb Code   100  app.o(.text)
    .text                                    0x00000420   Section       90  cstartup.o(.text)
    $v0                                      0x00000420   Number         0  cstartup.o(.text)
    .text                                    0x0000047c   Section        0  cpu_bsp.o(.text)
    .text                                    0x000004d4   Section        0  cpu_core.o(.text)
    .text                                    0x00000690   Section       52  cpu_a.o(.text)
    $v0                                      0x00000690   Number         0  cpu_a.o(.text)
    .text                                    0x000006c4   Section        0  lib_ascii.o(.text)
    .text                                    0x00000820   Section        0  lib_mem.o(.text)
    Mem_SegAlloc                             0x000009a1   Thumb Code    52  lib_mem.o(.text)
    Mem_SegCalcTotSize                       0x000009d5   Thumb Code   108  lib_mem.o(.text)
    Mem_PoolBlkIsValidAddr                   0x00000f99   Thumb Code    70  lib_mem.o(.text)
    .text                                    0x0000116c   Section        0  lib_str.o(.text)
    Str_FmtNbr_Int32                         0x00001409   Thumb Code   344  lib_str.o(.text)
    Str_ParseNbr_Int32                       0x000015a1   Thumb Code   314  lib_str.o(.text)
    .text                                    0x00001714   Section      544  lib_mem_a.o(.text)
    $v0                                      0x00001714   Number         0  lib_mem_a.o(.text)
    .text                                    0x00001934   Section        0  os_cfg_app.o(.text)
    .text                                    0x00001938   Section        0  os_core.o(.text)
    .text                                    0x000022a6   Section        0  os_dbg.o(.text)
    .text                                    0x000022a8   Section        0  os_flag.o(.text)
    .text                                    0x00002708   Section        0  os_mem.o(.text)
    .text                                    0x0000285c   Section        0  os_msg.o(.text)
    .text                                    0x000029dc   Section        0  os_mutex.o(.text)
    .text                                    0x00002e94   Section        0  os_prio.o(.text)
    .text                                    0x00002f00   Section        0  os_sem.o(.text)
    .text                                    0x000032d0   Section        0  os_stat.o(.text)
    .text                                    0x00003674   Section        0  os_task.o(.text)
    .text                                    0x00004138   Section        0  os_tick.o(.text)
    OS_TickListUpdateTimeout                 0x00004305   Thumb Code   164  os_tick.o(.text)
    OS_TickListUpdateDly                     0x000043a9   Thumb Code   116  os_tick.o(.text)
    .text                                    0x00004460   Section        0  os_time.o(.text)
    .text                                    0x00004660   Section        0  os_tmr.o(.text)
    OS_TmrUnlock                             0x00004b01   Thumb Code    14  os_tmr.o(.text)
    OS_TmrLock                               0x00004b0f   Thumb Code    20  os_tmr.o(.text)
    .text                                    0x00004b4c   Section        0  os_cpu_c.o(.text)
    .text                                    0x00004e34   Section        0  uldiv.o(.text)
    .text                                    0x00004e96   Section        0  llshl.o(.text)
    .text                                    0x00004eb4   Section        0  llushr.o(.text)
    .text                                    0x00004ed4   Section       36  init.o(.text)
    CODE                                     0x00004ef8   Section      268  os_cpu_a.o(CODE)
    $v0                                      0x00004ef8   Number         0  os_cpu_a.o(CODE)
    i.GPIODirModeSet                         0x00005004   Section        0  gpio.o(i.GPIODirModeSet)
    i.GPIOPadConfigSet                       0x0000502c   Section        0  gpio.o(i.GPIOPadConfigSet)
    i.GPIOPinRead                            0x00005164   Section        0  gpio.o(i.GPIOPinRead)
    i.GPIOPinTypeGPIOInput                   0x0000516a   Section        0  gpio.o(i.GPIOPinTypeGPIOInput)
    i.GPIOPinTypeGPIOOutput                  0x00005186   Section        0  gpio.o(i.GPIOPinTypeGPIOOutput)
    i.GPIOPinWrite                           0x000051a2   Section        0  gpio.o(i.GPIOPinWrite)
    i.SysCtlClockGet                         0x000051a8   Section        0  sysctl.o(i.SysCtlClockGet)
    i.SysCtlClockSet                         0x000052fc   Section        0  sysctl.o(i.SysCtlClockSet)
    i.SysCtlPeripheralEnable                 0x0000541c   Section        0  sysctl.o(i.SysCtlPeripheralEnable)
    i.SysCtlPeripheralReady                  0x00005444   Section        0  sysctl.o(i.SysCtlPeripheralReady)
    i.__scatterload_copy                     0x00005470   Section       14  handlers.o(i.__scatterload_copy)
    i.__scatterload_null                     0x0000547e   Section        2  handlers.o(i.__scatterload_null)
    i.__scatterload_zeroinit                 0x00005480   Section       14  handlers.o(i.__scatterload_zeroinit)
    .constdata                               0x0000548e   Section      256  cpu_core.o(.constdata)
    CPU_CntLeadZerosTbl                      0x0000548e   Data         256  cpu_core.o(.constdata)
    .constdata                               0x00005590   Section      148  lib_str.o(.constdata)
    Str_MultOvfThTbl_Int32U                  0x00005590   Data         148  lib_str.o(.constdata)
    .constdata                               0x00005624   Section        4  os_cfg_app.o(.constdata)
    .constdata                               0x00005628   Section        4  os_cfg_app.o(.constdata)
    .constdata                               0x0000562c   Section        4  os_cfg_app.o(.constdata)
    .constdata                               0x00005630   Section        4  os_cfg_app.o(.constdata)
    .constdata                               0x00005634   Section        4  os_cfg_app.o(.constdata)
    .constdata                               0x00005638   Section        2  os_cfg_app.o(.constdata)
    .constdata                               0x0000563c   Section        4  os_cfg_app.o(.constdata)
    .constdata                               0x00005640   Section        1  os_cfg_app.o(.constdata)
    .constdata                               0x00005644   Section        4  os_cfg_app.o(.constdata)
    .constdata                               0x00005648   Section        4  os_cfg_app.o(.constdata)
    .constdata                               0x0000564c   Section        4  os_cfg_app.o(.constdata)
    .constdata                               0x00005650   Section        4  os_cfg_app.o(.constdata)
    .constdata                               0x00005654   Section        4  os_cfg_app.o(.constdata)
    .constdata                               0x00005658   Section        4  os_cfg_app.o(.constdata)
    .constdata                               0x0000565c   Section        1  os_cfg_app.o(.constdata)
    .constdata                               0x00005660   Section        4  os_cfg_app.o(.constdata)
    .constdata                               0x00005664   Section        4  os_cfg_app.o(.constdata)
    .constdata                               0x00005668   Section        4  os_cfg_app.o(.constdata)
    .constdata                               0x0000566c   Section        1  os_cfg_app.o(.constdata)
    .constdata                               0x00005670   Section        4  os_cfg_app.o(.constdata)
    .constdata                               0x00005674   Section        4  os_cfg_app.o(.constdata)
    .constdata                               0x00005678   Section        4  os_cfg_app.o(.constdata)
    .constdata                               0x0000567c   Section        4  os_cfg_app.o(.constdata)
    .constdata                               0x00005680   Section      596  sysctl.o(.constdata)
    g_pui32VCOFrequencies                    0x00005680   Data           8  sysctl.o(.constdata)
    g_pui32Xtals                             0x00005688   Data         108  sysctl.o(.constdata)
    g_pppui32XTALtoVCO                       0x000056f4   Data         432  sysctl.o(.constdata)
    g_sXTALtoMEMTIM                          0x000058a4   Data          48  sysctl.o(.constdata)
    .data                                    0x20000000   Section        4  cpu_core.o(.data)
    .data                                    0x20000004   Section        4  lib_mem.o(.data)
    .data                                    0x20000008   Section        4  os_prio.o(.data)
    .data                                    0x2000000c   Section        4  os_var.o(.data)
    .data                                    0x20000010   Section        4  os_var.o(.data)
    .data                                    0x20000014   Section        4  os_var.o(.data)
    .data                                    0x20000018   Section        4  os_var.o(.data)
    .data                                    0x2000001c   Section        4  os_var.o(.data)
    .data                                    0x20000020   Section        4  os_var.o(.data)
    .data                                    0x20000024   Section        4  os_var.o(.data)
    .data                                    0x20000028   Section        4  os_var.o(.data)
    .data                                    0x2000002c   Section        1  os_var.o(.data)
    .data                                    0x2000002d   Section        1  os_var.o(.data)
    .data                                    0x20000030   Section        4  os_var.o(.data)
    .data                                    0x20000034   Section        2  os_var.o(.data)
    .data                                    0x20000038   Section        4  os_var.o(.data)
    .data                                    0x2000003c   Section        2  os_var.o(.data)
    .data                                    0x20000040   Section        4  os_var.o(.data)
    .data                                    0x20000044   Section        2  os_var.o(.data)
    .data                                    0x20000046   Section        1  os_var.o(.data)
    .data                                    0x20000047   Section        1  os_var.o(.data)
    .data                                    0x20000048   Section        1  os_var.o(.data)
    .data                                    0x2000004c   Section        4  os_var.o(.data)
    .data                                    0x20000050   Section        4  os_var.o(.data)
    .data                                    0x20000054   Section        4  os_var.o(.data)
    .data                                    0x20000058   Section        1  os_var.o(.data)
    .data                                    0x2000005c   Section        4  os_var.o(.data)
    .data                                    0x20000060   Section        2  os_var.o(.data)
    .data                                    0x20000062   Section        1  os_var.o(.data)
    .data                                    0x20000064   Section        2  os_var.o(.data)
    .data                                    0x20000066   Section        2  os_var.o(.data)
    .data                                    0x20000068   Section        4  os_var.o(.data)
    .data                                    0x2000006c   Section        4  os_var.o(.data)
    .data                                    0x20000070   Section        4  os_var.o(.data)
    .data                                    0x20000074   Section        1  os_var.o(.data)
    .data                                    0x20000078   Section        4  os_var.o(.data)
    .data                                    0x2000007c   Section        4  os_var.o(.data)
    .data                                    0x20000080   Section        4  os_var.o(.data)
    .data                                    0x20000084   Section        2  os_var.o(.data)
    .data                                    0x20000086   Section        1  os_var.o(.data)
    .data                                    0x20000088   Section        4  os_var.o(.data)
    .data                                    0x2000008c   Section        4  os_var.o(.data)
    .data                                    0x20000090   Section        8  os_var.o(.data)
    .data                                    0x20000098   Section        8  os_var.o(.data)
    .data                                    0x200000a0   Section        4  os_var.o(.data)
    .data                                    0x200000a4   Section        2  os_var.o(.data)
    .data                                    0x200000a8   Section        4  os_var.o(.data)
    .data                                    0x200000ac   Section        2  os_var.o(.data)
    .data                                    0x200000b0   Section        4  os_var.o(.data)
    .data                                    0x200000b4   Section        4  os_var.o(.data)
    .data                                    0x200000b8   Section        4  os_var.o(.data)
    .data                                    0x200000bc   Section        4  os_var.o(.data)
    .data                                    0x200000c0   Section        4  os_var.o(.data)
    .data                                    0x200000c4   Section        4  os_var.o(.data)
    .data                                    0x200000c8   Section        4  os_cpu_c.o(.data)
    .bss                                     0x200000cc   Section     2416  app.o(.bss)
    BlinkRedTaskStk                          0x200000cc   Data        1024  app.o(.bss)
    BlinkRedTaskTCB                          0x200004cc   Data         184  app.o(.bss)
    BlinkBlueTaskStk                         0x20000584   Data        1024  app.o(.bss)
    BlinkBlueTaskTCB                         0x20000984   Data         184  app.o(.bss)
    .bss                                     0x20000a3c   Section       16  cpu_core.o(.bss)
    .bss                                     0x20000a4c   Section     1096  lib_mem.o(.bss)
    .bss                                     0x20000e94   Section      512  os_cfg_app.o(.bss)
    .bss                                     0x20001094   Section      400  os_cfg_app.o(.bss)
    .bss                                     0x20001224   Section     1600  os_cfg_app.o(.bss)
    .bss                                     0x20001864   Section      400  os_cfg_app.o(.bss)
    .bss                                     0x200019f4   Section      400  os_cfg_app.o(.bss)
    .bss                                     0x20001b84   Section      400  os_cfg_app.o(.bss)
    .bss                                     0x20001d14   Section      184  os_var.o(.bss)
    .bss                                     0x20001dcc   Section       12  os_var.o(.bss)
    .bss                                     0x20001dd8   Section      384  os_var.o(.bss)
    .bss                                     0x20001f58   Section      184  os_var.o(.bss)
    .bss                                     0x20002010   Section      184  os_var.o(.bss)
    .bss                                     0x200020c8   Section       44  os_var.o(.bss)
    .bss                                     0x200020f4   Section      184  os_var.o(.bss)
    STACK                                    0x200021b0   Section      512  cstartup.o(STACK)

    Global Symbols

    Symbol Name                              Value     Ov Type        Size  Object(Section)

    BuildAttributes$$THM_ISAv4$E$P$D$K$B$S$7EM$VFPi3$EXTD16$VFPS$VFMA$PE$A:L22UL41UL21$X:L11$S22US41US21$IEEE1$IW$USESV6$~STKCKD$USESV7$~SHL$OTIME$EBA8$MICROLIB$REQ8$PRES8$EABIv2 0x00000000   Number         0  anon$$obj.o ABSOLUTE
    __ARM_use_no_argv                        0x00000000   Number         0  app.o ABSOLUTE
    __Vectors                                0x00000000   Data           4  cstartup.o(RESET)
    __cpp_initialize__aeabi_                  - Undefined Weak Reference
    __cxa_finalize                            - Undefined Weak Reference
    __decompress                              - Undefined Weak Reference
    _clock_init                               - Undefined Weak Reference
    _microlib_exit                            - Undefined Weak Reference
    __Vectors_End                            0x0000026c   Data           0  cstartup.o(RESET)
    __Vectors_Size                           0x0000026c   Number         0  cstartup.o ABSOLUTE
    __main                                   0x0000026d   Thumb Code     0  entry.o(.ARM.Collect$$$$00000000)
    _main_stk                                0x0000026d   Thumb Code     0  entry2.o(.ARM.Collect$$$$00000001)
    _main_scatterload                        0x00000271   Thumb Code     0  entry5.o(.ARM.Collect$$$$00000004)
    __main_after_scatterload                 0x00000275   Thumb Code     0  entry5.o(.ARM.Collect$$$$00000004)
    _main_clock                              0x00000275   Thumb Code     0  entry7b.o(.ARM.Collect$$$$00000008)
    _main_cpp_init                           0x00000275   Thumb Code     0  entry8b.o(.ARM.Collect$$$$0000000A)
    _main_init                               0x00000275   Thumb Code     0  entry9a.o(.ARM.Collect$$$$0000000B)
    __rt_final_cpp                           0x0000027d   Thumb Code     0  entry10a.o(.ARM.Collect$$$$0000000D)
    __rt_final_exit                          0x0000027d   Thumb Code     0  entry11a.o(.ARM.Collect$$$$0000000F)
    SysCtlDelay                              0x00000281   Thumb Code     6  sysctl.o(.emb_text)
    InitGPIOPortF                            0x000002ed   Thumb Code    74  app.o(.text)
    main                                     0x00000337   Thumb Code    58  app.o(.text)
    Reset_Handler                            0x00000421   Thumb Code    36  cstartup.o(.text)
    App_NMI_ISR                              0x00000445   Thumb Code     2  cstartup.o(.text)
    App_Fault_ISR                            0x00000447   Thumb Code     2  cstartup.o(.text)
    App_MemFault_ISR                         0x00000449   Thumb Code     2  cstartup.o(.text)
    App_BusFault_ISR                         0x0000044b   Thumb Code     2  cstartup.o(.text)
    App_UsageFault_ISR                       0x0000044d   Thumb Code     2  cstartup.o(.text)
    App_Spurious_ISR                         0x0000044f   Thumb Code     2  cstartup.o(.text)
    App_Reserved_ISR                         0x00000451   Thumb Code     2  cstartup.o(.text)
    ADC0Seq0_Handler                         0x00000453   Thumb Code     0  cstartup.o(.text)
    ADC0Seq1_Handler                         0x00000453   Thumb Code     0  cstartup.o(.text)
    ADC0Seq2_Handler                         0x00000453   Thumb Code     0  cstartup.o(.text)
    ADC0Seq3_Handler                         0x00000453   Thumb Code     0  cstartup.o(.text)
    ADC1Seq0_Handler                         0x00000453   Thumb Code     0  cstartup.o(.text)
    ADC1Seq1_Handler                         0x00000453   Thumb Code     0  cstartup.o(.text)
    ADC1Seq2_Handler                         0x00000453   Thumb Code     0  cstartup.o(.text)
    ADC1Seq3_Handler                         0x00000453   Thumb Code     0  cstartup.o(.text)
    CAN0_Handler                             0x00000453   Thumb Code     0  cstartup.o(.text)
    CAN1_Handler                             0x00000453   Thumb Code     0  cstartup.o(.text)
    CAN2_Handler                             0x00000453   Thumb Code     0  cstartup.o(.text)
    Comp0_Handler                            0x00000453   Thumb Code     0  cstartup.o(.text)
    Comp1_Handler                            0x00000453   Thumb Code     0  cstartup.o(.text)
    Comp2_Handler                            0x00000453   Thumb Code     0  cstartup.o(.text)
    Ethernet_Handler                         0x00000453   Thumb Code     0  cstartup.o(.text)
    ExtBus_Handler                           0x00000453   Thumb Code     0  cstartup.o(.text)
    FPU_Handler                              0x00000453   Thumb Code     0  cstartup.o(.text)
    Fan0_Handler                             0x00000453   Thumb Code     0  cstartup.o(.text)
    FlashCtl_Handler                         0x00000453   Thumb Code     0  cstartup.o(.text)
    GPIOPortA_Handler                        0x00000453   Thumb Code     0  cstartup.o(.text)
    GPIOPortB_Handler                        0x00000453   Thumb Code     0  cstartup.o(.text)
    GPIOPortC_Handler                        0x00000453   Thumb Code     0  cstartup.o(.text)
    GPIOPortD_Handler                        0x00000453   Thumb Code     0  cstartup.o(.text)
    GPIOPortE_Handler                        0x00000453   Thumb Code     0  cstartup.o(.text)
    GPIOPortF_Handler                        0x00000453   Thumb Code     0  cstartup.o(.text)
    GPIOPortG_Handler                        0x00000453   Thumb Code     0  cstartup.o(.text)
    GPIOPortH_Handler                        0x00000453   Thumb Code     0  cstartup.o(.text)
    GPIOPortJ_Handler                        0x00000453   Thumb Code     0  cstartup.o(.text)
    GPIOPortK_Handler                        0x00000453   Thumb Code     0  cstartup.o(.text)
    GPIOPortL_Handler                        0x00000453   Thumb Code     0  cstartup.o(.text)
    GPIOPortM_Handler                        0x00000453   Thumb Code     0  cstartup.o(.text)
    GPIOPortN_Handler                        0x00000453   Thumb Code     0  cstartup.o(.text)
    GPIOPortP1_Handler                       0x00000453   Thumb Code     0  cstartup.o(.text)
    GPIOPortP2_Handler                       0x00000453   Thumb Code     0  cstartup.o(.text)
    GPIOPortP3_Handler                       0x00000453   Thumb Code     0  cstartup.o(.text)
    GPIOPortP4_Handler                       0x00000453   Thumb Code     0  cstartup.o(.text)
    GPIOPortP5_Handler                       0x00000453   Thumb Code     0  cstartup.o(.text)
    GPIOPortP6_Handler                       0x00000453   Thumb Code     0  cstartup.o(.text)
    GPIOPortP7_Handler                       0x00000453   Thumb Code     0  cstartup.o(.text)
    GPIOPortP_Handler                        0x00000453   Thumb Code     0  cstartup.o(.text)
    GPIOPortQ1_Handler                       0x00000453   Thumb Code     0  cstartup.o(.text)
    GPIOPortQ2_Handler                       0x00000453   Thumb Code     0  cstartup.o(.text)
    GPIOPortQ3_Handler                       0x00000453   Thumb Code     0  cstartup.o(.text)
    GPIOPortQ4_Handler                       0x00000453   Thumb Code     0  cstartup.o(.text)
    GPIOPortQ5_Handler                       0x00000453   Thumb Code     0  cstartup.o(.text)
    GPIOPortQ6_Handler                       0x00000453   Thumb Code     0  cstartup.o(.text)
    GPIOPortQ7_Handler                       0x00000453   Thumb Code     0  cstartup.o(.text)
    GPIOPortQ_Handler                        0x00000453   Thumb Code     0  cstartup.o(.text)
    GPIOPortR_Handler                        0x00000453   Thumb Code     0  cstartup.o(.text)
    GPIOPortS_Handler                        0x00000453   Thumb Code     0  cstartup.o(.text)
    Hibernate_Handler                        0x00000453   Thumb Code     0  cstartup.o(.text)
    I2C0_Handler                             0x00000453   Thumb Code     0  cstartup.o(.text)
    I2C1_Handler                             0x00000453   Thumb Code     0  cstartup.o(.text)
    I2C2_Handler                             0x00000453   Thumb Code     0  cstartup.o(.text)
    I2C3_Handler                             0x00000453   Thumb Code     0  cstartup.o(.text)
    I2C4_Handler                             0x00000453   Thumb Code     0  cstartup.o(.text)
    I2C5_Handler                             0x00000453   Thumb Code     0  cstartup.o(.text)
    I2S0_Handler                             0x00000453   Thumb Code     0  cstartup.o(.text)
    LPC0_Handler                             0x00000453   Thumb Code     0  cstartup.o(.text)
    PECI0_Handler                            0x00000453   Thumb Code     0  cstartup.o(.text)
    PWM0Fault_Handler                        0x00000453   Thumb Code     0  cstartup.o(.text)
    PWM0Generator0_Handler                   0x00000453   Thumb Code     0  cstartup.o(.text)
    PWM0Generator1_Handler                   0x00000453   Thumb Code     0  cstartup.o(.text)
    PWM0Generator2_Handler                   0x00000453   Thumb Code     0  cstartup.o(.text)
    PWM0Generator3_Handler                   0x00000453   Thumb Code     0  cstartup.o(.text)
    PWM1Fault_Handler                        0x00000453   Thumb Code     0  cstartup.o(.text)
    PWM1Generator0_Handler                   0x00000453   Thumb Code     0  cstartup.o(.text)
    PWM1Generator1_Handler                   0x00000453   Thumb Code     0  cstartup.o(.text)
    PWM1Generator2_Handler                   0x00000453   Thumb Code     0  cstartup.o(.text)
    PWM1Generator3_Handler                   0x00000453   Thumb Code     0  cstartup.o(.text)
    Quadrature0_Handler                      0x00000453   Thumb Code     0  cstartup.o(.text)
    Quadrature1_Handler                      0x00000453   Thumb Code     0  cstartup.o(.text)
    Quadrature2_Handler                      0x00000453   Thumb Code     0  cstartup.o(.text)
    SSI0_Handler                             0x00000453   Thumb Code     0  cstartup.o(.text)
    SSI1_Handler                             0x00000453   Thumb Code     0  cstartup.o(.text)
    SSI2_Handler                             0x00000453   Thumb Code     0  cstartup.o(.text)
    SSI3_Handler                             0x00000453   Thumb Code     0  cstartup.o(.text)
    SysCtl_Handler                           0x00000453   Thumb Code     0  cstartup.o(.text)
    Timer0A_Handler                          0x00000453   Thumb Code     0  cstartup.o(.text)
    Timer0B_Handler                          0x00000453   Thumb Code     0  cstartup.o(.text)
    Timer1A_Handler                          0x00000453   Thumb Code     0  cstartup.o(.text)
    Timer1B_Handler                          0x00000453   Thumb Code     0  cstartup.o(.text)
    Timer2A_Handler                          0x00000453   Thumb Code     0  cstartup.o(.text)
    Timer2B_Handler                          0x00000453   Thumb Code     0  cstartup.o(.text)
    Timer3A_Handler                          0x00000453   Thumb Code     0  cstartup.o(.text)
    Timer3B_Handler                          0x00000453   Thumb Code     0  cstartup.o(.text)
    Timer4A_Handler                          0x00000453   Thumb Code     0  cstartup.o(.text)
    Timer4B_Handler                          0x00000453   Thumb Code     0  cstartup.o(.text)
    Timer5A_Handler                          0x00000453   Thumb Code     0  cstartup.o(.text)
    Timer5B_Handler                          0x00000453   Thumb Code     0  cstartup.o(.text)
    UART0_Handler                            0x00000453   Thumb Code     0  cstartup.o(.text)
    UART1_Handler                            0x00000453   Thumb Code     0  cstartup.o(.text)
    UART2_Handler                            0x00000453   Thumb Code     0  cstartup.o(.text)
    UART3_Handler                            0x00000453   Thumb Code     0  cstartup.o(.text)
    UART4_Handler                            0x00000453   Thumb Code     0  cstartup.o(.text)
    UART5_Handler                            0x00000453   Thumb Code     0  cstartup.o(.text)
    UART6_Handler                            0x00000453   Thumb Code     0  cstartup.o(.text)
    UART7_Handler                            0x00000453   Thumb Code     0  cstartup.o(.text)
    USB0_Handler                             0x00000453   Thumb Code     0  cstartup.o(.text)
    WDT_Handler                              0x00000453   Thumb Code     0  cstartup.o(.text)
    WideTimer0A_Handler                      0x00000453   Thumb Code     0  cstartup.o(.text)
    WideTimer0B_Handler                      0x00000453   Thumb Code     0  cstartup.o(.text)
    WideTimer1A_Handler                      0x00000453   Thumb Code     0  cstartup.o(.text)
    WideTimer1B_Handler                      0x00000453   Thumb Code     0  cstartup.o(.text)
    WideTimer2A_Handler                      0x00000453   Thumb Code     0  cstartup.o(.text)
    WideTimer2B_Handler                      0x00000453   Thumb Code     0  cstartup.o(.text)
    WideTimer3A_Handler                      0x00000453   Thumb Code     0  cstartup.o(.text)
    WideTimer3B_Handler                      0x00000453   Thumb Code     0  cstartup.o(.text)
    WideTimer4A_Handler                      0x00000453   Thumb Code     0  cstartup.o(.text)
    WideTimer4B_Handler                      0x00000453   Thumb Code     0  cstartup.o(.text)
    WideTimer5A_Handler                      0x00000453   Thumb Code     0  cstartup.o(.text)
    WideTimer5B_Handler                      0x00000453   Thumb Code     0  cstartup.o(.text)
    uDMA_Error                               0x00000453   Thumb Code     0  cstartup.o(.text)
    uDMA_Handler                             0x00000453   Thumb Code     0  cstartup.o(.text)
    DisableInterrupts                        0x00000461   Thumb Code     0  cstartup.o(.text)
    EnableInterrupts                         0x00000465   Thumb Code     0  cstartup.o(.text)
    StartCritical                            0x00000469   Thumb Code     0  cstartup.o(.text)
    EndCritical                              0x00000471   Thumb Code     0  cstartup.o(.text)
    WaitForInterrupt                         0x00000477   Thumb Code     0  cstartup.o(.text)
    CPU_TS_TmrInit                           0x0000047d   Thumb Code    38  cpu_bsp.o(.text)
    CPU_TS_TmrRd                             0x000004a3   Thumb Code     6  cpu_bsp.o(.text)
    CPU_TS32_to_uSec                         0x000004a9   Thumb Code    32  cpu_bsp.o(.text)
    CPU_NameClr                              0x000004d5   Thumb Code    26  cpu_core.o(.text)
    CPU_Init                                 0x000004ef   Thumb Code    18  cpu_core.o(.text)
    CPU_SW_Exception                         0x00000501   Thumb Code     2  cpu_core.o(.text)
    CPU_NameGet                              0x00000503   Thumb Code    46  cpu_core.o(.text)
    CPU_NameSet                              0x00000531   Thumb Code    62  cpu_core.o(.text)
    CPU_TS_Get32                             0x0000056f   Thumb Code     4  cpu_core.o(.text)
    CPU_TS_Update                            0x00000573   Thumb Code     2  cpu_core.o(.text)
    CPU_TS_TmrFreqGet                        0x00000575   Thumb Code    24  cpu_core.o(.text)
    CPU_TS_TmrFreqSet                        0x0000058d   Thumb Code     6  cpu_core.o(.text)
    CPU_CntLeadZeros08                       0x00000593   Thumb Code    10  cpu_core.o(.text)
    CPU_CntLeadZeros16                       0x0000059d   Thumb Code    10  cpu_core.o(.text)
    CPU_CntLeadZeros32                       0x000005a7   Thumb Code     4  cpu_core.o(.text)
    CPU_CntLeadZeros64                       0x000005ab   Thumb Code   152  cpu_core.o(.text)
    CPU_CntTrailZeros08                      0x00000643   Thumb Code    10  cpu_core.o(.text)
    CPU_CntTrailZeros16                      0x0000064d   Thumb Code    10  cpu_core.o(.text)
    CPU_CntTrailZeros32                      0x00000657   Thumb Code    10  cpu_core.o(.text)
    CPU_CntTrailZeros64                      0x00000661   Thumb Code    36  cpu_core.o(.text)
    CPU_IntDis                               0x00000691   Thumb Code     0  cpu_a.o(.text)
    CPU_IntEn                                0x00000695   Thumb Code     0  cpu_a.o(.text)
    CPU_SR_Save                              0x00000699   Thumb Code     0  cpu_a.o(.text)
    CPU_SR_Restore                           0x000006a1   Thumb Code     0  cpu_a.o(.text)
    CPU_WaitForInt                           0x000006a7   Thumb Code     0  cpu_a.o(.text)
    CPU_WaitForExcept                        0x000006ab   Thumb Code     0  cpu_a.o(.text)
    CPU_CntLeadZeros                         0x000006af   Thumb Code     0  cpu_a.o(.text)
    CPU_CntTrailZeros                        0x000006b5   Thumb Code     0  cpu_a.o(.text)
    CPU_RevBits                              0x000006bf   Thumb Code     0  cpu_a.o(.text)
    ASCII_IsAlpha                            0x000006c5   Thumb Code    22  lib_ascii.o(.text)
    ASCII_IsAlphaNum                         0x000006db   Thumb Code    28  lib_ascii.o(.text)
    ASCII_IsLower                            0x000006f7   Thumb Code    14  lib_ascii.o(.text)
    ASCII_IsUpper                            0x00000705   Thumb Code    14  lib_ascii.o(.text)
    ASCII_IsDig                              0x00000713   Thumb Code    14  lib_ascii.o(.text)
    ASCII_IsDigOct                           0x00000721   Thumb Code    14  lib_ascii.o(.text)
    ASCII_IsDigHex                           0x0000072f   Thumb Code    28  lib_ascii.o(.text)
    ASCII_IsBlank                            0x0000074b   Thumb Code    16  lib_ascii.o(.text)
    ASCII_IsSpace                            0x0000075b   Thumb Code    32  lib_ascii.o(.text)
    ASCII_IsPrint                            0x0000077b   Thumb Code    14  lib_ascii.o(.text)
    ASCII_IsGraph                            0x00000789   Thumb Code    14  lib_ascii.o(.text)
    ASCII_IsPunct                            0x00000797   Thumb Code    58  lib_ascii.o(.text)
    ASCII_IsCtrl                             0x000007d1   Thumb Code    22  lib_ascii.o(.text)
    ASCII_ToLower                            0x000007e7   Thumb Code    14  lib_ascii.o(.text)
    ASCII_ToUpper                            0x000007f5   Thumb Code    14  lib_ascii.o(.text)
    ASCII_Cmp                                0x00000803   Thumb Code    28  lib_ascii.o(.text)
    Mem_Init                                 0x00000821   Thumb Code    54  lib_mem.o(.text)
    Mem_Set                                  0x00000857   Thumb Code    70  lib_mem.o(.text)
    Mem_Clr                                  0x0000089d   Thumb Code     6  lib_mem.o(.text)
    Mem_Move                                 0x000008a3   Thumb Code   128  lib_mem.o(.text)
    Mem_Cmp                                  0x00000923   Thumb Code   126  lib_mem.o(.text)
    Mem_HeapAlloc                            0x00000a41   Thumb Code   164  lib_mem.o(.text)
    Mem_SegGetSizeRem                        0x00000ae5   Thumb Code   114  lib_mem.o(.text)
    Mem_HeapGetSizeRem                       0x00000b57   Thumb Code     8  lib_mem.o(.text)
    Mem_PoolClr                              0x00000b5f   Thumb Code    68  lib_mem.o(.text)
    Mem_PoolCreate                           0x00000ba3   Thumb Code   722  lib_mem.o(.text)
    Mem_PoolBlkGetNbrAvail                   0x00000e75   Thumb Code    64  lib_mem.o(.text)
    Mem_PoolBlkGet                           0x00000eb5   Thumb Code   126  lib_mem.o(.text)
    Mem_PoolBlkGetUsedAtIx                   0x00000f33   Thumb Code   102  lib_mem.o(.text)
    Mem_PoolBlkFree                          0x00000fdf   Thumb Code   206  lib_mem.o(.text)
    Mem_PoolBlkIxGet                         0x000010ad   Thumb Code   186  lib_mem.o(.text)
    Str_Len_N                                0x0000116d   Thumb Code    22  lib_str.o(.text)
    Str_Len                                  0x00001183   Thumb Code     6  lib_str.o(.text)
    Str_Copy_N                               0x00001189   Thumb Code    48  lib_str.o(.text)
    Str_Copy                                 0x000011b9   Thumb Code     6  lib_str.o(.text)
    Str_Cat_N                                0x000011bf   Thumb Code    58  lib_str.o(.text)
    Str_Cat                                  0x000011f9   Thumb Code     6  lib_str.o(.text)
    Str_Cmp_N                                0x000011ff   Thumb Code    86  lib_str.o(.text)
    Str_Cmp                                  0x00001255   Thumb Code     6  lib_str.o(.text)
    Str_CmpIgnoreCase_N                      0x0000125b   Thumb Code   146  lib_str.o(.text)
    Str_CmpIgnoreCase                        0x000012ed   Thumb Code     6  lib_str.o(.text)
    Str_Char_N                               0x000012f3   Thumb Code    46  lib_str.o(.text)
    Str_Char                                 0x00001321   Thumb Code     8  lib_str.o(.text)
    Str_Char_Last_N                          0x00001329   Thumb Code    44  lib_str.o(.text)
    Str_Char_Last                            0x00001355   Thumb Code     8  lib_str.o(.text)
    Str_Char_Replace_N                       0x0000135d   Thumb Code    40  lib_str.o(.text)
    Str_Char_Replace                         0x00001385   Thumb Code     6  lib_str.o(.text)
    Str_Str_N                                0x0000138b   Thumb Code   120  lib_str.o(.text)
    Str_Str                                  0x00001403   Thumb Code     6  lib_str.o(.text)
    Str_FmtNbr_Int32U                        0x00001561   Thumb Code    24  lib_str.o(.text)
    Str_FmtNbr_Int32S                        0x00001579   Thumb Code    40  lib_str.o(.text)
    Str_ParseNbr_Int32U                      0x000016db   Thumb Code    12  lib_str.o(.text)
    Str_ParseNbr_Int32S                      0x000016e7   Thumb Code    42  lib_str.o(.text)
    Mem_Copy                                 0x00001715   Thumb Code     0  lib_mem_a.o(.text)
    OSCfg_Init                               0x00001935   Thumb Code     2  os_cfg_app.o(.text)
    OS_IdleTask                              0x00001939   Thumb Code    30  os_core.o(.text)
    OS_IdleTaskInit                          0x00001957   Thumb Code    62  os_core.o(.text)
    OS_RdyListInit                           0x00001995   Thumb Code    30  os_core.o(.text)
    OSInit                                   0x000019b3   Thumb Code   248  os_core.o(.text)
    OSIntEnter                               0x00001aab   Thumb Code    22  os_core.o(.text)
    OSIntExit                                0x00001ac1   Thumb Code   100  os_core.o(.text)
    OSSched                                  0x00001b25   Thumb Code    86  os_core.o(.text)
    OS_SchedLockTimeMeasStart                0x00001b7b   Thumb Code    20  os_core.o(.text)
    OSSchedLock                              0x00001b8f   Thumb Code    72  os_core.o(.text)
    OS_SchedLockTimeMeasStop                 0x00001bd7   Thumb Code    42  os_core.o(.text)
    OSSchedUnlock                            0x00001c01   Thumb Code    92  os_core.o(.text)
    OSStart                                  0x00001c5d   Thumb Code    62  os_core.o(.text)
    OSVersion                                0x00001c9b   Thumb Code    10  os_core.o(.text)
    OS_PendDbgNameAdd                        0x00001ca5   Thumb Code    46  os_core.o(.text)
    OS_PendListInsertPrio                    0x00001cd3   Thumb Code   256  os_core.o(.text)
    OS_PendDataInit                          0x00001dd3   Thumb Code    48  os_core.o(.text)
    OS_RdyListRemove                         0x00001e03   Thumb Code    78  os_core.o(.text)
    OS_TaskBlock                             0x00001e51   Thumb Code    34  os_core.o(.text)
    OS_Pend                                  0x00001e73   Thumb Code    72  os_core.o(.text)
    OS_PendListRemove1                       0x00001ebb   Thumb Code    54  os_core.o(.text)
    OS_PendListRemove                        0x00001ef1   Thumb Code    38  os_core.o(.text)
    OS_PendAbort1                            0x00001f17   Thumb Code    32  os_core.o(.text)
    OS_RdyListInsertHead                     0x00001f37   Thumb Code    52  os_core.o(.text)
    OS_RdyListInsertTail                     0x00001f6b   Thumb Code    48  os_core.o(.text)
    OS_RdyListInsert                         0x00001f9b   Thumb Code    38  os_core.o(.text)
    OS_PendAbort                             0x00001fc1   Thumb Code   158  os_core.o(.text)
    OS_PendDbgNameRemove                     0x0000205f   Thumb Code    22  os_core.o(.text)
    OS_PendListChangePrio                    0x00002075   Thumb Code    50  os_core.o(.text)
    OS_PendListInit                          0x000020a7   Thumb Code    10  os_core.o(.text)
    OS_PendListInsertHead                    0x000020b1   Thumb Code    32  os_core.o(.text)
    OS_PendObjDel1                           0x000020d1   Thumb Code    32  os_core.o(.text)
    OS_PendObjDel                            0x000020f1   Thumb Code   148  os_core.o(.text)
    OS_Post1                                 0x00002185   Thumb Code    38  os_core.o(.text)
    OS_Post                                  0x000021ab   Thumb Code   200  os_core.o(.text)
    OS_RdyListMoveHeadToTail                 0x00002273   Thumb Code    52  os_core.o(.text)
    OS_Dbg_Init                              0x000022a7   Thumb Code     2  os_dbg.o(.text)
    OS_FlagDbgListAdd                        0x000022a9   Thumb Code    26  os_flag.o(.text)
    OSFlagCreate                             0x000022c3   Thumb Code    86  os_flag.o(.text)
    OS_FlagBlock                             0x00002319   Thumb Code    28  os_flag.o(.text)
    OSFlagPend                               0x00002335   Thumb Code   456  os_flag.o(.text)
    OSFlagPendGetFlagsRdy                    0x000024fd   Thumb Code    42  os_flag.o(.text)
    OS_FlagTaskRdy                           0x00002527   Thumb Code    76  os_flag.o(.text)
    OS_FlagPost                              0x00002573   Thumb Code   206  os_flag.o(.text)
    OSFlagPost                               0x00002641   Thumb Code   112  os_flag.o(.text)
    OS_FlagClr                               0x000026b1   Thumb Code    16  os_flag.o(.text)
    OS_FlagInit                              0x000026c1   Thumb Code    14  os_flag.o(.text)
    OS_FlagDbgListRemove                     0x000026cf   Thumb Code    36  os_flag.o(.text)
    OS_MemDbgListAdd                         0x00002709   Thumb Code    22  os_mem.o(.text)
    OSMemCreate                              0x0000271f   Thumb Code   158  os_mem.o(.text)
    OSMemGet                                 0x000027bd   Thumb Code    60  os_mem.o(.text)
    OSMemPut                                 0x000027f9   Thumb Code    70  os_mem.o(.text)
    OS_MemInit                               0x0000283f   Thumb Code    14  os_mem.o(.text)
    OS_MsgPoolInit                           0x0000285d   Thumb Code    94  os_msg.o(.text)
    OS_MsgQFreeAll                           0x000028bb   Thumb Code    48  os_msg.o(.text)
    OS_MsgQInit                              0x000028eb   Thumb Code    14  os_msg.o(.text)
    OS_MsgQGet                               0x000028f9   Thumb Code    82  os_msg.o(.text)
    OS_MsgQPut                               0x0000294b   Thumb Code   132  os_msg.o(.text)
    OS_MutexDbgListAdd                       0x000029dd   Thumb Code    26  os_mutex.o(.text)
    OSMutexCreate                            0x000029f7   Thumb Code    94  os_mutex.o(.text)
    OSMutexPend                              0x00002a55   Thumb Code   398  os_mutex.o(.text)
    OSMutexPendAbort                         0x00002be3   Thumb Code   284  os_mutex.o(.text)
    OSMutexPost                              0x00002cff   Thumb Code   312  os_mutex.o(.text)
    OS_MutexClr                              0x00002e37   Thumb Code    24  os_mutex.o(.text)
    OS_MutexDbgListRemove                    0x00002e4f   Thumb Code    36  os_mutex.o(.text)
    OS_MutexInit                             0x00002e73   Thumb Code    14  os_mutex.o(.text)
    OS_PrioInit                              0x00002e95   Thumb Code    16  os_prio.o(.text)
    OS_PrioGetHighest                        0x00002ea5   Thumb Code    32  os_prio.o(.text)
    OS_PrioInsert                            0x00002ec5   Thumb Code    28  os_prio.o(.text)
    OS_PrioRemove                            0x00002ee1   Thumb Code    28  os_prio.o(.text)
    OS_SemDbgListAdd                         0x00002f01   Thumb Code    26  os_sem.o(.text)
    OSSemCreate                              0x00002f1b   Thumb Code    86  os_sem.o(.text)
    OSSemPend                                0x00002f71   Thumb Code   292  os_sem.o(.text)
    OSSemPendAbort                           0x00003095   Thumb Code   172  os_sem.o(.text)
    OS_SemPost                               0x00003141   Thumb Code   132  os_sem.o(.text)
    OSSemPost                                0x000031c5   Thumb Code    78  os_sem.o(.text)
    OSSemSet                                 0x00003213   Thumb Code    78  os_sem.o(.text)
    OS_SemClr                                0x00003261   Thumb Code    22  os_sem.o(.text)
    OS_SemDbgListRemove                      0x00003277   Thumb Code    36  os_sem.o(.text)
    OS_SemInit                               0x0000329b   Thumb Code    14  os_sem.o(.text)
    OSStatReset                              0x000032d1   Thumb Code   116  os_stat.o(.text)
    OSStatTaskCPUUsageInit                   0x00003345   Thumb Code   126  os_stat.o(.text)
    OS_StatTask                              0x000033c3   Thumb Code   444  os_stat.o(.text)
    OS_StatTaskInit                          0x0000357f   Thumb Code   120  os_stat.o(.text)
    OSTaskChangePrio                         0x00003675   Thumb Code   176  os_task.o(.text)
    OS_TaskDbgListAdd                        0x00003725   Thumb Code    30  os_task.o(.text)
    OS_TaskInitTCB                           0x00003743   Thumb Code   160  os_task.o(.text)
    OSTaskCreate                             0x000037e3   Thumb Code   314  os_task.o(.text)
    OSTaskQFlush                             0x0000391d   Thumb Code    66  os_task.o(.text)
    OSTaskQPend                              0x0000395f   Thumb Code   354  os_task.o(.text)
    OS_TaskQPost                             0x00003ac1   Thumb Code   138  os_task.o(.text)
    OSTaskQPost                              0x00003b4b   Thumb Code    66  os_task.o(.text)
    OSTaskRegGet                             0x00003b8d   Thumb Code    42  os_task.o(.text)
    OSTaskRegGetID                           0x00003bb7   Thumb Code    42  os_task.o(.text)
    OSTaskRegSet                             0x00003be1   Thumb Code    40  os_task.o(.text)
    OS_TaskResume                            0x00003c09   Thumb Code   168  os_task.o(.text)
    OSTaskResume                             0x00003cb1   Thumb Code    60  os_task.o(.text)
    OSTaskSemPend                            0x00003ced   Thumb Code   276  os_task.o(.text)
    OSTaskSemPendAbort                       0x00003e01   Thumb Code   130  os_task.o(.text)
    OS_TaskSemPost                           0x00003e83   Thumb Code   166  os_task.o(.text)
    OSTaskSemPost                            0x00003f29   Thumb Code    44  os_task.o(.text)
    OSTaskSemSet                             0x00003f55   Thumb Code    52  os_task.o(.text)
    OSTaskStkChk                             0x00003f89   Thumb Code   136  os_task.o(.text)
    OS_TaskSuspend                           0x00004011   Thumb Code   144  os_task.o(.text)
    OSTaskSuspend                            0x000040a1   Thumb Code    28  os_task.o(.text)
    OS_TaskDbgListRemove                     0x000040bd   Thumb Code    50  os_task.o(.text)
    OS_TaskInit                              0x000040ef   Thumb Code    18  os_task.o(.text)
    OS_TaskReturn                            0x00004101   Thumb Code    24  os_task.o(.text)
    OS_TickTask                              0x00004139   Thumb Code    70  os_tick.o(.text)
    OS_TickTaskInit                          0x0000417f   Thumb Code   120  os_tick.o(.text)
    OS_TickListInsert                        0x000041f7   Thumb Code    94  os_tick.o(.text)
    OS_TickListInsertDly                     0x00004255   Thumb Code   110  os_tick.o(.text)
    OS_TickListRemove                        0x000042c3   Thumb Code    64  os_tick.o(.text)
    OS_TickListResetPeak                     0x00004303   Thumb Code     2  os_tick.o(.text)
    OSTimeDly                                0x00004461   Thumb Code   122  os_time.o(.text)
    OSTimeDlyHMSM                            0x000044db   Thumb Code   260  os_time.o(.text)
    OSTimeGet                                0x000045df   Thumb Code    24  os_time.o(.text)
    OSTimeSet                                0x000045f7   Thumb Code    24  os_time.o(.text)
    OSTimeTick                               0x0000460f   Thumb Code    44  os_time.o(.text)
    OS_TmrDbgListAdd                         0x00004661   Thumb Code    22  os_tmr.o(.text)
    OSTmrCreate                              0x00004677   Thumb Code   138  os_tmr.o(.text)
    OSTmrRemainGet                           0x00004701   Thumb Code   120  os_tmr.o(.text)
    OSTmrStart                               0x00004779   Thumb Code   154  os_tmr.o(.text)
    OSTmrStateGet                            0x00004813   Thumb Code    68  os_tmr.o(.text)
    OS_TmrUnlink                             0x00004857   Thumb Code    50  os_tmr.o(.text)
    OSTmrStop                                0x00004889   Thumb Code   162  os_tmr.o(.text)
    OS_TmrClr                                0x0000492b   Thumb Code    32  os_tmr.o(.text)
    OS_TmrDbgListRemove                      0x0000494b   Thumb Code    36  os_tmr.o(.text)
    OS_TmrTask                               0x0000496f   Thumb Code   138  os_tmr.o(.text)
    OS_TmrInit                               0x000049f9   Thumb Code   262  os_tmr.o(.text)
    OS_TmrResetPeak                          0x00004aff   Thumb Code     2  os_tmr.o(.text)
    OSIdleTaskHook                           0x00004b4d   Thumb Code    12  os_cpu_c.o(.text)
    OSInitHook                               0x00004b59   Thumb Code    22  os_cpu_c.o(.text)
    OSStatTaskHook                           0x00004b6f   Thumb Code    12  os_cpu_c.o(.text)
    OSTaskCreateHook                         0x00004b7b   Thumb Code    12  os_cpu_c.o(.text)
    OSTaskDelHook                            0x00004b87   Thumb Code    12  os_cpu_c.o(.text)
    OSTaskReturnHook                         0x00004b93   Thumb Code    12  os_cpu_c.o(.text)
    OSTaskStkInit                            0x00004b9f   Thumb Code   312  os_cpu_c.o(.text)
    OSTaskSwHook                             0x00004cd7   Thumb Code   104  os_cpu_c.o(.text)
    OSTimeTickHook                           0x00004d3f   Thumb Code    12  os_cpu_c.o(.text)
    OS_CPU_SysTickHandler                    0x00004d4b   Thumb Code    30  os_cpu_c.o(.text)
    OS_CPU_SysTickInit                       0x00004d69   Thumb Code    36  os_cpu_c.o(.text)
    __aeabi_uldivmod                         0x00004e35   Thumb Code    98  uldiv.o(.text)
    __aeabi_llsl                             0x00004e97   Thumb Code    30  llshl.o(.text)
    _ll_shift_l                              0x00004e97   Thumb Code     0  llshl.o(.text)
    __aeabi_llsr                             0x00004eb5   Thumb Code    32  llushr.o(.text)
    _ll_ushift_r                             0x00004eb5   Thumb Code     0  llushr.o(.text)
    __scatterload                            0x00004ed5   Thumb Code    28  init.o(.text)
    __scatterload_rt2                        0x00004ed5   Thumb Code     0  init.o(.text)
    OS_CPU_FP_Reg_Push                       0x00004ef9   Thumb Code     0  os_cpu_a.o(CODE)
    OS_CPU_FP_Reg_Pop                        0x00004f13   Thumb Code     0  os_cpu_a.o(CODE)
    OSStartHighRdy                           0x00004f25   Thumb Code     0  os_cpu_a.o(CODE)
    OSCtxSw                                  0x00004f95   Thumb Code     0  os_cpu_a.o(CODE)
    OSIntCtxSw                               0x00004f9f   Thumb Code     0  os_cpu_a.o(CODE)
    OS_CPU_PendSVHandler                     0x00004fa9   Thumb Code     0  os_cpu_a.o(CODE)
    GPIODirModeSet                           0x00005005   Thumb Code    40  gpio.o(i.GPIODirModeSet)
    GPIOPadConfigSet                         0x0000502d   Thumb Code   312  gpio.o(i.GPIOPadConfigSet)
    GPIOPinRead                              0x00005165   Thumb Code     6  gpio.o(i.GPIOPinRead)
    GPIOPinTypeGPIOInput                     0x0000516b   Thumb Code    28  gpio.o(i.GPIOPinTypeGPIOInput)
    GPIOPinTypeGPIOOutput                    0x00005187   Thumb Code    28  gpio.o(i.GPIOPinTypeGPIOOutput)
    GPIOPinWrite                             0x000051a3   Thumb Code     6  gpio.o(i.GPIOPinWrite)
    SysCtlClockGet                           0x000051a9   Thumb Code   304  sysctl.o(i.SysCtlClockGet)
    SysCtlClockSet                           0x000052fd   Thumb Code   270  sysctl.o(i.SysCtlClockSet)
    SysCtlPeripheralEnable                   0x0000541d   Thumb Code    36  sysctl.o(i.SysCtlPeripheralEnable)
    SysCtlPeripheralReady                    0x00005445   Thumb Code    40  sysctl.o(i.SysCtlPeripheralReady)
    __scatterload_copy                       0x00005471   Thumb Code    14  handlers.o(i.__scatterload_copy)
    __scatterload_null                       0x0000547f   Thumb Code     2  handlers.o(i.__scatterload_null)
    __scatterload_zeroinit                   0x00005481   Thumb Code    14  handlers.o(i.__scatterload_zeroinit)
    OSCfg_IdleTaskStkBasePtr                 0x00005624   Data           4  os_cfg_app.o(.constdata)
    OSCfg_IdleTaskStkLimit                   0x00005628   Data           4  os_cfg_app.o(.constdata)
    OSCfg_IdleTaskStkSize                    0x0000562c   Data           4  os_cfg_app.o(.constdata)
    OSCfg_ISRStkBasePtr                      0x00005630   Data           4  os_cfg_app.o(.constdata)
    OSCfg_ISRStkSize                         0x00005634   Data           4  os_cfg_app.o(.constdata)
    OSCfg_MsgPoolSize                        0x00005638   Data           2  os_cfg_app.o(.constdata)
    OSCfg_MsgPoolBasePtr                     0x0000563c   Data           4  os_cfg_app.o(.constdata)
    OSCfg_StatTaskPrio                       0x00005640   Data           1  os_cfg_app.o(.constdata)
    OSCfg_StatTaskRate_Hz                    0x00005644   Data           4  os_cfg_app.o(.constdata)
    OSCfg_StatTaskStkBasePtr                 0x00005648   Data           4  os_cfg_app.o(.constdata)
    OSCfg_StatTaskStkLimit                   0x0000564c   Data           4  os_cfg_app.o(.constdata)
    OSCfg_StatTaskStkSize                    0x00005650   Data           4  os_cfg_app.o(.constdata)
    OSCfg_StkSizeMin                         0x00005654   Data           4  os_cfg_app.o(.constdata)
    OSCfg_TickRate_Hz                        0x00005658   Data           4  os_cfg_app.o(.constdata)
    OSCfg_TickTaskPrio                       0x0000565c   Data           1  os_cfg_app.o(.constdata)
    OSCfg_TickTaskStkBasePtr                 0x00005660   Data           4  os_cfg_app.o(.constdata)
    OSCfg_TickTaskStkLimit                   0x00005664   Data           4  os_cfg_app.o(.constdata)
    OSCfg_TickTaskStkSize                    0x00005668   Data           4  os_cfg_app.o(.constdata)
    OSCfg_TmrTaskPrio                        0x0000566c   Data           1  os_cfg_app.o(.constdata)
    OSCfg_TmrTaskRate_Hz                     0x00005670   Data           4  os_cfg_app.o(.constdata)
    OSCfg_TmrTaskStkBasePtr                  0x00005674   Data           4  os_cfg_app.o(.constdata)
    OSCfg_TmrTaskStkLimit                    0x00005678   Data           4  os_cfg_app.o(.constdata)
    OSCfg_TmrTaskStkSize                     0x0000567c   Data           4  os_cfg_app.o(.constdata)
    Region$$Table$$Base                      0x000058d4   Number         0  anon$$obj.o(Region$$Table)
    Region$$Table$$Limit                     0x000058f4   Number         0  anon$$obj.o(Region$$Table)
    CPU_TS_TmrFreq_Hz                        0x20000000   Data           4  cpu_core.o(.data)
    Mem_PoolTbl                              0x20000004   Data           4  lib_mem.o(.data)
    OSPrioTbl                                0x20000008   Data           4  os_prio.o(.data)
    OS_AppTaskCreateHookPtr                  0x2000000c   Data           4  os_var.o(.data)
    OS_AppTaskDelHookPtr                     0x20000010   Data           4  os_var.o(.data)
    OS_AppTaskReturnHookPtr                  0x20000014   Data           4  os_var.o(.data)
    OS_AppIdleTaskHookPtr                    0x20000018   Data           4  os_var.o(.data)
    OS_AppStatTaskHookPtr                    0x2000001c   Data           4  os_var.o(.data)
    OS_AppTaskSwHookPtr                      0x20000020   Data           4  os_var.o(.data)
    OS_AppTimeTickHookPtr                    0x20000024   Data           4  os_var.o(.data)
    OSIdleTaskCtr                            0x20000028   Data           4  os_var.o(.data)
    OSIntNestingCtr                          0x2000002c   Data           1  os_var.o(.data)
    OSRunning                                0x2000002d   Data           1  os_var.o(.data)
    OSFlagDbgListPtr                         0x20000030   Data           4  os_var.o(.data)
    OSFlagQty                                0x20000034   Data           2  os_var.o(.data)
    OSMemDbgListPtr                          0x20000038   Data           4  os_var.o(.data)
    OSMemQty                                 0x2000003c   Data           2  os_var.o(.data)
    OSMutexDbgListPtr                        0x20000040   Data           4  os_var.o(.data)
    OSMutexQty                               0x20000044   Data           2  os_var.o(.data)
    OSPrioCur                                0x20000046   Data           1  os_var.o(.data)
    OSPrioHighRdy                            0x20000047   Data           1  os_var.o(.data)
    OSPrioSaved                              0x20000048   Data           1  os_var.o(.data)
    OSSchedLockTimeBegin                     0x2000004c   Data           4  os_var.o(.data)
    OSSchedLockTimeMax                       0x20000050   Data           4  os_var.o(.data)
    OSSchedLockTimeMaxCur                    0x20000054   Data           4  os_var.o(.data)
    OSSchedLockNestingCtr                    0x20000058   Data           1  os_var.o(.data)
    OSSemDbgListPtr                          0x2000005c   Data           4  os_var.o(.data)
    OSSemQty                                 0x20000060   Data           2  os_var.o(.data)
    OSStatResetFlag                          0x20000062   Data           1  os_var.o(.data)
    OSStatTaskCPUUsage                       0x20000064   Data           2  os_var.o(.data)
    OSStatTaskCPUUsageMax                    0x20000066   Data           2  os_var.o(.data)
    OSStatTaskCtr                            0x20000068   Data           4  os_var.o(.data)
    OSStatTaskCtrMax                         0x2000006c   Data           4  os_var.o(.data)
    OSStatTaskCtrRun                         0x20000070   Data           4  os_var.o(.data)
    OSStatTaskRdy                            0x20000074   Data           1  os_var.o(.data)
    OSStatTaskTimeMax                        0x20000078   Data           4  os_var.o(.data)
    OSTaskCtxSwCtr                           0x2000007c   Data           4  os_var.o(.data)
    OSTaskDbgListPtr                         0x20000080   Data           4  os_var.o(.data)
    OSTaskQty                                0x20000084   Data           2  os_var.o(.data)
    OSTaskRegNextAvailID                     0x20000086   Data           1  os_var.o(.data)
    OSTickCtr                                0x20000088   Data           4  os_var.o(.data)
    OSTickTaskTimeMax                        0x2000008c   Data           4  os_var.o(.data)
    OSTickListDly                            0x20000090   Data           8  os_var.o(.data)
    OSTickListTimeout                        0x20000098   Data           8  os_var.o(.data)
    OSTmrDbgListPtr                          0x200000a0   Data           4  os_var.o(.data)
    OSTmrListEntries                         0x200000a4   Data           2  os_var.o(.data)
    OSTmrListPtr                             0x200000a8   Data           4  os_var.o(.data)
    OSTmrQty                                 0x200000ac   Data           2  os_var.o(.data)
    OSTmrTaskTimeMax                         0x200000b0   Data           4  os_var.o(.data)
    OSTmrTickCtr                             0x200000b4   Data           4  os_var.o(.data)
    OSTmrUpdateCnt                           0x200000b8   Data           4  os_var.o(.data)
    OSTmrUpdateCtr                           0x200000bc   Data           4  os_var.o(.data)
    OSTCBCurPtr                              0x200000c0   Data           4  os_var.o(.data)
    OSTCBHighRdyPtr                          0x200000c4   Data           4  os_var.o(.data)
    OS_CPU_ExceptStkBase                     0x200000c8   Data           4  os_cpu_c.o(.data)
    CPU_Name                                 0x20000a3c   Data          16  cpu_core.o(.bss)
    Mem_PoolHeap                             0x20000a4c   Data          72  lib_mem.o(.bss)
    Mem_Heap                                 0x20000a94   Data        1024  lib_mem.o(.bss)
    OSCfg_IdleTaskStk                        0x20000e94   Data         512  os_cfg_app.o(.bss)
    OSCfg_ISRStk                             0x20001094   Data         400  os_cfg_app.o(.bss)
    OSCfg_MsgPool                            0x20001224   Data        1600  os_cfg_app.o(.bss)
    OSCfg_StatTaskStk                        0x20001864   Data         400  os_cfg_app.o(.bss)
    OSCfg_TickTaskStk                        0x200019f4   Data         400  os_cfg_app.o(.bss)
    OSCfg_TmrTaskStk                         0x20001b84   Data         400  os_cfg_app.o(.bss)
    OSIdleTaskTCB                            0x20001d14   Data         184  os_var.o(.bss)
    OSMsgPool                                0x20001dcc   Data          12  os_var.o(.bss)
    OSRdyList                                0x20001dd8   Data         384  os_var.o(.bss)
    OSStatTaskTCB                            0x20001f58   Data         184  os_var.o(.bss)
    OSTickTaskTCB                            0x20002010   Data         184  os_var.o(.bss)
    OSTmrMutex                               0x200020c8   Data          44  os_var.o(.bss)
    OSTmrTaskTCB                             0x200020f4   Data         184  os_var.o(.bss)
    __initial_sp                             0x200023b0   Data           0  cstartup.o(STACK)



==============================================================================

Memory Map of the image

  Image Entry point : 0x0000026d

  Load Region LR_IROM1 (Base: 0x00000000, Size: 0x000059c0, Max: 0x00040000, ABSOLUTE)

    Execution Region ER_IROM1 (Exec base: 0x00000000, Load base: 0x00000000, Size: 0x000058f4, Max: 0x00040000, ABSOLUTE)

    Exec Addr    Load Addr    Size         Type   Attr      Idx    E Section Name        Object

    0x00000000   0x00000000   0x0000026c   Data   RO          113    RESET               cstartup.o
    0x0000026c   0x0000026c   0x00000000   Code   RO         1427  * .ARM.Collect$$$$00000000  mc_w.l(entry.o)
    0x0000026c   0x0000026c   0x00000004   Code   RO         1432    .ARM.Collect$$$$00000001  mc_w.l(entry2.o)
    0x00000270   0x00000270   0x00000004   Code   RO         1435    .ARM.Collect$$$$00000004  mc_w.l(entry5.o)
    0x00000274   0x00000274   0x00000000   Code   RO         1437    .ARM.Collect$$$$00000008  mc_w.l(entry7b.o)
    0x00000274   0x00000274   0x00000000   Code   RO         1439    .ARM.Collect$$$$0000000A  mc_w.l(entry8b.o)
    0x00000274   0x00000274   0x00000008   Code   RO         1440    .ARM.Collect$$$$0000000B  mc_w.l(entry9a.o)
    0x0000027c   0x0000027c   0x00000000   Code   RO         1442    .ARM.Collect$$$$0000000D  mc_w.l(entry10a.o)
    0x0000027c   0x0000027c   0x00000000   Code   RO         1444    .ARM.Collect$$$$0000000F  mc_w.l(entry11a.o)
    0x0000027c   0x0000027c   0x00000004   Code   RO         1433    .ARM.Collect$$$$00002712  mc_w.l(entry2.o)
    0x00000280   0x00000280   0x00000006   Code   RO          953    .emb_text           driverlib.lib(sysctl.o)
    0x00000286   0x00000286   0x00000002   PAD
    0x00000288   0x00000288   0x00000198   Code   RO            1    .text               app.o
    0x00000420   0x00000420   0x0000005a   Code   RO          114    .text               cstartup.o
    0x0000047a   0x0000047a   0x00000002   PAD
    0x0000047c   0x0000047c   0x00000058   Code   RO          119    .text               cpu_bsp.o
    0x000004d4   0x000004d4   0x000001bc   Code   RO          141    .text               cpu_core.o
    0x00000690   0x00000690   0x00000034   Code   RO          163    .text               cpu_a.o
    0x000006c4   0x000006c4   0x0000015a   Code   RO          182    .text               lib_ascii.o
    0x0000081e   0x0000081e   0x00000002   PAD
    0x00000820   0x00000820   0x0000094c   Code   RO          229    .text               lib_mem.o
    0x0000116c   0x0000116c   0x000005a8   Code   RO          248    .text               lib_str.o
    0x00001714   0x00001714   0x00000220   Code   RO          266    .text               lib_mem_a.o
    0x00001934   0x00001934   0x00000002   Code   RO          269    .text               os_cfg_app.o
    0x00001936   0x00001936   0x00000002   PAD
    0x00001938   0x00001938   0x0000096e   Code   RO          333    .text               os_core.o
    0x000022a6   0x000022a6   0x00000002   Code   RO          346    .text               os_dbg.o
    0x000022a8   0x000022a8   0x00000460   Code   RO          367    .text               os_flag.o
    0x00002708   0x00002708   0x00000154   Code   RO          386    .text               os_mem.o
    0x0000285c   0x0000285c   0x00000180   Code   RO          398    .text               os_msg.o
    0x000029dc   0x000029dc   0x000004b8   Code   RO          410    .text               os_mutex.o
    0x00002e94   0x00002e94   0x0000006c   Code   RO          434    .text               os_prio.o
    0x00002f00   0x00002f00   0x000003d0   Code   RO          459    .text               os_sem.o
    0x000032d0   0x000032d0   0x000003a4   Code   RO          471    .text               os_stat.o
    0x00003674   0x00003674   0x00000ac4   Code   RO          483    .text               os_task.o
    0x00004138   0x00004138   0x00000328   Code   RO          495    .text               os_tick.o
    0x00004460   0x00004460   0x00000200   Code   RO          507    .text               os_time.o
    0x00004660   0x00004660   0x000004ec   Code   RO          519    .text               os_tmr.o
    0x00004b4c   0x00004b4c   0x000002e8   Code   RO          604    .text               os_cpu_c.o
    0x00004e34   0x00004e34   0x00000062   Code   RO         1430    .text               mc_w.l(uldiv.o)
    0x00004e96   0x00004e96   0x0000001e   Code   RO         1446    .text               mc_w.l(llshl.o)
    0x00004eb4   0x00004eb4   0x00000020   Code   RO         1448    .text               mc_w.l(llushr.o)
    0x00004ed4   0x00004ed4   0x00000024   Code   RO         1450    .text               mc_w.l(init.o)
    0x00004ef8   0x00004ef8   0x0000010c   Code   RO          601    CODE                os_cpu_a.o
    0x00005004   0x00005004   0x00000028   Code   RO          627    i.GPIODirModeSet    driverlib.lib(gpio.o)
    0x0000502c   0x0000502c   0x00000138   Code   RO          639    i.GPIOPadConfigSet  driverlib.lib(gpio.o)
    0x00005164   0x00005164   0x00000006   Code   RO          641    i.GPIOPinRead       driverlib.lib(gpio.o)
    0x0000516a   0x0000516a   0x0000001c   Code   RO          650    i.GPIOPinTypeGPIOInput  driverlib.lib(gpio.o)
    0x00005186   0x00005186   0x0000001c   Code   RO          651    i.GPIOPinTypeGPIOOutput  driverlib.lib(gpio.o)
    0x000051a2   0x000051a2   0x00000006   Code   RO          669    i.GPIOPinWrite      driverlib.lib(gpio.o)
    0x000051a8   0x000051a8   0x00000154   Code   RO          956    i.SysCtlClockGet    driverlib.lib(sysctl.o)
    0x000052fc   0x000052fc   0x00000120   Code   RO          958    i.SysCtlClockSet    driverlib.lib(sysctl.o)
    0x0000541c   0x0000541c   0x00000028   Code   RO          987    i.SysCtlPeripheralEnable  driverlib.lib(sysctl.o)
    0x00005444   0x00005444   0x0000002c   Code   RO          991    i.SysCtlPeripheralReady  driverlib.lib(sysctl.o)
    0x00005470   0x00005470   0x0000000e   Code   RO         1454    i.__scatterload_copy  mc_w.l(handlers.o)
    0x0000547e   0x0000547e   0x00000002   Code   RO         1455    i.__scatterload_null  mc_w.l(handlers.o)
    0x00005480   0x00005480   0x0000000e   Code   RO         1456    i.__scatterload_zeroinit  mc_w.l(handlers.o)
    0x0000548e   0x0000548e   0x00000100   Data   RO          143    .constdata          cpu_core.o
    0x0000558e   0x0000558e   0x00000002   PAD
    0x00005590   0x00005590   0x00000094   Data   RO          249    .constdata          lib_str.o
    0x00005624   0x00005624   0x00000004   Data   RO          276    .constdata          os_cfg_app.o
    0x00005628   0x00005628   0x00000004   Data   RO          277    .constdata          os_cfg_app.o
    0x0000562c   0x0000562c   0x00000004   Data   RO          278    .constdata          os_cfg_app.o
    0x00005630   0x00005630   0x00000004   Data   RO          287    .constdata          os_cfg_app.o
    0x00005634   0x00005634   0x00000004   Data   RO          288    .constdata          os_cfg_app.o
    0x00005638   0x00005638   0x00000002   Data   RO          290    .constdata          os_cfg_app.o
    0x0000563a   0x0000563a   0x00000002   PAD
    0x0000563c   0x0000563c   0x00000004   Data   RO          292    .constdata          os_cfg_app.o
    0x00005640   0x00005640   0x00000001   Data   RO          293    .constdata          os_cfg_app.o
    0x00005641   0x00005641   0x00000003   PAD
    0x00005644   0x00005644   0x00000004   Data   RO          294    .constdata          os_cfg_app.o
    0x00005648   0x00005648   0x00000004   Data   RO          295    .constdata          os_cfg_app.o
    0x0000564c   0x0000564c   0x00000004   Data   RO          296    .constdata          os_cfg_app.o
    0x00005650   0x00005650   0x00000004   Data   RO          297    .constdata          os_cfg_app.o
    0x00005654   0x00005654   0x00000004   Data   RO          299    .constdata          os_cfg_app.o
    0x00005658   0x00005658   0x00000004   Data   RO          300    .constdata          os_cfg_app.o
    0x0000565c   0x0000565c   0x00000001   Data   RO          301    .constdata          os_cfg_app.o
    0x0000565d   0x0000565d   0x00000003   PAD
    0x00005660   0x00005660   0x00000004   Data   RO          302    .constdata          os_cfg_app.o
    0x00005664   0x00005664   0x00000004   Data   RO          303    .constdata          os_cfg_app.o
    0x00005668   0x00005668   0x00000004   Data   RO          304    .constdata          os_cfg_app.o
    0x0000566c   0x0000566c   0x00000001   Data   RO          306    .constdata          os_cfg_app.o
    0x0000566d   0x0000566d   0x00000003   PAD
    0x00005670   0x00005670   0x00000004   Data   RO          307    .constdata          os_cfg_app.o
    0x00005674   0x00005674   0x00000004   Data   RO          308    .constdata          os_cfg_app.o
    0x00005678   0x00005678   0x00000004   Data   RO          309    .constdata          os_cfg_app.o
    0x0000567c   0x0000567c   0x00000004   Data   RO          310    .constdata          os_cfg_app.o
    0x00005680   0x00005680   0x00000254   Data   RO         1009    .constdata          driverlib.lib(sysctl.o)
    0x000058d4   0x000058d4   0x00000020   Data   RO         1452    Region$$Table       anon$$obj.o


    Execution Region RW_IRAM1 (Exec base: 0x20000000, Load base: 0x000058f4, Size: 0x000023b0, Max: 0x00008000, ABSOLUTE)

    Exec Addr    Load Addr    Size         Type   Attr      Idx    E Section Name        Object

    0x20000000   0x000058f4   0x00000004   Data   RW          145    .data               cpu_core.o
    0x20000004   0x000058f8   0x00000004   Data   RW          231    .data               lib_mem.o
    0x20000008   0x000058fc   0x00000004   Data   RW          435    .data               os_prio.o
    0x2000000c   0x00005900   0x00000004   Data   RW          538    .data               os_var.o
    0x20000010   0x00005904   0x00000004   Data   RW          539    .data               os_var.o
    0x20000014   0x00005908   0x00000004   Data   RW          540    .data               os_var.o
    0x20000018   0x0000590c   0x00000004   Data   RW          541    .data               os_var.o
    0x2000001c   0x00005910   0x00000004   Data   RW          542    .data               os_var.o
    0x20000020   0x00005914   0x00000004   Data   RW          543    .data               os_var.o
    0x20000024   0x00005918   0x00000004   Data   RW          544    .data               os_var.o
    0x20000028   0x0000591c   0x00000004   Data   RW          545    .data               os_var.o
    0x2000002c   0x00005920   0x00000001   Data   RW          546    .data               os_var.o
    0x2000002d   0x00005921   0x00000001   Data   RW          547    .data               os_var.o
    0x2000002e   0x00005922   0x00000002   PAD
    0x20000030   0x00005924   0x00000004   Data   RW          548    .data               os_var.o
    0x20000034   0x00005928   0x00000002   Data   RW          549    .data               os_var.o
    0x20000036   0x0000592a   0x00000002   PAD
    0x20000038   0x0000592c   0x00000004   Data   RW          550    .data               os_var.o
    0x2000003c   0x00005930   0x00000002   Data   RW          551    .data               os_var.o
    0x2000003e   0x00005932   0x00000002   PAD
    0x20000040   0x00005934   0x00000004   Data   RW          552    .data               os_var.o
    0x20000044   0x00005938   0x00000002   Data   RW          553    .data               os_var.o
    0x20000046   0x0000593a   0x00000001   Data   RW          554    .data               os_var.o
    0x20000047   0x0000593b   0x00000001   Data   RW          555    .data               os_var.o
    0x20000048   0x0000593c   0x00000001   Data   RW          556    .data               os_var.o
    0x20000049   0x0000593d   0x00000003   PAD
    0x2000004c   0x00005940   0x00000004   Data   RW          557    .data               os_var.o
    0x20000050   0x00005944   0x00000004   Data   RW          558    .data               os_var.o
    0x20000054   0x00005948   0x00000004   Data   RW          559    .data               os_var.o
    0x20000058   0x0000594c   0x00000001   Data   RW          560    .data               os_var.o
    0x20000059   0x0000594d   0x00000003   PAD
    0x2000005c   0x00005950   0x00000004   Data   RW          561    .data               os_var.o
    0x20000060   0x00005954   0x00000002   Data   RW          562    .data               os_var.o
    0x20000062   0x00005956   0x00000001   Data   RW          563    .data               os_var.o
    0x20000063   0x00005957   0x00000001   PAD
    0x20000064   0x00005958   0x00000002   Data   RW          564    .data               os_var.o
    0x20000066   0x0000595a   0x00000002   Data   RW          565    .data               os_var.o
    0x20000068   0x0000595c   0x00000004   Data   RW          566    .data               os_var.o
    0x2000006c   0x00005960   0x00000004   Data   RW          567    .data               os_var.o
    0x20000070   0x00005964   0x00000004   Data   RW          568    .data               os_var.o
    0x20000074   0x00005968   0x00000001   Data   RW          569    .data               os_var.o
    0x20000075   0x00005969   0x00000003   PAD
    0x20000078   0x0000596c   0x00000004   Data   RW          570    .data               os_var.o
    0x2000007c   0x00005970   0x00000004   Data   RW          571    .data               os_var.o
    0x20000080   0x00005974   0x00000004   Data   RW          572    .data               os_var.o
    0x20000084   0x00005978   0x00000002   Data   RW          573    .data               os_var.o
    0x20000086   0x0000597a   0x00000001   Data   RW          574    .data               os_var.o
    0x20000087   0x0000597b   0x00000001   PAD
    0x20000088   0x0000597c   0x00000004   Data   RW          575    .data               os_var.o
    0x2000008c   0x00005980   0x00000004   Data   RW          576    .data               os_var.o
    0x20000090   0x00005984   0x00000008   Data   RW          577    .data               os_var.o
    0x20000098   0x0000598c   0x00000008   Data   RW          578    .data               os_var.o
    0x200000a0   0x00005994   0x00000004   Data   RW          579    .data               os_var.o
    0x200000a4   0x00005998   0x00000002   Data   RW          580    .data               os_var.o
    0x200000a6   0x0000599a   0x00000002   PAD
    0x200000a8   0x0000599c   0x00000004   Data   RW          581    .data               os_var.o
    0x200000ac   0x000059a0   0x00000002   Data   RW          582    .data               os_var.o
    0x200000ae   0x000059a2   0x00000002   PAD
    0x200000b0   0x000059a4   0x00000004   Data   RW          583    .data               os_var.o
    0x200000b4   0x000059a8   0x00000004   Data   RW          584    .data               os_var.o
    0x200000b8   0x000059ac   0x00000004   Data   RW          585    .data               os_var.o
    0x200000bc   0x000059b0   0x00000004   Data   RW          586    .data               os_var.o
    0x200000c0   0x000059b4   0x00000004   Data   RW          587    .data               os_var.o
    0x200000c4   0x000059b8   0x00000004   Data   RW          588    .data               os_var.o
    0x200000c8   0x000059bc   0x00000004   Data   RW          605    .data               os_cpu_c.o
    0x200000cc        -       0x00000970   Zero   RW            2    .bss                app.o
    0x20000a3c        -       0x00000010   Zero   RW          142    .bss                cpu_core.o
    0x20000a4c        -       0x00000448   Zero   RW          230    .bss                lib_mem.o
    0x20000e94        -       0x00000200   Zero   RW          270    .bss                os_cfg_app.o
    0x20001094        -       0x00000190   Zero   RW          271    .bss                os_cfg_app.o
    0x20001224        -       0x00000640   Zero   RW          272    .bss                os_cfg_app.o
    0x20001864        -       0x00000190   Zero   RW          273    .bss                os_cfg_app.o
    0x200019f4        -       0x00000190   Zero   RW          274    .bss                os_cfg_app.o
    0x20001b84        -       0x00000190   Zero   RW          275    .bss                os_cfg_app.o
    0x20001d14        -       0x000000b8   Zero   RW          531    .bss                os_var.o
    0x20001dcc        -       0x0000000c   Zero   RW          532    .bss                os_var.o
    0x20001dd8        -       0x00000180   Zero   RW          533    .bss                os_var.o
    0x20001f58        -       0x000000b8   Zero   RW          534    .bss                os_var.o
    0x20002010        -       0x000000b8   Zero   RW          535    .bss                os_var.o
    0x200020c8        -       0x0000002c   Zero   RW          536    .bss                os_var.o
    0x200020f4        -       0x000000b8   Zero   RW          537    .bss                os_var.o
    0x200021ac   0x000059c0   0x00000004   PAD
    0x200021b0        -       0x00000200   Zero   RW          111    STACK               cstartup.o


==============================================================================

Image component sizes


      Code (inc. data)   RO Data    RW Data    ZI Data      Debug   Object Name

       408         76          0          0       2416      31067   app.o
        52          0          0          0          0        408   cpu_a.o
        88         12          0          0          0      10456   cpu_bsp.o
       444         12        256          4         16       7053   cpu_core.o
        90         12        620          0        512        872   cstartup.o
       346          0          0          0          0      15358   lib_ascii.o
      2380         38          0          4       1096      25368   lib_mem.o
       544          0          0          0          0        556   lib_mem_a.o
      1448          4        148          0          0      12956   lib_str.o
         0          0          0          0          0      18121   os_app_hooks.o
         2          0         81          0       3712      19410   os_cfg_app.o
      2414        208          0          0          0      12227   os_core.o
       268         14          0          0          0        496   os_cpu_a.o
       744        168          0          4          0       4445   os_cpu_c.o
         2          0          0          0          0       1062   os_dbg.o
      1120         60          0          0          0       6519   os_flag.o
       340         16          0          0          0       2880   os_mem.o
       384         14          0          0          0       3146   os_msg.o
      1208         68          0          0          0       5175   os_mutex.o
       108          4          0          4          0       2196   os_prio.o
       976         40          0          0          0       5639   os_sem.o
       932        126          0          0          0       3041   os_stat.o
      2756        142          0          0          0      12927   os_task.o
       808         68          0          0          0       4528   os_tick.o
       512         38          0          0          0       2929   os_time.o
      1260        134          0          0          0       6190   os_tmr.o
         0          0          0        167       1176      17919   os_var.o

    ----------------------------------------------------------------------
     19640       1254       1150        204       8932     232944   Object Totals
         0          0         32          0          0          0   (incl. Generated)
         6          0         13         21          4          0   (incl. Padding)

    ----------------------------------------------------------------------

      Code (inc. data)   RO Data    RW Data    ZI Data      Debug   Library Member Name

       420          0          0          0          0       7652   gpio.o
       718         62        596          0          0       5091   sysctl.o
         0          0          0          0          0          0   entry.o
         0          0          0          0          0          0   entry10a.o
         0          0          0          0          0          0   entry11a.o
         8          4          0          0          0          0   entry2.o
         4          0          0          0          0          0   entry5.o
         0          0          0          0          0          0   entry7b.o
         0          0          0          0          0          0   entry8b.o
         8          4          0          0          0          0   entry9a.o
        30          0          0          0          0          0   handlers.o
        36          8          0          0          0         68   init.o
        30          0          0          0          0         68   llshl.o
        32          0          0          0          0         68   llushr.o
        98          0          0          0          0         92   uldiv.o

    ----------------------------------------------------------------------
      1386         78        596          0          0      13039   Library Totals
         2          0          0          0          0          0   (incl. Padding)

    ----------------------------------------------------------------------

      Code (inc. data)   RO Data    RW Data    ZI Data      Debug   Library Name

      1138         62        596          0          0      12743   driverlib.lib
       246         16          0          0          0        296   mc_w.l

    ----------------------------------------------------------------------
      1386         78        596          0          0      13039   Library Totals

    ----------------------------------------------------------------------

==============================================================================


      Code (inc. data)   RO Data    RW Data    ZI Data      Debug   

     21026       1332       1746        204       8932     239935   Grand Totals
     21026       1332       1746        204       8932     239935   ELF Image Totals
     21026       1332       1746        204          0          0   ROM Totals

==============================================================================

    Total RO  Size (Code + RO Data)                22772 (  22.24kB)
    Total RW  Size (RW Data + ZI Data)              9136 (   8.92kB)
    Total ROM Size (Code + RO Data + RW Data)      22976 (  22.44kB)

==============================================================================

