Component: ARM Compiler 5.06 update 6 (build 750) Tool: armlink [4d35ed]

==============================================================================

Section Cross References

    app.o(.text) refers to gpio.o(i.GPIOPinRead) for GPIOPinRead
    app.o(.text) refers to gpio.o(i.GPIOPinWrite) for GPIOPinWrite
    app.o(.text) refers to os_time.o(.text) for OSTimeDlyHMSM
    app.o(.text) refers to sysctl.o(i.SysCtlPeripheralEnable) for SysCtlPeripheralEnable
    app.o(.text) refers to sysctl.o(i.SysCtlPeripheralReady) for SysCtlPeripheralReady
    app.o(.text) refers to gpio.o(i.GPIOPinTypeGPIOOutput) for GPIOPinTypeGPIOOutput
    app.o(.text) refers to gpio.o(i.GPIOPinTypeGPIOInput) for GPIOPinTypeGPIOInput
    app.o(.text) refers to gpio.o(i.GPIOPadConfigSet) for GPIOPadConfigSet
    app.o(.text) refers to sysctl.o(i.SysCtlClockSet) for SysCtlClockSet
    app.o(.text) refers to cpu_a.o(.text) for CPU_IntDis
    app.o(.text) refers to os_core.o(.text) for OSInit
    app.o(.text) refers to lib_mem.o(.text) for Mem_Init
    app.o(.text) refers to sysctl.o(i.SysCtlClockGet) for SysCtlClockGet
    app.o(.text) refers to os_cpu_c.o(.text) for OS_CPU_SysTickInit
    app.o(.text) refers to cpu_core.o(.text) for CPU_Init
    app.o(.text) refers to os_task.o(.text) for OSTaskCreate
    app.o(.text) refers to os_cfg_app.o(.constdata) for OSCfg_TickRate_Hz
    app.o(.text) refers to app.o(.bss) for .bss
    os_app_hooks.o(.text) refers to cpu_a.o(.text) for CPU_SR_Save
    os_app_hooks.o(.text) refers to os_var.o(.data) for OS_AppTaskCreateHookPtr
    os_app_hooks.o(.text) refers to os_var.o(.data) for OS_AppTaskDelHookPtr
    os_app_hooks.o(.text) refers to os_var.o(.data) for OS_AppTaskReturnHookPtr
    os_app_hooks.o(.text) refers to os_var.o(.data) for OS_AppIdleTaskHookPtr
    os_app_hooks.o(.text) refers to os_var.o(.data) for OS_AppStatTaskHookPtr
    os_app_hooks.o(.text) refers to os_var.o(.data) for OS_AppTaskSwHookPtr
    os_app_hooks.o(.text) refers to os_var.o(.data) for OS_AppTimeTickHookPtr
    cstartup.o(RESET) refers to cstartup.o(STACK) for __initial_sp
    cstartup.o(RESET) refers to cstartup.o(.text) for Reset_Handler
    cstartup.o(RESET) refers to os_cpu_a.o(CODE) for OS_CPU_PendSVHandler
    cstartup.o(RESET) refers to os_cpu_c.o(.text) for OS_CPU_SysTickHandler
    cstartup.o(.text) refers to entry.o(.ARM.Collect$$$$00000000) for __main
    cpu_bsp.o(.text) refers to sysctl.o(i.SysCtlClockGet) for SysCtlClockGet
    cpu_bsp.o(.text) refers to cpu_core.o(.text) for CPU_TS_TmrFreqSet
    cpu_bsp.o(.text) refers to uldiv.o(.text) for __aeabi_uldivmod
    segger_sysview_ucosiii.o(.text) refers to memseta.o(.text) for __aeabi_memclr4
    segger_sysview_ucosiii.o(.text) refers to segger_sysview.o(.text) for SEGGER_SYSVIEW_SendTaskInfo
    segger_sysview_ucosiii.o(.text) refers to os_time.o(.text) for OSTimeGet
    segger_sysview_ucosiii.o(.text) refers to segger_sysview_ucosiii.o(.bss) for .bss
    segger_sysview_ucosiii.o(.text) refers to segger_sysview_ucosiii.o(.data) for .data
    segger_sysview_ucosiii.o(.text) refers to os_var.o(.bss) for OSIdleTaskTCB
    segger_sysview_ucosiii.o(.text) refers to segger_sysview_ucosiii.o(.conststring) for .conststring
    segger_sysview_ucosiii.o(.constdata) refers to segger_sysview_ucosiii.o(.text) for _cbGetTime
    segger_sysview.o(.text) refers to segger_rtt.o(.text) for SEGGER_RTT_WriteSkipNoLock
    segger_sysview.o(.text) refers to segger_sysview.o(.bss) for .bss
    segger_sysview.o(.text) refers to segger_rtt.o(.bss) for _SEGGER_RTT
    segger_sysview.o(.text) refers to segger_sysview.o(.data) for .data
    segger_sysview.o(.text) refers to segger_sysview.o(.constdata) for .constdata
    segger_rtt.o(.text) refers to strcpy.o(.text) for strcpy
    segger_rtt.o(.text) refers to memcpya.o(.text) for __aeabi_memcpy
    segger_rtt.o(.text) refers to strlen.o(.text) for strlen
    segger_rtt.o(.text) refers to segger_rtt.o(.bss) for .bss
    segger_rtt.o(.text) refers to segger_rtt.o(.data) for .data
    cpu_core.o(.text) refers to cpu_a.o(.text) for CPU_SR_Save
    cpu_core.o(.text) refers to lib_mem.o(.text) for Mem_Clr
    cpu_core.o(.text) refers to cpu_bsp.o(.text) for CPU_TS_TmrInit
    cpu_core.o(.text) refers to lib_str.o(.text) for Str_Copy_N
    cpu_core.o(.text) refers to cpu_core.o(.bss) for .bss
    cpu_core.o(.text) refers to cpu_core.o(.data) for .data
    cpu_core.o(.text) refers to cpu_core.o(.constdata) for .constdata
    cpu_c.o(.text) refers to cpu_a.o(.text) for CPU_SR_Save
    lib_math.o(.text) refers to cpu_a.o(.text) for CPU_SR_Save
    lib_math.o(.text) refers to lib_math.o(.data) for .data
    lib_mem.o(.text) refers to lib_mem_a.o(.text) for Mem_Copy
    lib_mem.o(.text) refers to cpu_core.o(.text) for CPU_SW_Exception
    lib_mem.o(.text) refers to cpu_a.o(.text) for CPU_SR_Save
    lib_mem.o(.text) refers to lib_mem.o(.bss) for .bss
    lib_mem.o(.text) refers to lib_mem.o(.data) for .data
[...]
    _abSync                                  0x0000764a   Data          10  segger_sysview.o(.constdata)
    _aV2C                                    0x00007654   Data          16  segger_sysview.o(.constdata)
    .constdata                               0x00007664   Section      256  cpu_core.o(.constdata)
    CPU_CntLeadZerosTbl                      0x00007664   Data         256  cpu_core.o(.constdata)
    .constdata                               0x00007764   Section      148  lib_str.o(.constdata)
    Str_MultOvfThTbl_Int32U                  0x00007764   Data         148  lib_str.o(.constdata)
    .constdata                               0x000077f8   Section        4  os_cfg_app.o(.constdata)
    .constdata                               0x000077fc   Section        4  os_cfg_app.o(.constdata)
    .constdata                               0x00007800   Section        4  os_cfg_app.o(.constdata)
    .constdata                               0x00007804   Section        4  os_cfg_app.o(.constdata)
    .constdata                               0x00007808   Section        4  os_cfg_app.o(.constdata)
    .constdata                               0x0000780c   Section        2  os_cfg_app.o(.constdata)
    .constdata                               0x00007810   Section        4  os_cfg_app.o(.constdata)
    .constdata                               0x00007814   Section        1  os_cfg_app.o(.constdata)
    .constdata                               0x00007818   Section        4  os_cfg_app.o(.constdata)
    .constdata                               0x0000781c   Section        4  os_cfg_app.o(.constdata)
    .constdata                               0x00007820   Section        4  os_cfg_app.o(.constdata)
    .constdata                               0x00007824   Section        4  os_cfg_app.o(.constdata)
    .constdata                               0x00007828   Section        4  os_cfg_app.o(.constdata)
    .constdata                               0x0000782c   Section        4  os_cfg_app.o(.constdata)
    .constdata                               0x00007830   Section        1  os_cfg_app.o(.constdata)
    .constdata                               0x00007834   Section        4  os_cfg_app.o(.constdata)
    .constdata                               0x00007838   Section        4  os_cfg_app.o(.constdata)
    .constdata                               0x0000783c   Section        4  os_cfg_app.o(.constdata)
    .constdata                               0x00007840   Section        1  os_cfg_app.o(.constdata)
    .constdata                               0x00007844   Section        4  os_cfg_app.o(.constdata)
    .constdata                               0x00007848   Section        4  os_cfg_app.o(.constdata)
    .constdata                               0x0000784c   Section        4  os_cfg_app.o(.constdata)
    .constdata                               0x00007850   Section        4  os_cfg_app.o(.constdata)
    .constdata                               0x00007854   Section      596  sysctl.o(.constdata)
    g_pui32VCOFrequencies                    0x00007854   Data           8  sysctl.o(.constdata)
    g_pui32Xtals                             0x0000785c   Data         108  sysctl.o(.constdata)
    g_pppui32XTALtoVCO                       0x000078c8   Data         432  sysctl.o(.constdata)
    g_sXTALtoMEMTIM                          0x00007a78   Data          48  sysctl.o(.constdata)
    .conststring                             0x00007aa8   Section      164  segger_sysview_ucosiii.o(.conststring)
    .data                                    0x20000000   Section        8  segger_sysview_ucosiii.o(.data)
    _NumTasks                                0x20000000   Data           4  segger_sysview_ucosiii.o(.data)
    _NumResources                            0x20000004   Data           4  segger_sysview_ucosiii.o(.data)
    .data                                    0x20000008   Section       16  segger_sysview.o(.data)
    _NumModules                              0x20000008   Data           1  segger_sysview.o(.data)
    _pFirstModule                            0x2000000c   Data           4  segger_sysview.o(.data)
    _DownBuffer                              0x20000010   Data           8  segger_sysview.o(.data)
    .data                                    0x20000018   Section       17  segger_rtt.o(.data)
    _ActiveTerminal                          0x20000018   Data           1  segger_rtt.o(.data)
    _aTerminalId                             0x20000019   Data          16  segger_rtt.o(.data)
    .data                                    0x2000002c   Section        4  cpu_core.o(.data)
    .data                                    0x20000030   Section        4  lib_mem.o(.data)
    .data                                    0x20000034   Section        4  os_prio.o(.data)
    .data                                    0x20000038   Section        4  os_var.o(.data)
    .data                                    0x2000003c   Section        4  os_var.o(.data)
    .data                                    0x20000040   Section        4  os_var.o(.data)
    .data                                    0x20000044   Section        4  os_var.o(.data)
    .data                                    0x20000048   Section        4  os_var.o(.data)
    .data                                    0x2000004c   Section        4  os_var.o(.data)
    .data                                    0x20000050   Section        4  os_var.o(.data)
    .data                                    0x20000054   Section        4  os_var.o(.data)
    .data                                    0x20000058   Section        1  os_var.o(.data)
    .data                                    0x20000059   Section        1  os_var.o(.data)
    .data                                    0x2000005c   Section        4  os_var.o(.data)
    .data                                    0x20000060   Section        2  os_var.o(.data)
    .data                                    0x20000064   Section        4  os_var.o(.data)
    .data                                    0x20000068   Section        2  os_var.o(.data)
    .data                                    0x2000006c   Section        4  os_var.o(.data)
    .data                                    0x20000070   Section        2  os_var.o(.data)
    .data                                    0x20000072   Section        1  os_var.o(.data)
    .data                                    0x20000073   Section        1  os_var.o(.data)
    .data                                    0x20000074   Section        1  os_var.o(.data)
    .data                                    0x20000078   Section        4  os_var.o(.data)
    .data                                    0x2000007c   Section        4  os_var.o(.data)
    .data                                    0x20000080   Section        4  os_var.o(.data)
    .data                                    0x20000084   Section        1  os_var.o(.data)
    .data                                    0x20000088   Section        4  os_var.o(.data)
    .data                                    0x2000008c   Section        2  os_var.o(.data)
    .data                                    0x2000008e   Section        1  os_var.o(.data)
    .data                                    0x20000090   Section        2  os_var.o(.data)
    .data                                    0x20000092   Section        2  os_var.o(.data)
    .data                                    0x20000094   Section        4  os_var.o(.data)
    .data                                    0x20000098   Section        4  os_var.o(.data)
    .data                                    0x2000009c   Section        4  os_var.o(.data)
    .data                                    0x200000a0   Section        1  os_var.o(.data)
    .data                                    0x200000a4   Section        4  os_var.o(.data)
    .data                                    0x200000a8   Section        4  os_var.o(.data)
    .data                                    0x200000ac   Section        4  os_var.o(.data)
    .data                                    0x200000b0   Section        2  os_var.o(.data)
    .data                                    0x200000b2   Section        1  os_var.o(.data)
    .data                                    0x200000b4   Section        4  os_var.o(.data)
    .data                                    0x200000b8   Section        4  os_var.o(.data)
    .data                                    0x200000bc   Section        8  os_var.o(.data)
    .data                                    0x200000c4   Section        8  os_var.o(.data)
    .data                                    0x200000cc   Section        4  os_var.o(.data)
    .data                                    0x200000d0   Section        2  os_var.o(.data)
    .data                                    0x200000d4   Section        4  os_var.o(.data)
    .data                                    0x200000d8   Section        2  os_var.o(.data)
    .data                                    0x200000dc   Section        4  os_var.o(.data)
    .data                                    0x200000e0   Section        4  os_var.o(.data)
    .data                                    0x200000e4   Section        4  os_var.o(.data)
    .data                                    0x200000e8   Section        4  os_var.o(.data)
    .data                                    0x200000ec   Section        4  os_var.o(.data)
    .data                                    0x200000f0   Section        4  os_var.o(.data)
    .data                                    0x200000f4   Section        4  os_cpu_c.o(.data)
    .bss                                     0x200000f8   Section     2440  app.o(.bss)
    BlinkRedTaskStk                          0x200000f8   Data        1024  app.o(.bss)
    BlinkRedTaskTCB                          0x200004f8   Data         196  app.o(.bss)
    BlinkBlueTaskStk                         0x200005bc   Data        1024  app.o(.bss)
    BlinkBlueTaskTCB                         0x200009bc   Data         196  app.o(.bss)
    .bss                                     0x20000a80   Section      512  segger_sysview_ucosiii.o(.bss)
    _aTasks                                  0x20000a80   Data         320  segger_sysview_ucosiii.o(.bss)
    _aResources                              0x20000bc0   Data         192  segger_sysview_ucosiii.o(.bss)
    .bss                                     0x20000c80   Section     1291  segger_sysview.o(.bss)
    _UpBuffer                                0x20000c80   Data        1024  segger_sysview.o(.bss)
    _SYSVIEW_Globals                         0x20001080   Data          40  segger_sysview.o(.bss)
    _aPacket                                 0x200010a8   Data         227  segger_sysview.o(.bss)
    .bss                                     0x2000118c   Section     1208  segger_rtt.o(.bss)
    _acUpBuffer                              0x20001234   Data        1024  segger_rtt.o(.bss)
    _acDownBuffer                            0x20001634   Data          16  segger_rtt.o(.bss)
    .bss                                     0x20001644   Section       16  cpu_core.o(.bss)
    .bss                                     0x20001654   Section     1096  lib_mem.o(.bss)
    .bss                                     0x20001a9c   Section      512  os_cfg_app.o(.bss)
    .bss                                     0x20001c9c   Section      400  os_cfg_app.o(.bss)
    .bss                                     0x20001e2c   Section     1600  os_cfg_app.o(.bss)
    .bss                                     0x2000246c   Section      400  os_cfg_app.o(.bss)
    .bss                                     0x200025fc   Section      400  os_cfg_app.o(.bss)
    .bss                                     0x2000278c   Section      400  os_cfg_app.o(.bss)
    .bss                                     0x2000291c   Section      196  os_var.o(.bss)
    .bss                                     0x200029e0   Section       12  os_var.o(.bss)
    .bss                                     0x200029ec   Section      384  os_var.o(.bss)
    .bss                                     0x20002b6c   Section      196  os_var.o(.bss)
    .bss                                     0x20002c30   Section      196  os_var.o(.bss)
    .bss                                     0x20002cf4   Section       48  os_var.o(.bss)
    .bss                                     0x20002d24   Section      196  os_var.o(.bss)
    STACK                                    0x20002de8   Section      512  cstartup.o(STACK)

    Global Symbols

    Symbol Name                              Value     Ov Type        Size  Object(Section)

    BuildAttributes$$THM_ISAv4$E$P$D$K$B$S$7EM$VFPi3$EXTD16$VFPS$VFMA$PE$A:L22UL41UL21$X:L11$S22US41US21$IEEE1$IW$USESV6$~STKCKD$USESV7$~SHL$OTIME$EBA8$MICROLIB$REQ8$PRES8$EABIv2 0x00000000   Number         0  anon$$obj.o ABSOLUTE
    __ARM_use_no_argv                        0x00000000   Number         0  app.o ABSOLUTE
    __Vectors                                0x00000000   Data           4  cstartup.o(RESET)
    __cpp_initialize__aeabi_                  - Undefined Weak Reference
    __cxa_finalize                            - Undefined Weak Reference
    __decompress                              - Undefined Weak Reference
    _clock_init                               - Undefined Weak Reference
    _microlib_exit                            - Undefined Weak Reference
    __Vectors_End                            0x0000026c   Data           0  cstartup.o(RESET)
    __Vectors_Size                           0x0000026c   Number         0  cstartup.o ABSOLUTE
    __main                                   0x0000026d   Thumb Code     0  entry.o(.ARM.Collect$$$$00000000)
    _main_stk                                0x0000026d   Thumb Code     0  entry2.o(.ARM.Collect$$$$00000001)
    _main_scatterload                        0x00000271   Thumb Code     0  entry5.o(.ARM.Collect$$$$00000004)
    __main_after_scatterload                 0x00000275   Thumb Code     0  entry5.o(.ARM.Collect$$$$00000004)
    _main_clock                              0x00000275   Thumb Code     0  entry7b.o(.ARM.Collect$$$$00000008)
    _main_cpp_init                           0x00000275   Thumb Code     0  entry8b.o(.ARM.Collect$$$$0000000A)
    _main_init                               0x00000275   Thumb Code     0  entry9a.o(.ARM.Collect$$$$0000000B)
    __rt_final_cpp                           0x0000027d   Thumb Code     0  entry10a.o(.ARM.Collect$$$$0000000D)
    __rt_final_exit                          0x0000027d   Thumb Code     0  entry11a.o(.ARM.Collect$$$$0000000F)
    SysCtlDelay                              0x00000281   Thumb Code     6  sysctl.o(.emb_text)
    InitGPIOPortF                            0x000002ed   Thumb Code    74  app.o(.text)
    main                                     0x00000337   Thumb Code    58  app.o(.text)
    Reset_Handler                            0x00000421   Thumb Code    36  cstartup.o(.text)
    App_NMI_ISR                              0x00000445   Thumb Code     2  cstartup.o(.text)
    App_Fault_ISR                            0x00000447   Thumb Code     2  cstartup.o(.text)
    App_MemFault_ISR                         0x00000449   Thumb Code     2  cstartup.o(.text)
    App_BusFault_ISR                         0x0000044b   Thumb Code     2  cstartup.o(.text)
    App_UsageFault_ISR                       0x0000044d   Thumb Code     2  cstartup.o(.text)
    App_Spurious_ISR                         0x0000044f   Thumb Code     2  cstartup.o(.text)
    App_Reserved_ISR                         0x00000451   Thumb Code     2  cstartup.o(.text)
    ADC0Seq0_Handler                         0x00000453   Thumb Code     0  cstartup.o(.text)
    ADC0Seq1_Handler                         0x00000453   Thumb Code     0  cstartup.o(.text)
    ADC0Seq2_Handler                         0x00000453   Thumb Code     0  cstartup.o(.text)
    ADC0Seq3_Handler                         0x00000453   Thumb Code     0  cstartup.o(.text)
    ADC1Seq0_Handler                         0x00000453   Thumb Code     0  cstartup.o(.text)
    ADC1Seq1_Handler                         0x00000453   Thumb Code     0  cstartup.o(.text)
    ADC1Seq2_Handler                         0x00000453   Thumb Code     0  cstartup.o(.text)
    ADC1Seq3_Handler                         0x00000453   Thumb Code     0  cstartup.o(.text)
    CAN0_Handler                             0x00000453   Thumb Code     0  cstartup.o(.text)
    CAN1_Handler                             0x00000453   Thumb Code     0  cstartup.o(.text)
    CAN2_Handler                             0x00000453   Thumb Code     0  cstartup.o(.text)
    Comp0_Handler                            0x00000453   Thumb Code     0  cstartup.o(.text)
    Comp1_Handler                            0x00000453   Thumb Code     0  cstartup.o(.text)
    Comp2_Handler                            0x00000453   Thumb Code     0  cstartup.o(.text)
    Ethernet_Handler                         0x00000453   Thumb Code     0  cstartup.o(.text)
    ExtBus_Handler                           0x00000453   Thumb Code     0  cstartup.o(.text)
    FPU_Handler                              0x00000453   Thumb Code     0  cstartup.o(.text)
    Fan0_Handler                             0x00000453   Thumb Code     0  cstartup.o(.text)
    FlashCtl_Handler                         0x00000453   Thumb Code     0  cstartup.o(.text)
    GPIOPortA_Handler                        0x00000453   Thumb Code     0  cstartup.o(.text)
    GPIOPortB_Handler                        0x00000453   Thumb Code     0  cstartup.o(.text)
    GPIOPortC_Handler                        0x00000453   Thumb Code     0  cstartup.o(.text)
    GPIOPortD_Handler                        0x00000453   Thumb Code     0  cstartup.o(.text)
    GPIOPortE_Handler                        0x00000453   Thumb Code     0  cstartup.o(.text)
    GPIOPortF_Handler                        0x00000453   Thumb Code     0  cstartup.o(.text)
    GPIOPortG_Handler                        0x00000453   Thumb Code     0  cstartup.o(.text)
    GPIOPortH_Handler                        0x00000453   Thumb Code     0  cstartup.o(.text)
    GPIOPortJ_Handler                        0x00000453   Thumb Code     0  cstartup.o(.text)
    GPIOPortK_Handler                        0x00000453   Thumb Code     0  cstartup.o(.text)
    GPIOPortL_Handler                        0x00000453   Thumb Code     0  cstartup.o(.text)
    GPIOPortM_Handler                        0x00000453   Thumb Code     0  cstartup.o(.text)
    GPIOPortN_Handler                        0x00000453   Thumb Code     0  cstartup.o(.text)
    GPIOPortP1_Handler                       0x00000453   Thumb Code     0  cstartup.o(.text)
    GPIOPortP2_Handler                       0x00000453   Thumb Code     0  cstartup.o(.text)
    GPIOPortP3_Handler                       0x00000453   Thumb Code     0  cstartup.o(.text)
    GPIOPortP4_Handler                       0x00000453   Thumb Code     0  cstartup.o(.text)
    GPIOPortP5_Handler                       0x00000453   Thumb Code     0  cstartup.o(.text)
    GPIOPortP6_Handler                       0x00000453   Thumb Code     0  cstartup.o(.text)
    GPIOPortP7_Handler                       0x00000453   Thumb Code     0  cstartup.o(.text)
    GPIOPortP_Handler                        0x00000453   Thumb Code     0  cstartup.o(.text)
    GPIOPortQ1_Handler                       0x00000453   Thumb Code     0  cstartup.o(.text)
    GPIOPortQ2_Handler                       0x00000453   Thumb Code     0  cstartup.o(.text)
    GPIOPortQ3_Handler                       0x00000453   Thumb Code     0  cstartup.o(.text)
    GPIOPortQ4_Handler                       0x00000453   Thumb Code     0  cstartup.o(.text)
    GPIOPortQ5_Handler                       0x00000453   Thumb Code     0  cstartup.o(.text)
    GPIOPortQ6_Handler                       0x00000453   Thumb Code     0  cstartup.o(.text)
    GPIOPortQ7_Handler                       0x00000453   Thumb Code     0  cstartup.o(.text)
    GPIOPortQ_Handler                        0x00000453   Thumb Code     0  cstartup.o(.text)
    GPIOPortR_Handler                        0x00000453   Thumb Code     0  cstartup.o(.text)
    GPIOPortS_Handler                        0x00000453   Thumb Code     0  cstartup.o(.text)
    Hibernate_Handler                        0x00000453   Thumb Code     0  cstartup.o(.text)
    I2C0_Handler                             0x00000453   Thumb Code     0  cstartup.o(.text)
    I2C1_Handler                             0x00000453   Thumb Code     0  cstartup.o(.text)
    I2C2_Handler                             0x00000453   Thumb Code     0  cstartup.o(.text)
    I2C3_Handler                             0x00000453   Thumb Code     0  cstartup.o(.text)
    I2C4_Handler                             0x00000453   Thumb Code     0  cstartup.o(.text)
    I2C5_Handler                             0x00000453   Thumb Code     0  cstartup.o(.text)
    I2S0_Handler                             0x00000453   Thumb Code     0  cstartup.o(.text)
    LPC0_Handler                             0x00000453   Thumb Code     0  cstartup.o(.text)
    PECI0_Handler                            0x00000453   Thumb Code     0  cstartup.o(.text)
    PWM0Fault_Handler                        0x00000453   Thumb Code     0  cstartup.o(.text)
    PWM0Generator0_Handler                   0x00000453   Thumb Code     0  cstartup.o(.text)
    PWM0Generator1_Handler                   0x00000453   Thumb Code     0  cstartup.o(.text)
    PWM0Generator2_Handler                   0x00000453   Thumb Code     0  cstartup.o(.text)
    PWM0Generator3_Handler                   0x00000453   Thumb Code     0  cstartup.o(.text)
    PWM1Fault_Handler                        0x00000453   Thumb Code     0  cstartup.o(.text)
    PWM1Generator0_Handler                   0x00000453   Thumb Code     0  cstartup.o(.text)
    PWM1Generator1_Handler                   0x00000453   Thumb Code     0  cstartup.o(.text)
    PWM1Generator2_Handler                   0x00000453   Thumb Code     0  cstartup.o(.text)
    PWM1Generator3_Handler                   0x00000453   Thumb Code     0  cstartup.o(.text)
    Quadrature0_Handler                      0x00000453   Thumb Code     0  cstartup.o(.text)
    Quadrature1_Handler                      0x00000453   Thumb Code     0  cstartup.o(.text)
    Quadrature2_Handler                      0x00000453   Thumb Code     0  cstartup.o(.text)
    SSI0_Handler                             0x00000453   Thumb Code     0  cstartup.o(.text)
    SSI1_Handler                             0x00000453   Thumb Code     0  cstartup.o(.text)
    SSI2_Handler                             0x00000453   Thumb Code     0  cstartup.o(.text)
    SSI3_Handler                             0x00000453   Thumb Code     0  cstartup.o(.text)
    SysCtl_Handler                           0x00000453   Thumb Code     0  cstartup.o(.text)
    Timer0A_Handler                          0x00000453   Thumb Code     0  cstartup.o(.text)
    Timer0B_Handler                          0x00000453   Thumb Code     0  cstartup.o(.text)
    Timer1A_Handler                          0x00000453   Thumb Code     0  cstartup.o(.text)
    Timer1B_Handler                          0x00000453   Thumb Code     0  cstartup.o(.text)
    Timer2A_Handler                          0x00000453   Thumb Code     0  cstartup.o(.text)
    Timer2B_Handler                          0x00000453   Thumb Code     0  cstartup.o(.text)
    Timer3A_Handler                          0x00000453   Thumb Code     0  cstartup.o(.text)
    Timer3B_Handler                          0x00000453   Thumb Code     0  cstartup.o(.text)
    Timer4A_Handler                          0x00000453   Thumb Code     0  cstartup.o(.text)
    Timer4B_Handler                          0x00000453   Thumb Code     0  cstartup.o(.text)
    Timer5A_Handler                          0x00000453   Thumb Code     0  cstartup.o(.text)
    Timer5B_Handler                          0x00000453   Thumb Code     0  cstartup.o(.text)
    UART0_Handler                            0x00000453   Thumb Code     0  cstartup.o(.text)
    UART1_Handler                            0x00000453   Thumb Code     0  cstartup.o(.text)
    UART2_Handler                            0x00000453   Thumb Code     0  cstartup.o(.text)
    UART3_Handler                            0x00000453   Thumb Code     0  cstartup.o(.text)
    UART4_Handler                            0x00000453   Thumb Code     0  cstartup.o(.text)
    UART5_Handler                            0x00000453   Thumb Code     0  cstartup.o(.text)
    UART6_Handler                            0x00000453   Thumb Code     0  cstartup.o(.text)
    UART7_Handler                            0x00000453   Thumb Code     0  cstartup.o(.text)
    USB0_Handler                             0x00000453   Thumb Code     0  cstartup.o(.text)
    WDT_Handler                              0x00000453   Thumb Code     0  cstartup.o(.text)
    WideTimer0A_Handler                      0x00000453   Thumb Code     0  cstartup.o(.text)
    WideTimer0B_Handler                      0x00000453   Thumb Code     0  cstartup.o(.text)
    WideTimer1A_Handler                      0x00000453   Thumb Code     0  cstartup.o(.text)
    WideTimer1B_Handler                      0x00000453   Thumb Code     0  cstartup.o(.text)
    WideTimer2A_Handler                      0x00000453   Thumb Code     0  cstartup.o(.text)
    WideTimer2B_Handler                      0x00000453   Thumb Code     0  cstartup.o(.text)
    WideTimer3A_Handler                      0x00000453   Thumb Code     0  cstartup.o(.text)
    WideTimer3B_Handler                      0x00000453   Thumb Code     0  cstartup.o(.text)
    WideTimer4A_Handler                      0x00000453   Thumb Code     0  cstartup.o(.text)
    WideTimer4B_Handler                      0x00000453   Thumb Code     0  cstartup.o(.text)
    WideTimer5A_Handler                      0x00000453   Thumb Code     0  cstartup.o(.text)
    WideTimer5B_Handler                      0x00000453   Thumb Code     0  cstartup.o(.text)
    uDMA_Error                               0x00000453   Thumb Code     0  cstartup.o(.text)
    uDMA_Handler                             0x00000453   Thumb Code     0  cstartup.o(.text)
    CPU_TS_TmrInit                           0x00000461   Thumb Code    38  cpu_bsp.o(.text)
    CPU_TS_TmrRd                             0x00000487   Thumb Code     6  cpu_bsp.o(.text)
    CPU_TS32_to_uSec                         0x0000048d   Thumb Code    32  cpu_bsp.o(.text)
    SYSVIEW_SendTaskInfo                     0x000004b9   Thumb Code    42  segger_sysview_ucosiii.o(.text)
    SYSVIEW_TaskReady                        0x0000052b   Thumb Code    12  segger_sysview_ucosiii.o(.text)
    SYSVIEW_TaskSwitchedIn                   0x00000537   Thumb Code    14  segger_sysview_ucosiii.o(.text)
    SYSVIEW_TaskSuspend                      0x00000545   Thumb Code    14  segger_sysview_ucosiii.o(.text)
    SYSVIEW_AddTask                          0x00000553   Thumb Code    68  segger_sysview_ucosiii.o(.text)
    SYSVIEW_UpdateTask                       0x00000597   Thumb Code    74  segger_sysview_ucosiii.o(.text)
    SYSVIEW_RecordU32x4                      0x000005e1   Thumb Code    50  segger_sysview_ucosiii.o(.text)
    SYSVIEW_RecordU32x5                      0x00000613   Thumb Code    60  segger_sysview_ucosiii.o(.text)
    SYSVIEW_RecordU32Register                0x0000064f   Thumb Code    74  segger_sysview_ucosiii.o(.text)
    SYSVIEW_SendResourceList                 0x00000699   Thumb Code    52  segger_sysview_ucosiii.o(.text)
    SEGGER_SYSVIEW_SendModule                0x000007ed   Thumb Code   112  segger_sysview.o(.text)
    SEGGER_SYSVIEW_SendModuleDescription     0x0000085d   Thumb Code    22  segger_sysview.o(.text)
    SEGGER_SYSVIEW_SendNumModules            0x00000873   Thumb Code    56  segger_sysview.o(.text)
    SEGGER_SYSVIEW_GetSysDesc                0x000008ab   Thumb Code   118  segger_sysview.o(.text)
    SEGGER_SYSVIEW_SendTaskList              0x00000921   Thumb Code    18  segger_sysview.o(.text)
    SEGGER_SYSVIEW_RecordU32                 0x00000933   Thumb Code    56  segger_sysview.o(.text)
    SEGGER_SYSVIEW_RecordU32x2               0x0000096b   Thumb Code    78  segger_sysview.o(.text)
    SEGGER_SYSVIEW_RecordSystime             0x000009b9   Thumb Code    38  segger_sysview.o(.text)
    SEGGER_SYSVIEW_Stop                      0x000009df   Thumb Code    42  segger_sysview.o(.text)
    SEGGER_SYSVIEW_RecordVoid                0x00000a09   Thumb Code    32  segger_sysview.o(.text)
    SEGGER_SYSVIEW_Start                     0x00000a29   Thumb Code   164  segger_sysview.o(.text)
    SEGGER_SYSVIEW_Init                      0x00000e97   Thumb Code    74  segger_sysview.o(.text)
    SEGGER_SYSVIEW_SetRAMBase                0x00000ee1   Thumb Code     8  segger_sysview.o(.text)
    SEGGER_SYSVIEW_RecordU32x3               0x00000ee9   Thumb Code    98  segger_sysview.o(.text)
    SEGGER_SYSVIEW_RecordU32x4               0x00000f4b   Thumb Code   148  segger_sysview.o(.text)
    SEGGER_SYSVIEW_RecordU32x5               0x00000fdf   Thumb Code   142  segger_sysview.o(.text)
    SEGGER_SYSVIEW_RecordU32x6               0x0000106d   Thumb Code   166  segger_sysview.o(.text)
    SEGGER_SYSVIEW_RecordU32x7               0x00001113   Thumb Code   188  segger_sysview.o(.text)
    SEGGER_SYSVIEW_RecordU32x8               0x000011cf   Thumb Code   214  segger_sysview.o(.text)
    SEGGER_SYSVIEW_RecordU32x9               0x000012a5   Thumb Code   242  segger_sysview.o(.text)
    SEGGER_SYSVIEW_RecordU32x10              0x00001397   Thumb Code   268  segger_sysview.o(.text)
    SEGGER_SYSVIEW_RecordString              0x000014a3   Thumb Code    42  segger_sysview.o(.text)
    SEGGER_SYSVIEW_SendTaskInfo              0x000014cd   Thumb Code   190  segger_sysview.o(.text)
    SEGGER_SYSVIEW_SendSysDesc               0x0000158b   Thumb Code    42  segger_sysview.o(.text)
    SEGGER_SYSVIEW_RecordEnterISR            0x000015b5   Thumb Code    58  segger_sysview.o(.text)
    SEGGER_SYSVIEW_RecordExitISR             0x000015ef   Thumb Code    30  segger_sysview.o(.text)
    SEGGER_SYSVIEW_RecordExitISRToScheduler  0x0000160d   Thumb Code    30  segger_sysview.o(.text)
    SEGGER_SYSVIEW_RecordEnterTimer          0x0000162b   Thumb Code    62  segger_sysview.o(.text)
    SEGGER_SYSVIEW_RecordExitTimer           0x00001669   Thumb Code    30  segger_sysview.o(.text)
    SEGGER_SYSVIEW_RecordEndCall             0x00001687   Thumb Code    52  segger_sysview.o(.text)
    SEGGER_SYSVIEW_RecordEndCallU32          0x000016bb   Thumb Code    72  segger_sysview.o(.text)
    SEGGER_SYSVIEW_OnIdle                    0x00001703   Thumb Code    30  segger_sysview.o(.text)
    SEGGER_SYSVIEW_OnTaskCreate              0x00001721   Thumb Code    62  segger_sysview.o(.text)
    SEGGER_SYSVIEW_OnTaskTerminate           0x0000175f   Thumb Code    62  segger_sysview.o(.text)
    SEGGER_SYSVIEW_OnTaskStartExec           0x0000179d   Thumb Code    62  segger_sysview.o(.text)
    SEGGER_SYSVIEW_OnTaskStopExec            0x000017db   Thumb Code    30  segger_sysview.o(.text)
    SEGGER_SYSVIEW_OnTaskStartReady          0x000017f9   Thumb Code    62  segger_sysview.o(.text)
    SEGGER_SYSVIEW_OnTaskStopReady           0x00001837   Thumb Code    84  segger_sysview.o(.text)
    SEGGER_SYSVIEW_OnUserStart               0x0000188b   Thumb Code    60  segger_sysview.o(.text)
    SEGGER_SYSVIEW_OnUserStop                0x000018c7   Thumb Code    52  segger_sysview.o(.text)
    SEGGER_SYSVIEW_NameResource              0x000018fb   Thumb Code    76  segger_sysview.o(.text)
    SEGGER_SYSVIEW_SendPacket                0x00001947   Thumb Code    28  segger_sysview.o(.text)
    SEGGER_SYSVIEW_EncodeU32                 0x00001963   Thumb Code    22  segger_sysview.o(.text)
    SEGGER_SYSVIEW_EncodeString              0x00001979   Thumb Code     4  segger_sysview.o(.text)
    SEGGER_SYSVIEW_EncodeData                0x0000197d   Thumb Code    26  segger_sysview.o(.text)
    SEGGER_SYSVIEW_EncodeId                  0x00001997   Thumb Code    32  segger_sysview.o(.text)
    SEGGER_SYSVIEW_ShrinkId                  0x000019b7   Thumb Code    12  segger_sysview.o(.text)
    SEGGER_SYSVIEW_RegisterModule            0x000019c3   Thumb Code    74  segger_sysview.o(.text)
    SEGGER_SYSVIEW_RecordModuleDescription   0x00001a0d   Thumb Code   110  segger_sysview.o(.text)
    SEGGER_SYSVIEW_PrintfHostEx              0x00001a7b   Thumb Code    22  segger_sysview.o(.text)
    SEGGER_SYSVIEW_PrintfHost                0x00001a91   Thumb Code    20  segger_sysview.o(.text)
    SEGGER_SYSVIEW_WarnfHost                 0x00001aa5   Thumb Code    20  segger_sysview.o(.text)
    SEGGER_SYSVIEW_ErrorfHost                0x00001ab9   Thumb Code    20  segger_sysview.o(.text)
    SEGGER_SYSVIEW_PrintfTargetEx            0x00001acd   Thumb Code    18  segger_sysview.o(.text)
    SEGGER_SYSVIEW_PrintfTarget              0x00001adf   Thumb Code    20  segger_sysview.o(.text)
    SEGGER_SYSVIEW_WarnfTarget               0x00001af3   Thumb Code    20  segger_sysview.o(.text)
    SEGGER_SYSVIEW_ErrorfTarget              0x00001b07   Thumb Code    20  segger_sysview.o(.text)
    SEGGER_SYSVIEW_Print                     0x00001b1b   Thumb Code    52  segger_sysview.o(.text)
    SEGGER_SYSVIEW_Warn                      0x00001b4f   Thumb Code    54  segger_sysview.o(.text)
    SEGGER_SYSVIEW_Error                     0x00001b85   Thumb Code    54  segger_sysview.o(.text)
    SEGGER_SYSVIEW_EnableEvents              0x00001bbb   Thumb Code    12  segger_sysview.o(.text)
    SEGGER_SYSVIEW_DisableEvents             0x00001bc7   Thumb Code    12  segger_sysview.o(.text)
    SEGGER_SYSVIEW_IsStarted                 0x00001bd3   Thumb Code    38  segger_sysview.o(.text)
    SEGGER_RTT_ReadNoLock                    0x00001df9   Thumb Code   114  segger_rtt.o(.text)
    SEGGER_RTT_Read                          0x00001e6b   Thumb Code    24  segger_rtt.o(.text)
    SEGGER_RTT_WriteWithOverwriteNoLock      0x00001e83   Thumb Code   142  segger_rtt.o(.text)
    SEGGER_RTT_WriteSkipNoLock               0x00001f11   Thumb Code   108  segger_rtt.o(.text)
    SEGGER_RTT_WriteNoLock                   0x00001f7d   Thumb Code    86  segger_rtt.o(.text)
    SEGGER_RTT_Write                         0x00001fd3   Thumb Code    48  segger_rtt.o(.text)
    SEGGER_RTT_WriteString                   0x00002003   Thumb Code    24  segger_rtt.o(.text)
    SEGGER_RTT_PutCharSkipNoLock             0x0000201b   Thumb Code    48  segger_rtt.o(.text)
    SEGGER_RTT_PutCharSkip                   0x0000204b   Thumb Code    76  segger_rtt.o(.text)
    SEGGER_RTT_PutChar                       0x00002097   Thumb Code   118  segger_rtt.o(.text)
    SEGGER_RTT_GetKey                        0x0000210d   Thumb Code    28  segger_rtt.o(.text)
    SEGGER_RTT_WaitKey                       0x00002129   Thumb Code    12  segger_rtt.o(.text)
    SEGGER_RTT_HasKey                        0x00002135   Thumb Code    28  segger_rtt.o(.text)
    SEGGER_RTT_HasData                       0x00002151   Thumb Code    18  segger_rtt.o(.text)
    SEGGER_RTT_HasDataUp                     0x00002163   Thumb Code    18  segger_rtt.o(.text)
    SEGGER_RTT_AllocDownBuffer               0x00002175   Thumb Code    96  segger_rtt.o(.text)
    SEGGER_RTT_AllocUpBuffer                 0x000021d5   Thumb Code    96  segger_rtt.o(.text)
    SEGGER_RTT_ConfigUpBuffer                0x00002235   Thumb Code    88  segger_rtt.o(.text)
    SEGGER_RTT_ConfigDownBuffer              0x0000228d   Thumb Code    88  segger_rtt.o(.text)
    SEGGER_RTT_SetNameUpBuffer               0x000022e5   Thumb Code    58  segger_rtt.o(.text)
    SEGGER_RTT_SetNameDownBuffer             0x0000231f   Thumb Code    58  segger_rtt.o(.text)
    SEGGER_RTT_SetFlagsUpBuffer              0x00002359   Thumb Code    58  segger_rtt.o(.text)
    SEGGER_RTT_SetFlagsDownBuffer            0x00002393   Thumb Code    58  segger_rtt.o(.text)
    SEGGER_RTT_Init                          0x000023cd   Thumb Code     2  segger_rtt.o(.text)
    SEGGER_RTT_SetTerminal                   0x000023cf   Thumb Code   132  segger_rtt.o(.text)
    SEGGER_RTT_TerminalOut                   0x00002453   Thumb Code   170  segger_rtt.o(.text)
    CPU_NameClr                              0x00002539   Thumb Code    26  cpu_core.o(.text)
    CPU_Init                                 0x00002553   Thumb Code    18  cpu_core.o(.text)
    CPU_SW_Exception                         0x00002565   Thumb Code     2  cpu_core.o(.text)
    CPU_NameGet                              0x00002567   Thumb Code    46  cpu_core.o(.text)
    CPU_NameSet                              0x00002595   Thumb Code    62  cpu_core.o(.text)
    CPU_TS_Get32                             0x000025d3   Thumb Code     4  cpu_core.o(.text)
    CPU_TS_Update                            0x000025d7   Thumb Code     2  cpu_core.o(.text)
    CPU_TS_TmrFreqGet                        0x000025d9   Thumb Code    24  cpu_core.o(.text)
    CPU_TS_TmrFreqSet                        0x000025f1   Thumb Code     6  cpu_core.o(.text)
    CPU_CntLeadZeros08                       0x000025f7   Thumb Code    10  cpu_core.o(.text)
    CPU_CntLeadZeros16                       0x00002601   Thumb Code    10  cpu_core.o(.text)
    CPU_CntLeadZeros32                       0x0000260b   Thumb Code     4  cpu_core.o(.text)
    CPU_CntLeadZeros64                       0x0000260f   Thumb Code   152  cpu_core.o(.text)
    CPU_CntTrailZeros08                      0x000026a7   Thumb Code    10  cpu_core.o(.text)
    CPU_CntTrailZeros16                      0x000026b1   Thumb Code    10  cpu_core.o(.text)
    CPU_CntTrailZeros32                      0x000026bb   Thumb Code    10  cpu_core.o(.text)
    CPU_CntTrailZeros64                      0x000026c5   Thumb Code    36  cpu_core.o(.text)
    CPU_IntDis                               0x000026f5   Thumb Code     0  cpu_a.o(.text)
    CPU_IntEn                                0x000026f9   Thumb Code     0  cpu_a.o(.text)
    CPU_SR_Save                              0x000026fd   Thumb Code     0  cpu_a.o(.text)
    CPU_SR_Restore                           0x00002705   Thumb Code     0  cpu_a.o(.text)
    CPU_WaitForInt                           0x0000270b   Thumb Code     0  cpu_a.o(.text)
    CPU_WaitForExcept                        0x0000270f   Thumb Code     0  cpu_a.o(.text)
    CPU_CntLeadZeros                         0x00002713   Thumb Code     0  cpu_a.o(.text)
    CPU_CntTrailZeros                        0x00002719   Thumb Code     0  cpu_a.o(.text)
    CPU_RevBits                              0x00002723   Thumb Code     0  cpu_a.o(.text)
    ASCII_IsAlpha                            0x00002729   Thumb Code    22  lib_ascii.o(.text)
    ASCII_IsAlphaNum                         0x0000273f   Thumb Code    28  lib_ascii.o(.text)
    ASCII_IsLower                            0x0000275b   Thumb Code    14  lib_ascii.o(.text)
    ASCII_IsUpper                            0x00002769   Thumb Code    14  lib_ascii.o(.text)
    ASCII_IsDig                              0x00002777   Thumb Code    14  lib_ascii.o(.text)
    ASCII_IsDigOct                           0x00002785   Thumb Code    14  lib_ascii.o(.text)
    ASCII_IsDigHex                           0x00002793   Thumb Code    28  lib_ascii.o(.text)
    ASCII_IsBlank                            0x000027af   Thumb Code    16  lib_ascii.o(.text)
    ASCII_IsSpace                            0x000027bf   Thumb Code    32  lib_ascii.o(.text)
    ASCII_IsPrint                            0x000027df   Thumb Code    14  lib_ascii.o(.text)
    ASCII_IsGraph                            0x000027ed   Thumb Code    14  lib_ascii.o(.text)
    ASCII_IsPunct                            0x000027fb   Thumb Code    58  lib_ascii.o(.text)
    ASCII_IsCtrl                             0x00002835   Thumb Code    22  lib_ascii.o(.text)
    ASCII_ToLower                            0x0000284b   Thumb Code    14  lib_ascii.o(.text)
    ASCII_ToUpper                            0x00002859   Thumb Code    14  lib_ascii.o(.text)
    ASCII_Cmp                                0x00002867   Thumb Code    28  lib_ascii.o(.text)
    Mem_Init                                 0x00002885   Thumb Code    54  lib_mem.o(.text)
    Mem_Set                                  0x000028bb   Thumb Code    70  lib_mem.o(.text)
    Mem_Clr                                  0x00002901   Thumb Code     6  lib_mem.o(.text)
    Mem_Move                                 0x00002907   Thumb Code   128  lib_mem.o(.text)
    Mem_Cmp                                  0x00002987   Thumb Code   126  lib_mem.o(.text)
    Mem_HeapAlloc                            0x00002aa5   Thumb Code   164  lib_mem.o(.text)
    Mem_SegGetSizeRem                        0x00002b49   Thumb Code   114  lib_mem.o(.text)
    Mem_HeapGetSizeRem                       0x00002bbb   Thumb Code     8  lib_mem.o(.text)
    Mem_PoolClr                              0x00002bc3   Thumb Code    68  lib_mem.o(.text)
    Mem_PoolCreate                           0x00002c07   Thumb Code   722  lib_mem.o(.text)
    Mem_PoolBlkGetNbrAvail                   0x00002ed9   Thumb Code    64  lib_mem.o(.text)
    Mem_PoolBlkGet                           0x00002f19   Thumb Code   126  lib_mem.o(.text)
    Mem_PoolBlkGetUsedAtIx                   0x00002f97   Thumb Code   102  lib_mem.o(.text)
    Mem_PoolBlkFree                          0x00003043   Thumb Code   206  lib_mem.o(.text)
    Mem_PoolBlkIxGet                         0x00003111   Thumb Code   186  lib_mem.o(.text)
    Str_Len_N                                0x000031d1   Thumb Code    22  lib_str.o(.text)
    Str_Len                                  0x000031e7   Thumb Code     6  lib_str.o(.text)
    Str_Copy_N                               0x000031ed   Thumb Code    48  lib_str.o(.text)
    Str_Copy                                 0x0000321d   Thumb Code     6  lib_str.o(.text)
    Str_Cat_N                                0x00003223   Thumb Code    58  lib_str.o(.text)
    Str_Cat                                  0x0000325d   Thumb Code     6  lib_str.o(.text)
    Str_Cmp_N                                0x00003263   Thumb Code    86  lib_str.o(.text)
    Str_Cmp                                  0x000032b9   Thumb Code     6  lib_str.o(.text)
    Str_CmpIgnoreCase_N                      0x000032bf   Thumb Code   146  lib_str.o(.text)
    Str_CmpIgnoreCase                        0x00003351   Thumb Code     6  lib_str.o(.text)
    Str_Char_N                               0x00003357   Thumb Code    46  lib_str.o(.text)
    Str_Char                                 0x00003385   Thumb Code     8  lib_str.o(.text)
    Str_Char_Last_N                          0x0000338d   Thumb Code    44  lib_str.o(.text)
    Str_Char_Last                            0x000033b9   Thumb Code     8  lib_str.o(.text)
    Str_Char_Replace_N                       0x000033c1   Thumb Code    40  lib_str.o(.text)
    Str_Char_Replace                         0x000033e9   Thumb Code     6  lib_str.o(.text)
    Str_Str_N                                0x000033ef   Thumb Code   120  lib_str.o(.text)
    Str_Str                                  0x00003467   Thumb Code     6  lib_str.o(.text)
    Str_FmtNbr_Int32U                        0x000035c5   Thumb Code    24  lib_str.o(.text)
    Str_FmtNbr_Int32S                        0x000035dd   Thumb Code    40  lib_str.o(.text)
    Str_ParseNbr_Int32U                      0x0000373f   Thumb Code    12  lib_str.o(.text)
    Str_ParseNbr_Int32S                      0x0000374b   Thumb Code    42  lib_str.o(.text)
    Mem_Copy                                 0x00003779   Thumb Code     0  lib_mem_a.o(.text)
    OSCfg_Init                               0x00003999   Thumb Code     2  os_cfg_app.o(.text)
    OS_IdleTask                              0x0000399d   Thumb Code    30  os_core.o(.text)
    OS_IdleTaskInit                          0x000039bb   Thumb Code    62  os_core.o(.text)
    OS_RdyListInit                           0x000039f9   Thumb Code    30  os_core.o(.text)
    OSInit                                   0x00003a17   Thumb Code   248  os_core.o(.text)
    OSIntEnter                               0x00003b0f   Thumb Code    22  os_core.o(.text)
    OSIntExit                                0x00003b25   Thumb Code   100  os_core.o(.text)
    OSSched                                  0x00003b89   Thumb Code    86  os_core.o(.text)
    OS_SchedLockTimeMeasStart                0x00003bdf   Thumb Code    20  os_core.o(.text)
    OSSchedLock                              0x00003bf3   Thumb Code    72  os_core.o(.text)
    OS_SchedLockTimeMeasStop                 0x00003c3b   Thumb Code    42  os_core.o(.text)
    OSSchedUnlock                            0x00003c65   Thumb Code    92  os_core.o(.text)
    OSStart                                  0x00003cc1   Thumb Code    62  os_core.o(.text)
    OSVersion                                0x00003cff   Thumb Code    10  os_core.o(.text)
    OS_PendDbgNameAdd                        0x00003d09   Thumb Code    46  os_core.o(.text)
    OS_PendListInsertPrio                    0x00003d37   Thumb Code   256  os_core.o(.text)
    OS_PendDataInit                          0x00003e37   Thumb Code    48  os_core.o(.text)
    OS_RdyListRemove                         0x00003e67   Thumb Code    78  os_core.o(.text)
    OS_TaskBlock                             0x00003eb5   Thumb Code    34  os_core.o(.text)
    OS_Pend                                  0x00003ed7   Thumb Code    72  os_core.o(.text)
    OS_PendListRemove1                       0x00003f1f   Thumb Code    54  os_core.o(.text)
    OS_PendListRemove                        0x00003f55   Thumb Code    38  os_core.o(.text)
    OS_PendAbort1                            0x00003f7b   Thumb Code    32  os_core.o(.text)
    OS_RdyListInsertHead                     0x00003f9b   Thumb Code    52  os_core.o(.text)
    OS_RdyListInsertTail                     0x00003fcf   Thumb Code    48  os_core.o(.text)
    OS_RdyListInsert                         0x00003fff   Thumb Code    46  os_core.o(.text)
    OS_PendAbort                             0x0000402d   Thumb Code   158  os_core.o(.text)
    OS_PendDbgNameRemove                     0x000040cb   Thumb Code    22  os_core.o(.text)
    OS_PendListChangePrio                    0x000040e1   Thumb Code    50  os_core.o(.text)
    OS_PendListInit                          0x00004113   Thumb Code    10  os_core.o(.text)
    OS_PendListInsertHead                    0x0000411d   Thumb Code    32  os_core.o(.text)
    OS_PendObjDel1                           0x0000413d   Thumb Code    32  os_core.o(.text)
    OS_PendObjDel                            0x0000415d   Thumb Code   148  os_core.o(.text)
    OS_Post1                                 0x000041f1   Thumb Code    38  os_core.o(.text)
    OS_Post                                  0x00004217   Thumb Code   200  os_core.o(.text)
    OS_RdyListMoveHeadToTail                 0x000042df   Thumb Code    52  os_core.o(.text)
    OS_Dbg_Init                              0x00004313   Thumb Code     2  os_dbg.o(.text)
    OS_FlagDbgListAdd                        0x00004315   Thumb Code    26  os_flag.o(.text)
    OSFlagCreate                             0x0000432f   Thumb Code    96  os_flag.o(.text)
    OS_FlagBlock                             0x0000438f   Thumb Code    28  os_flag.o(.text)
    OSFlagPend                               0x000043ab   Thumb Code   460  os_flag.o(.text)
    OSFlagPendGetFlagsRdy                    0x00004577   Thumb Code    44  os_flag.o(.text)
    OS_FlagTaskRdy                           0x000045a3   Thumb Code    78  os_flag.o(.text)
    OS_FlagPost                              0x000045f1   Thumb Code   206  os_flag.o(.text)
    OSFlagPost                               0x000046bf   Thumb Code   110  os_flag.o(.text)
    OS_FlagClr                               0x0000472d   Thumb Code    16  os_flag.o(.text)
    OS_FlagInit                              0x0000473d   Thumb Code    14  os_flag.o(.text)
    OS_FlagDbgListRemove                     0x0000474b   Thumb Code    36  os_flag.o(.text)
    OS_MemDbgListAdd                         0x00004785   Thumb Code    22  os_mem.o(.text)
    OSMemCreate                              0x0000479b   Thumb Code   168  os_mem.o(.text)
    OSMemGet                                 0x00004843   Thumb Code    60  os_mem.o(.text)
    OSMemPut                                 0x0000487f   Thumb Code    70  os_mem.o(.text)
    OS_MemInit                               0x000048c5   Thumb Code    14  os_mem.o(.text)
    OS_MsgPoolInit                           0x000048e5   Thumb Code    94  os_msg.o(.text)
    OS_MsgQFreeAll                           0x00004943   Thumb Code    48  os_msg.o(.text)
    OS_MsgQInit                              0x00004973   Thumb Code    14  os_msg.o(.text)
    OS_MsgQGet                               0x00004981   Thumb Code    82  os_msg.o(.text)
    OS_MsgQPut                               0x000049d3   Thumb Code   132  os_msg.o(.text)
    OS_MutexDbgListAdd                       0x00004a65   Thumb Code    26  os_mutex.o(.text)
    OSMutexCreate                            0x00004a7f   Thumb Code   104  os_mutex.o(.text)
    OSMutexPend                              0x00004ae7   Thumb Code   438  os_mutex.o(.text)
    OSMutexPendAbort                         0x00004c9d   Thumb Code   322  os_mutex.o(.text)
    OSMutexPost                              0x00004ddf   Thumb Code   322  os_mutex.o(.text)
    OS_MutexClr                              0x00004f21   Thumb Code    24  os_mutex.o(.text)
    OS_MutexDbgListRemove                    0x00004f39   Thumb Code    36  os_mutex.o(.text)
    OS_MutexInit                             0x00004f5d   Thumb Code    14  os_mutex.o(.text)
    OS_PrioInit                              0x00004f85   Thumb Code    16  os_prio.o(.text)
    OS_PrioGetHighest                        0x00004f95   Thumb Code    32  os_prio.o(.text)
    OS_PrioInsert                            0x00004fb5   Thumb Code    28  os_prio.o(.text)
    OS_PrioRemove                            0x00004fd1   Thumb Code    28  os_prio.o(.text)
    OS_SemDbgListAdd                         0x00004ff1   Thumb Code    26  os_sem.o(.text)
    OSSemCreate                              0x0000500b   Thumb Code    96  os_sem.o(.text)
    OSSemPend                                0x0000506b   Thumb Code   292  os_sem.o(.text)
    OSSemPendAbort                           0x0000518f   Thumb Code   172  os_sem.o(.text)
    OS_SemPost                               0x0000523b   Thumb Code   132  os_sem.o(.text)
    OSSemPost                                0x000052bf   Thumb Code    78  os_sem.o(.text)
    OSSemSet                                 0x0000530d   Thumb Code    78  os_sem.o(.text)
    OS_SemClr                                0x0000535b   Thumb Code    22  os_sem.o(.text)
    OS_SemDbgListRemove                      0x00005371   Thumb Code    36  os_sem.o(.text)
    OS_SemInit                               0x00005395   Thumb Code    14  os_sem.o(.text)
    OSStatReset                              0x000053cd   Thumb Code   116  os_stat.o(.text)
    OSStatTaskCPUUsageInit                   0x00005441   Thumb Code   126  os_stat.o(.text)
    OS_StatTask                              0x000054bf   Thumb Code   444  os_stat.o(.text)
    OS_StatTaskInit                          0x0000567b   Thumb Code   120  os_stat.o(.text)
    OSTaskChangePrio                         0x00005771   Thumb Code   176  os_task.o(.text)
    OS_TaskDbgListAdd                        0x00005821   Thumb Code    30  os_task.o(.text)
    OS_TaskInitTCB                           0x0000583f   Thumb Code   170  os_task.o(.text)
    OSTaskCreate                             0x000058e9   Thumb Code   362  os_task.o(.text)
    OSTaskQFlush                             0x00005a53   Thumb Code    66  os_task.o(.text)
    OSTaskQPend                              0x00005a95   Thumb Code   356  os_task.o(.text)
    OS_TaskQPost                             0x00005bf9   Thumb Code   138  os_task.o(.text)
    OSTaskQPost                              0x00005c83   Thumb Code    66  os_task.o(.text)
    OSTaskRegGet                             0x00005cc5   Thumb Code    42  os_task.o(.text)
    OSTaskRegGetID                           0x00005cef   Thumb Code    42  os_task.o(.text)
    OSTaskRegSet                             0x00005d19   Thumb Code    40  os_task.o(.text)
    OS_TaskResume                            0x00005d41   Thumb Code   168  os_task.o(.text)
    OSTaskResume                             0x00005de9   Thumb Code    68  os_task.o(.text)
    OSTaskSemPend                            0x00005e2d   Thumb Code   276  os_task.o(.text)
    OSTaskSemPendAbort                       0x00005f41   Thumb Code   130  os_task.o(.text)
    OS_TaskSemPost                           0x00005fc3   Thumb Code   166  os_task.o(.text)
    OSTaskSemPost                            0x00006069   Thumb Code    44  os_task.o(.text)
    OSTaskSemSet                             0x00006095   Thumb Code    52  os_task.o(.text)
    OSTaskStkChk                             0x000060c9   Thumb Code   136  os_task.o(.text)
    OS_TaskSuspend                           0x00006151   Thumb Code   144  os_task.o(.text)
    OSTaskSuspend                            0x000061e1   Thumb Code    28  os_task.o(.text)
    OS_TaskDbgListRemove                     0x000061fd   Thumb Code    50  os_task.o(.text)
    OS_TaskInit                              0x0000622f   Thumb Code    18  os_task.o(.text)
    OS_TaskReturn                            0x00006241   Thumb Code    24  os_task.o(.text)
    OS_TickTask                              0x00006279   Thumb Code    80  os_tick.o(.text)
    OS_TickTaskInit                          0x000062c9   Thumb Code   120  os_tick.o(.text)
    OS_TickListInsert                        0x00006341   Thumb Code    94  os_tick.o(.text)
    OS_TickListInsertDly                     0x0000639f   Thumb Code   110  os_tick.o(.text)
    OS_TickListRemove                        0x0000640d   Thumb Code    64  os_tick.o(.text)
    OS_TickListResetPeak                     0x0000644d   Thumb Code     2  os_tick.o(.text)
    OSTimeDly                                0x000065ad   Thumb Code   122  os_time.o(.text)
    OSTimeDlyHMSM                            0x00006627   Thumb Code   260  os_time.o(.text)
    OSTimeGet                                0x0000672b   Thumb Code    24  os_time.o(.text)
    OSTimeSet                                0x00006743   Thumb Code    24  os_time.o(.text)
    OSTimeTick                               0x0000675b   Thumb Code    44  os_time.o(.text)
    OS_TmrDbgListAdd                         0x000067ad   Thumb Code    22  os_tmr.o(.text)
    OSTmrCreate                              0x000067c3   Thumb Code   138  os_tmr.o(.text)
    OSTmrRemainGet                           0x0000684d   Thumb Code   120  os_tmr.o(.text)
    OSTmrStart                               0x000068c5   Thumb Code   154  os_tmr.o(.text)
    OSTmrStateGet                            0x0000695f   Thumb Code    68  os_tmr.o(.text)
    OS_TmrUnlink                             0x000069a3   Thumb Code    50  os_tmr.o(.text)
    OSTmrStop                                0x000069d5   Thumb Code   162  os_tmr.o(.text)
    OS_TmrClr                                0x00006a77   Thumb Code    32  os_tmr.o(.text)
    OS_TmrDbgListRemove                      0x00006a97   Thumb Code    36  os_tmr.o(.text)
    OS_TmrTask                               0x00006abb   Thumb Code   138  os_tmr.o(.text)
    OS_TmrInit                               0x00006b45   Thumb Code   262  os_tmr.o(.text)
    OS_TmrResetPeak                          0x00006c4b   Thumb Code     2  os_tmr.o(.text)
    OSIdleTaskHook                           0x00006c99   Thumb Code    12  os_cpu_c.o(.text)
    OSInitHook                               0x00006ca5   Thumb Code    22  os_cpu_c.o(.text)
    OSStatTaskHook                           0x00006cbb   Thumb Code    12  os_cpu_c.o(.text)
    OSTaskCreateHook                         0x00006cc7   Thumb Code    12  os_cpu_c.o(.text)
    OSTaskDelHook                            0x00006cd3   Thumb Code    12  os_cpu_c.o(.text)
    OSTaskReturnHook                         0x00006cdf   Thumb Code    12  os_cpu_c.o(.text)
    OSTaskStkInit                            0x00006ceb   Thumb Code   312  os_cpu_c.o(.text)
    OSTaskSwHook                             0x00006e23   Thumb Code   110  os_cpu_c.o(.text)
    OSTimeTickHook                           0x00006e91   Thumb Code    12  os_cpu_c.o(.text)
    OS_CPU_SysTickHandler                    0x00006e9d   Thumb Code    30  os_cpu_c.o(.text)
    OS_CPU_SysTickInit                       0x00006ebb   Thumb Code    36  os_cpu_c.o(.text)
    __aeabi_uldivmod                         0x00006f89   Thumb Code    98  uldiv.o(.text)
    __aeabi_memcpy                           0x00006feb   Thumb Code    36  memcpya.o(.text)
    __aeabi_memcpy4                          0x00006feb   Thumb Code     0  memcpya.o(.text)
    __aeabi_memcpy8                          0x00006feb   Thumb Code     0  memcpya.o(.text)
    __aeabi_memset                           0x0000700f   Thumb Code    14  memseta.o(.text)
    __aeabi_memset4                          0x0000700f   Thumb Code     0  memseta.o(.text)
    __aeabi_memset8                          0x0000700f   Thumb Code     0  memseta.o(.text)
    __aeabi_memclr                           0x0000701d   Thumb Code     4  memseta.o(.text)
    __aeabi_memclr4                          0x0000701d   Thumb Code     0  memseta.o(.text)
    __aeabi_memclr8                          0x0000701d   Thumb Code     0  memseta.o(.text)
    _memset$wrapper                          0x00007021   Thumb Code    18  memseta.o(.text)
    strlen                                   0x00007033   Thumb Code    14  strlen.o(.text)
    strcpy                                   0x00007041   Thumb Code    18  strcpy.o(.text)
    __aeabi_llsl                             0x00007053   Thumb Code    30  llshl.o(.text)
    _ll_shift_l                              0x00007053   Thumb Code     0  llshl.o(.text)
    __aeabi_llsr                             0x00007071   Thumb Code    32  llushr.o(.text)
    _ll_ushift_r                             0x00007071   Thumb Code     0  llushr.o(.text)
    __scatterload                            0x00007091   Thumb Code    28  init.o(.text)
    __scatterload_rt2                        0x00007091   Thumb Code     0  init.o(.text)
    OS_CPU_FP_Reg_Push                       0x000070b5   Thumb Code     0  os_cpu_a.o(CODE)
    OS_CPU_FP_Reg_Pop                        0x000070cf   Thumb Code     0  os_cpu_a.o(CODE)
    OSStartHighRdy                           0x000070e1   Thumb Code     0  os_cpu_a.o(CODE)
    OSCtxSw                                  0x00007151   Thumb Code     0  os_cpu_a.o(CODE)
    OSIntCtxSw                               0x0000715b   Thumb Code     0  os_cpu_a.o(CODE)
    OS_CPU_PendSVHandler                     0x00007165   Thumb Code     0  os_cpu_a.o(CODE)
    GPIODirModeSet                           0x000071c1   Thumb Code    40  gpio.o(i.GPIODirModeSet)
    GPIOPadConfigSet                         0x000071e9   Thumb Code   312  gpio.o(i.GPIOPadConfigSet)
    GPIOPinRead                              0x00007321   Thumb Code     6  gpio.o(i.GPIOPinRead)
    GPIOPinTypeGPIOInput                     0x00007327   Thumb Code    28  gpio.o(i.GPIOPinTypeGPIOInput)
    GPIOPinTypeGPIOOutput                    0x00007343   Thumb Code    28  gpio.o(i.GPIOPinTypeGPIOOutput)
    GPIOPinWrite                             0x0000735f   Thumb Code     6  gpio.o(i.GPIOPinWrite)
    SysCtlClockGet                           0x00007365   Thumb Code   304  sysctl.o(i.SysCtlClockGet)
    SysCtlClockSet                           0x000074b9   Thumb Code   270  sysctl.o(i.SysCtlClockSet)
    SysCtlPeripheralEnable                   0x000075d9   Thumb Code    36  sysctl.o(i.SysCtlPeripheralEnable)
    SysCtlPeripheralReady                    0x00007601   Thumb Code    40  sysctl.o(i.SysCtlPeripheralReady)
    __scatterload_copy                       0x0000762d   Thumb Code    14  handlers.o(i.__scatterload_copy)
    __scatterload_null                       0x0000763b   Thumb Code     2  handlers.o(i.__scatterload_null)
    __scatterload_zeroinit                   0x0000763d   Thumb Code    14  handlers.o(i.__scatterload_zeroinit)
    OSCfg_IdleTaskStkBasePtr                 0x000077f8   Data           4  os_cfg_app.o(.constdata)
    OSCfg_IdleTaskStkLimit                   0x000077fc   Data           4  os_cfg_app.o(.constdata)
    OSCfg_IdleTaskStkSize                    0x00007800   Data           4  os_cfg_app.o(.constdata)
    OSCfg_ISRStkBasePtr                      0x00007804   Data           4  os_cfg_app.o(.constdata)
    OSCfg_ISRStkSize                         0x00007808   Data           4  os_cfg_app.o(.constdata)
    OSCfg_MsgPoolSize                        0x0000780c   Data           2  os_cfg_app.o(.constdata)
    OSCfg_MsgPoolBasePtr                     0x00007810   Data           4  os_cfg_app.o(.constdata)
    OSCfg_StatTaskPrio                       0x00007814   Data           1  os_cfg_app.o(.constdata)
    OSCfg_StatTaskRate_Hz                    0x00007818   Data           4  os_cfg_app.o(.constdata)
    OSCfg_StatTaskStkBasePtr                 0x0000781c   Data           4  os_cfg_app.o(.constdata)
    OSCfg_StatTaskStkLimit                   0x00007820   Data           4  os_cfg_app.o(.constdata)
    OSCfg_StatTaskStkSize                    0x00007824   Data           4  os_cfg_app.o(.constdata)
    OSCfg_StkSizeMin                         0x00007828   Data           4  os_cfg_app.o(.constdata)
    OSCfg_TickRate_Hz                        0x0000782c   Data           4  os_cfg_app.o(.constdata)
    OSCfg_TickTaskPrio                       0x00007830   Data           1  os_cfg_app.o(.constdata)
    OSCfg_TickTaskStkBasePtr                 0x00007834   Data           4  os_cfg_app.o(.constdata)
    OSCfg_TickTaskStkLimit                   0x00007838   Data           4  os_cfg_app.o(.constdata)
    OSCfg_TickTaskStkSize                    0x0000783c   Data           4  os_cfg_app.o(.constdata)
    OSCfg_TmrTaskPrio                        0x00007840   Data           1  os_cfg_app.o(.constdata)
    OSCfg_TmrTaskRate_Hz                     0x00007844   Data           4  os_cfg_app.o(.constdata)
    OSCfg_TmrTaskStkBasePtr                  0x00007848   Data           4  os_cfg_app.o(.constdata)
    OSCfg_TmrTaskStkLimit                    0x0000784c   Data           4  os_cfg_app.o(.constdata)
    OSCfg_TmrTaskStkSize                     0x00007850   Data           4  os_cfg_app.o(.constdata)
    Region$$Table$$Base                      0x00007b4c   Number         0  anon$$obj.o(Region$$Table)
    Region$$Table$$Limit                     0x00007b6c   Number         0  anon$$obj.o(Region$$Table)
    CPU_TS_TmrFreq_Hz                        0x2000002c   Data           4  cpu_core.o(.data)
    Mem_PoolTbl                              0x20000030   Data           4  lib_mem.o(.data)
    OSPrioTbl                                0x20000034   Data           4  os_prio.o(.data)
    OS_AppTaskCreateHookPtr                  0x20000038   Data           4  os_var.o(.data)
    OS_AppTaskDelHookPtr                     0x2000003c   Data           4  os_var.o(.data)
    OS_AppTaskReturnHookPtr                  0x20000040   Data           4  os_var.o(.data)
    OS_AppIdleTaskHookPtr                    0x20000044   Data           4  os_var.o(.data)
    OS_AppStatTaskHookPtr                    0x20000048   Data           4  os_var.o(.data)
    OS_AppTaskSwHookPtr                      0x2000004c   Data           4  os_var.o(.data)
    OS_AppTimeTickHookPtr                    0x20000050   Data           4  os_var.o(.data)
    OSIdleTaskCtr                            0x20000054   Data           4  os_var.o(.data)
    OSIntNestingCtr                          0x20000058   Data           1  os_var.o(.data)
    OSRunning                                0x20000059   Data           1  os_var.o(.data)
    OSFlagDbgListPtr                         0x2000005c   Data           4  os_var.o(.data)
    OSFlagQty                                0x20000060   Data           2  os_var.o(.data)
    OSMemDbgListPtr                          0x20000064   Data           4  os_var.o(.data)
    OSMemQty                                 0x20000068   Data           2  os_var.o(.data)
    OSMutexDbgListPtr                        0x2000006c   Data           4  os_var.o(.data)
    OSMutexQty                               0x20000070   Data           2  os_var.o(.data)
    OSPrioCur                                0x20000072   Data           1  os_var.o(.data)
    OSPrioHighRdy                            0x20000073   Data           1  os_var.o(.data)
    OSPrioSaved                              0x20000074   Data           1  os_var.o(.data)
    OSSchedLockTimeBegin                     0x20000078   Data           4  os_var.o(.data)
    OSSchedLockTimeMax                       0x2000007c   Data           4  os_var.o(.data)
    OSSchedLockTimeMaxCur                    0x20000080   Data           4  os_var.o(.data)
    OSSchedLockNestingCtr                    0x20000084   Data           1  os_var.o(.data)
    OSSemDbgListPtr                          0x20000088   Data           4  os_var.o(.data)
    OSSemQty                                 0x2000008c   Data           2  os_var.o(.data)
    OSStatResetFlag                          0x2000008e   Data           1  os_var.o(.data)
    OSStatTaskCPUUsage                       0x20000090   Data           2  os_var.o(.data)
    OSStatTaskCPUUsageMax                    0x20000092   Data           2  os_var.o(.data)
    OSStatTaskCtr                            0x20000094   Data           4  os_var.o(.data)
    OSStatTaskCtrMax                         0x20000098   Data           4  os_var.o(.data)
    OSStatTaskCtrRun                         0x2000009c   Data           4  os_var.o(.data)
    OSStatTaskRdy                            0x200000a0   Data           1  os_var.o(.data)
    OSStatTaskTimeMax                        0x200000a4   Data           4  os_var.o(.data)
    OSTaskCtxSwCtr                           0x200000a8   Data           4  os_var.o(.data)
    OSTaskDbgListPtr                         0x200000ac   Data           4  os_var.o(.data)
    OSTaskQty                                0x200000b0   Data           2  os_var.o(.data)
    OSTaskRegNextAvailID                     0x200000b2   Data           1  os_var.o(.data)
    OSTickCtr                                0x200000b4   Data           4  os_var.o(.data)
    OSTickTaskTimeMax                        0x200000b8   Data           4  os_var.o(.data)
    OSTickListDly                            0x200000bc   Data           8  os_var.o(.data)
    OSTickListTimeout                        0x200000c4   Data           8  os_var.o(.data)
    OSTmrDbgListPtr                          0x200000cc   Data           4  os_var.o(.data)
    OSTmrListEntries                         0x200000d0   Data           2  os_var.o(.data)
    OSTmrListPtr                             0x200000d4   Data           4  os_var.o(.data)
    OSTmrQty                                 0x200000d8   Data           2  os_var.o(.data)
    OSTmrTaskTimeMax                         0x200000dc   Data           4  os_var.o(.data)
    OSTmrTickCtr                             0x200000e0   Data           4  os_var.o(.data)
    OSTmrUpdateCnt                           0x200000e4   Data           4  os_var.o(.data)
    OSTmrUpdateCtr                           0x200000e8   Data           4  os_var.o(.data)
    OSTCBCurPtr                              0x200000ec   Data           4  os_var.o(.data)
    OSTCBHighRdyPtr                          0x200000f0   Data           4  os_var.o(.data)
    OS_CPU_ExceptStkBase                     0x200000f4   Data           4  os_cpu_c.o(.data)
    _SEGGER_RTT                              0x2000118c   Data         168  segger_rtt.o(.bss)
    CPU_Name                                 0x20001644   Data          16  cpu_core.o(.bss)
    Mem_PoolHeap                             0x20001654   Data          72  lib_mem.o(.bss)
    Mem_Heap                                 0x2000169c   Data        1024  lib_mem.o(.bss)
    OSCfg_IdleTaskStk                        0x20001a9c   Data         512  os_cfg_app.o(.bss)
    OSCfg_ISRStk                             0x20001c9c   Data         400  os_cfg_app.o(.bss)
    OSCfg_MsgPool                            0x20001e2c   Data        1600  os_cfg_app.o(.bss)
    OSCfg_StatTaskStk                        0x2000246c   Data         400  os_cfg_app.o(.bss)
    OSCfg_TickTaskStk                        0x200025fc   Data         400  os_cfg_app.o(.bss)
    OSCfg_TmrTaskStk                         0x2000278c   Data         400  os_cfg_app.o(.bss)
    OSIdleTaskTCB                            0x2000291c   Data         196  os_var.o(.bss)
    OSMsgPool                                0x200029e0   Data          12  os_var.o(.bss)
    OSRdyList                                0x200029ec   Data         384  os_var.o(.bss)
    OSStatTaskTCB                            0x20002b6c   Data         196  os_var.o(.bss)
    OSTickTaskTCB                            0x20002c30   Data         196  os_var.o(.bss)
    OSTmrMutex                               0x20002cf4   Data          48  os_var.o(.bss)
    OSTmrTaskTCB                             0x20002d24   Data         196  os_var.o(.bss)
    __initial_sp                             0x20002fe8   Data           0  cstartup.o(STACK)



==============================================================================

Memory Map of the image

  Image Entry point : 0x0000026d

  Load Region LR_IROM1 (Base: 0x00000000, Size: 0x00007c64, Max: 0x00040000, ABSOLUTE)

    Execution Region ER_IROM1 (Exec base: 0x00000000, Load base: 0x00000000, Size: 0x00007b6c, Max: 0x00040000, ABSOLUTE)

    Exec Addr    Load Addr    Size         Type   Attr      Idx    E Section Name        Object

    0x00000000   0x00000000   0x0000026c   Data   RO          137    RESET               cstartup.o
    0x0000026c   0x0000026c   0x00000000   Code   RO         1538  * .ARM.Collect$$$$00000000  mc_w.l(entry.o)
    0x0000026c   0x0000026c   0x00000004   Code   RO         1553    .ARM.Collect$$$$00000001  mc_w.l(entry2.o)
    0x00000270   0x00000270   0x00000004   Code   RO         1556    .ARM.Collect$$$$00000004  mc_w.l(entry5.o)
    0x00000274   0x00000274   0x00000000   Code   RO         1558    .ARM.Collect$$$$00000008  mc_w.l(entry7b.o)
    0x00000274   0x00000274   0x00000000   Code   RO         1560    .ARM.Collect$$$$0000000A  mc_w.l(entry8b.o)
    0x00000274   0x00000274   0x00000008   Code   RO         1561    .ARM.Collect$$$$0000000B  mc_w.l(entry9a.o)
    0x0000027c   0x0000027c   0x00000000   Code   RO         1563    .ARM.Collect$$$$0000000D  mc_w.l(entry10a.o)
    0x0000027c   0x0000027c   0x00000000   Code   RO         1565    .ARM.Collect$$$$0000000F  mc_w.l(entry11a.o)
    0x0000027c   0x0000027c   0x00000004   Code   RO         1554    .ARM.Collect$$$$00002712  mc_w.l(entry2.o)
    0x00000280   0x00000280   0x00000006   Code   RO         1064    .emb_text           driverlib.lib(sysctl.o)
    0x00000286   0x00000286   0x00000002   PAD
    0x00000288   0x00000288   0x00000198   Code   RO            1    .text               app.o
    0x00000420   0x00000420   0x00000040   Code   RO          138    .text               cstartup.o
    0x00000460   0x00000460   0x00000058   Code   RO          143    .text               cpu_bsp.o
    0x000004b8   0x000004b8   0x0000022c   Code   RO          165    .text               segger_sysview_ucosiii.o
    0x000006e4   0x000006e4   0x0000162a   Code   RO          196    .text               segger_sysview.o
    0x00001d0e   0x00001d0e   0x00000002   PAD
    0x00001d10   0x00001d10   0x00000826   Code   RO          232    .text               segger_rtt.o
    0x00002536   0x00002536   0x00000002   PAD
    0x00002538   0x00002538   0x000001bc   Code   RO          252    .text               cpu_core.o
    0x000026f4   0x000026f4   0x00000034   Code   RO          274    .text               cpu_a.o
    0x00002728   0x00002728   0x0000015a   Code   RO          293    .text               lib_ascii.o
    0x00002882   0x00002882   0x00000002   PAD
    0x00002884   0x00002884   0x0000094c   Code   RO          340    .text               lib_mem.o
    0x000031d0   0x000031d0   0x000005a8   Code   RO          359    .text               lib_str.o
    0x00003778   0x00003778   0x00000220   Code   RO          377    .text               lib_mem_a.o
    0x00003998   0x00003998   0x00000002   Code   RO          380    .text               os_cfg_app.o
    0x0000399a   0x0000399a   0x00000002   PAD
    0x0000399c   0x0000399c   0x00000976   Code   RO          444    .text               os_core.o
    0x00004312   0x00004312   0x00000002   Code   RO          457    .text               os_dbg.o
    0x00004314   0x00004314   0x00000470   Code   RO          478    .text               os_flag.o
    0x00004784   0x00004784   0x00000160   Code   RO          497    .text               os_mem.o
    0x000048e4   0x000048e4   0x00000180   Code   RO          509    .text               os_msg.o
    0x00004a64   0x00004a64   0x00000520   Code   RO          521    .text               os_mutex.o
    0x00004f84   0x00004f84   0x0000006c   Code   RO          545    .text               os_prio.o
    0x00004ff0   0x00004ff0   0x000003dc   Code   RO          570    .text               os_sem.o
    0x000053cc   0x000053cc   0x000003a4   Code   RO          582    .text               os_stat.o
    0x00005770   0x00005770   0x00000b08   Code   RO          594    .text               os_task.o
    0x00006278   0x00006278   0x00000334   Code   RO          606    .text               os_tick.o
    0x000065ac   0x000065ac   0x00000200   Code   RO          618    .text               os_time.o
    0x000067ac   0x000067ac   0x000004ec   Code   RO          630    .text               os_tmr.o
    0x00006c98   0x00006c98   0x000002f0   Code   RO          715    .text               os_cpu_c.o
    0x00006f88   0x00006f88   0x00000062   Code   RO         1541    .text               mc_w.l(uldiv.o)
    0x00006fea   0x00006fea   0x00000024   Code   RO         1543    .text               mc_w.l(memcpya.o)
    0x0000700e   0x0000700e   0x00000024   Code   RO         1545    .text               mc_w.l(memseta.o)
    0x00007032   0x00007032   0x0000000e   Code   RO         1547    .text               mc_w.l(strlen.o)
    0x00007040   0x00007040   0x00000012   Code   RO         1549    .text               mc_w.l(strcpy.o)
    0x00007052   0x00007052   0x0000001e   Code   RO         1567    .text               mc_w.l(llshl.o)
    0x00007070   0x00007070   0x00000020   Code   RO         1569    .text               mc_w.l(llushr.o)
    0x00007090   0x00007090   0x00000024   Code   RO         1571    .text               mc_w.l(init.o)
    0x000070b4   0x000070b4   0x0000010c   Code   RO          712    CODE                os_cpu_a.o
    0x000071c0   0x000071c0   0x00000028   Code   RO          738    i.GPIODirModeSet    driverlib.lib(gpio.o)
    0x000071e8   0x000071e8   0x00000138   Code   RO          750    i.GPIOPadConfigSet  driverlib.lib(gpio.o)
    0x00007320   0x00007320   0x00000006   Code   RO          752    i.GPIOPinRead       driverlib.lib(gpio.o)
    0x00007326   0x00007326   0x0000001c   Code   RO          761    i.GPIOPinTypeGPIOInput  driverlib.lib(gpio.o)
    0x00007342   0x00007342   0x0000001c   Code   RO          762    i.GPIOPinTypeGPIOOutput  driverlib.lib(gpio.o)
    0x0000735e   0x0000735e   0x00000006   Code   RO          780    i.GPIOPinWrite      driverlib.lib(gpio.o)
    0x00007364   0x00007364   0x00000154   Code   RO         1067    i.SysCtlClockGet    driverlib.lib(sysctl.o)
    0x000074b8   0x000074b8   0x00000120   Code   RO         1069    i.SysCtlClockSet    driverlib.lib(sysctl.o)
    0x000075d8   0x000075d8   0x00000028   Code   RO         1098    i.SysCtlPeripheralEnable  driverlib.lib(sysctl.o)
    0x00007600   0x00007600   0x0000002c   Code   RO         1102    i.SysCtlPeripheralReady  driverlib.lib(sysctl.o)
    0x0000762c   0x0000762c   0x0000000e   Code   RO         1575    i.__scatterload_copy  mc_w.l(handlers.o)
    0x0000763a   0x0000763a   0x00000002   Code   RO         1576    i.__scatterload_null  mc_w.l(handlers.o)
    0x0000763c   0x0000763c   0x0000000e   Code   RO         1577    i.__scatterload_zeroinit  mc_w.l(handlers.o)
    0x0000764a   0x0000764a   0x0000001a   Data   RO          198    .constdata          segger_sysview.o
    0x00007664   0x00007664   0x00000100   Data   RO          254    .constdata          cpu_core.o
    0x00007764   0x00007764   0x00000094   Data   RO          360    .constdata          lib_str.o
    0x000077f8   0x000077f8   0x00000004   Data   RO          387    .constdata          os_cfg_app.o
    0x000077fc   0x000077fc   0x00000004   Data   RO          388    .constdata          os_cfg_app.o
    0x00007800   0x00007800   0x00000004   Data   RO          389    .constdata          os_cfg_app.o
    0x00007804   0x00007804   0x00000004   Data   RO          398    .constdata          os_cfg_app.o
    0x00007808   0x00007808   0x00000004   Data   RO          399    .constdata          os_cfg_app.o
    0x0000780c   0x0000780c   0x00000002   Data   RO          401    .constdata          os_cfg_app.o
    0x0000780e   0x0000780e   0x00000002   PAD
    0x00007810   0x00007810   0x00000004   Data   RO          403    .constdata          os_cfg_app.o
    0x00007814   0x00007814   0x00000001   Data   RO          404    .constdata          os_cfg_app.o
    0x00007815   0x00007815   0x00000003   PAD
    0x00007818   0x00007818   0x00000004   Data   RO          405    .constdata          os_cfg_app.o
    0x0000781c   0x0000781c   0x00000004   Data   RO          406    .constdata          os_cfg_app.o
    0x00007820   0x00007820   0x00000004   Data   RO          407    .constdata          os_cfg_app.o
    0x00007824   0x00007824   0x00000004   Data   RO          408    .constdata          os_cfg_app.o
    0x00007828   0x00007828   0x00000004   Data   RO          410    .constdata          os_cfg_app.o
    0x0000782c   0x0000782c   0x00000004   Data   RO          411    .constdata          os_cfg_app.o
    0x00007830   0x00007830   0x00000001   Data   RO          412    .constdata          os_cfg_app.o
    0x00007831   0x00007831   0x00000003   PAD
    0x00007834   0x00007834   0x00000004   Data   RO          413    .constdata          os_cfg_app.o
    0x00007838   0x00007838   0x00000004   Data   RO          414    .constdata          os_cfg_app.o
    0x0000783c   0x0000783c   0x00000004   Data   RO          415    .constdata          os_cfg_app.o
    0x00007840   0x00007840   0x00000001   Data   RO          417    .constdata          os_cfg_app.o
    0x00007841   0x00007841   0x00000003   PAD
    0x00007844   0x00007844   0x00000004   Data   RO          418    .constdata          os_cfg_app.o
    0x00007848   0x00007848   0x00000004   Data   RO          419    .constdata          os_cfg_app.o
    0x0000784c   0x0000784c   0x00000004   Data   RO          420    .constdata          os_cfg_app.o
    0x00007850   0x00007850   0x00000004   Data   RO          421    .constdata          os_cfg_app.o
    0x00007854   0x00007854   0x00000254   Data   RO         1120    .constdata          driverlib.lib(sysctl.o)
    0x00007aa8   0x00007aa8   0x000000a4   Data   RO          168    .conststring        segger_sysview_ucosiii.o
    0x00007b4c   0x00007b4c   0x00000020   Data   RO         1573    Region$$Table       anon$$obj.o


    Execution Region RW_IRAM1 (Exec base: 0x20000000, Load base: 0x00007b6c, Size: 0x00002fe8, Max: 0x00008000, ABSOLUTE)

    Exec Addr    Load Addr    Size         Type   Attr      Idx    E Section Name        Object

    0x20000000   0x00007b6c   0x00000008   Data   RW          169    .data               segger_sysview_ucosiii.o
    0x20000008   0x00007b74   0x00000010   Data   RW          199    .data               segger_sysview.o
    0x20000018   0x00007b84   0x00000011   Data   RW          234    .data               segger_rtt.o
    0x20000029   0x00007b95   0x00000003   PAD
    0x2000002c   0x00007b98   0x00000004   Data   RW          256    .data               cpu_core.o
    0x20000030   0x00007b9c   0x00000004   Data   RW          342    .data               lib_mem.o
    0x20000034   0x00007ba0   0x00000004   Data   RW          546    .data               os_prio.o
    0x20000038   0x00007ba4   0x00000004   Data   RW          649    .data               os_var.o
    0x2000003c   0x00007ba8   0x00000004   Data   RW          650    .data               os_var.o
    0x20000040   0x00007bac   0x00000004   Data   RW          651    .data               os_var.o
    0x20000044   0x00007bb0   0x00000004   Data   RW          652    .data               os_var.o
    0x20000048   0x00007bb4   0x00000004   Data   RW          653    .data               os_var.o
    0x2000004c   0x00007bb8   0x00000004   Data   RW          654    .data               os_var.o
    0x20000050   0x00007bbc   0x00000004   Data   RW          655    .data               os_var.o
    0x20000054   0x00007bc0   0x00000004   Data   RW          656    .data               os_var.o
    0x20000058   0x00007bc4   0x00000001   Data   RW          657    .data               os_var.o
    0x20000059   0x00007bc5   0x00000001   Data   RW          658    .data               os_var.o
    0x2000005a   0x00007bc6   0x00000002   PAD
    0x2000005c   0x00007bc8   0x00000004   Data   RW          659    .data               os_var.o
    0x20000060   0x00007bcc   0x00000002   Data   RW          660    .data               os_var.o
    0x20000062   0x00007bce   0x00000002   PAD
    0x20000064   0x00007bd0   0x00000004   Data   RW          661    .data               os_var.o
    0x20000068   0x00007bd4   0x00000002   Data   RW          662    .data               os_var.o
    0x2000006a   0x00007bd6   0x00000002   PAD
    0x2000006c   0x00007bd8   0x00000004   Data   RW          663    .data               os_var.o
    0x20000070   0x00007bdc   0x00000002   Data   RW          664    .data               os_var.o
    0x20000072   0x00007bde   0x00000001   Data   RW          665    .data               os_var.o
    0x20000073   0x00007bdf   0x00000001   Data   RW          666    .data               os_var.o
    0x20000074   0x00007be0   0x00000001   Data   RW          667    .data               os_var.o
    0x20000075   0x00007be1   0x00000003   PAD
    0x20000078   0x00007be4   0x00000004   Data   RW          668    .data               os_var.o
    0x2000007c   0x00007be8   0x00000004   Data   RW          669    .data               os_var.o
    0x20000080   0x00007bec   0x00000004   Data   RW          670    .data               os_var.o
    0x20000084   0x00007bf0   0x00000001   Data   RW          671    .data               os_var.o
    0x20000085   0x00007bf1   0x00000003   PAD
    0x20000088   0x00007bf4   0x00000004   Data   RW          672    .data               os_var.o
    0x2000008c   0x00007bf8   0x00000002   Data   RW          673    .data               os_var.o
    0x2000008e   0x00007bfa   0x00000001   Data   RW          674    .data               os_var.o
    0x2000008f   0x00007bfb   0x00000001   PAD
    0x20000090   0x00007bfc   0x00000002   Data   RW          675    .data               os_var.o
    0x20000092   0x00007bfe   0x00000002   Data   RW          676    .data               os_var.o
    0x20000094   0x00007c00   0x00000004   Data   RW          677    .data               os_var.o
    0x20000098   0x00007c04   0x00000004   Data   RW          678    .data               os_var.o
    0x2000009c   0x00007c08   0x00000004   Data   RW          679    .data               os_var.o
    0x200000a0   0x00007c0c   0x00000001   Data   RW          680    .data               os_var.o
    0x200000a1   0x00007c0d   0x00000003   PAD
    0x200000a4   0x00007c10   0x00000004   Data   RW          681    .data               os_var.o
    0x200000a8   0x00007c14   0x00000004   Data   RW          682    .data               os_var.o
    0x200000ac   0x00007c18   0x00000004   Data   RW          683    .data               os_var.o
    0x200000b0   0x00007c1c   0x00000002   Data   RW          684    .data               os_var.o
    0x200000b2   0x00007c1e   0x00000001   Data   RW          685    .data               os_var.o
    0x200000b3   0x00007c1f   0x00000001   PAD
    0x200000b4   0x00007c20   0x00000004   Data   RW          686    .data               os_var.o
    0x200000b8   0x00007c24   0x00000004   Data   RW          687    .data               os_var.o
    0x200000bc   0x00007c28   0x00000008   Data   RW          688    .data               os_var.o
    0x200000c4   0x00007c30   0x00000008   Data   RW          689    .data               os_var.o
    0x200000cc   0x00007c38   0x00000004   Data   RW          690    .data               os_var.o
    0x200000d0   0x00007c3c   0x00000002   Data   RW          691    .data               os_var.o
    0x200000d2   0x00007c3e   0x00000002   PAD
    0x200000d4   0x00007c40   0x00000004   Data   RW          692    .data               os_var.o
    0x200000d8   0x00007c44   0x00000002   Data   RW          693    .data               os_var.o
    0x200000da   0x00007c46   0x00000002   PAD
    0x200000dc   0x00007c48   0x00000004   Data   RW          694    .data               os_var.o
    0x200000e0   0x00007c4c   0x00000004   Data   RW          695    .data               os_var.o
    0x200000e4   0x00007c50   0x00000004   Data   RW          696    .data               os_var.o
    0x200000e8   0x00007c54   0x00000004   Data   RW          697    .data               os_var.o
    0x200000ec   0x00007c58   0x00000004   Data   RW          698    .data               os_var.o
    0x200000f0   0x00007c5c   0x00000004   Data   RW          699    .data               os_var.o
    0x200000f4   0x00007c60   0x00000004   Data   RW          716    .data               os_cpu_c.o
    0x200000f8        -       0x00000988   Zero   RW            2    .bss                app.o
    0x20000a80        -       0x00000200   Zero   RW          166    .bss                segger_sysview_ucosiii.o
    0x20000c80        -       0x0000050b   Zero   RW          197    .bss                segger_sysview.o
    0x2000118b   0x00007c64   0x00000001   PAD
    0x2000118c        -       0x000004b8   Zero   RW          233    .bss                segger_rtt.o
    0x20001644        -       0x00000010   Zero   RW          253    .bss                cpu_core.o
    0x20001654        -       0x00000448   Zero   RW          341    .bss                lib_mem.o
    0x20001a9c        -       0x00000200   Zero   RW          381    .bss                os_cfg_app.o
    0x20001c9c        -       0x00000190   Zero   RW          382    .bss                os_cfg_app.o
    0x20001e2c        -       0x00000640   Zero   RW          383    .bss                os_cfg_app.o
    0x2000246c        -       0x00000190   Zero   RW          384    .bss                os_cfg_app.o
    0x200025fc        -       0x00000190   Zero   RW          385    .bss                os_cfg_app.o
    0x2000278c        -       0x00000190   Zero   RW          386    .bss                os_cfg_app.o
    0x2000291c        -       0x000000c4   Zero   RW          642    .bss                os_var.o
    0x200029e0        -       0x0000000c   Zero   RW          643    .bss                os_var.o
    0x200029ec        -       0x00000180   Zero   RW          644    .bss                os_var.o
    0x20002b6c        -       0x000000c4   Zero   RW          645    .bss                os_var.o
    0x20002c30        -       0x000000c4   Zero   RW          646    .bss                os_var.o
    0x20002cf4        -       0x00000030   Zero   RW          647    .bss                os_var.o
    0x20002d24        -       0x000000c4   Zero   RW          648    .bss                os_var.o
    0x20002de8        -       0x00000200   Zero   RW          135    STACK               cstartup.o


==============================================================================

Image component sizes


      Code (inc. data)   RO Data    RW Data    ZI Data      Debug   Object Name

       408         76          0          0       2440      36139   app.o
        52          0          0          0          0        408   cpu_a.o
        88         12          0          0          0      10456   cpu_bsp.o
       444         12        256          4         16       7057   cpu_core.o
        64         12        620          0        512        852   cstartup.o
       346          0          0          0          0      15362   lib_ascii.o
      2380         38          0          4       1096      25368   lib_mem.o
       544          0          0          0          0        556   lib_mem_a.o
      1448          4        148          0          0      12956   lib_str.o
         0          0          0          0          0      18269   os_app_hooks.o
         2          0         81          0       3712      19562   os_cfg_app.o
      2422        208          0          0          0      12187   os_core.o
       268         14          0          0          0        496   os_cpu_a.o
       752        170          0          4          0       4445   os_cpu_c.o
         2          0          0          0          0       1062   os_dbg.o
      1136         58          0          0          0       6543   os_flag.o
       352         18          0          0          0       2888   os_mem.o
       384         14          0          0          0       3146   os_msg.o
      1312         70          0          0          0       5215   os_mutex.o
       108          4          0          4          0       2200   os_prio.o
       988         42          0          0          0       5643   os_sem.o
       932        126          0          0          0       3049   os_stat.o
      2824        144          0          0          0      12967   os_task.o
       820         70          0          0          0       4532   os_tick.o
       512         38          0          0          0       2933   os_time.o
      1260        134          0          0          0       6194   os_tmr.o
         0          0          0        167       1228      18067   os_var.o
      2086         40          0         17       1208      17982   segger_rtt.o
      5674         80         26         16       1291      39534   segger_sysview.o
       556         24        164          8        512      10204   segger_sysview_ucosiii.o

    ----------------------------------------------------------------------
     28172       1408       1338        248      12016     306272   Object Totals
         0          0         32          0          0          0   (incl. Generated)
         8          0         11         24          1          0   (incl. Padding)

    ----------------------------------------------------------------------

      Code (inc. data)   RO Data    RW Data    ZI Data      Debug   Library Member Name

       420          0          0          0          0       7652   gpio.o
       718         62        596          0          0       5091   sysctl.o
         0          0          0          0          0          0   entry.o
         0          0          0          0          0          0   entry10a.o
         0          0          0          0          0          0   entry11a.o
         8          4          0          0          0          0   entry2.o
         4          0          0          0          0          0   entry5.o
         0          0          0          0          0          0   entry7b.o
         0          0          0          0          0          0   entry8b.o
         8          4          0          0          0          0   entry9a.o
        30          0          0          0          0          0   handlers.o
        36          8          0          0          0         68   init.o
        30          0          0          0          0         68   llshl.o
        32          0          0          0          0         68   llushr.o
        36          0          0          0          0         68   memcpya.o
        36          0          0          0          0        108   memseta.o
        18          0          0          0          0         68   strcpy.o
        14          0          0          0          0         68   strlen.o
        98          0          0          0          0         92   uldiv.o

    ----------------------------------------------------------------------
      1490         78        596          0          0      13351   Library Totals
         2          0          0          0          0          0   (incl. Padding)

    ----------------------------------------------------------------------

      Code (inc. data)   RO Data    RW Data    ZI Data      Debug   Library Name

      1138         62        596          0          0      12743   driverlib.lib
       350         16          0          0          0        608   mc_w.l

    ----------------------------------------------------------------------
      1490         78        596          0          0      13351   Library Totals

    ----------------------------------------------------------------------

==============================================================================


      Code (inc. data)   RO Data    RW Data    ZI Data      Debug   

     29662       1486       1934        248      12016     312619   Grand Totals
     29662       1486       1934        248      12016     312619   ELF Image Totals
     29662       1486       1934        248          0          0   ROM Totals

==============================================================================

    Total RO  Size (Code + RO Data)                31596 (  30.86kB)
    Total RW  Size (RW Data + ZI Data)             12264 (  11.98kB)
    Total ROM Size (Code + RO Data + RW Data)      31844 (  31.10kB)

==============================================================================

