<html>
<body>
<pre>
<h1>µVision Build Log</h1>
<h2>Tool Versions:</h2>
IDE-Version: µVision V5.27.0.0
Copyright (C) 2018 ARM Ltd and ARM Germany GmbH. All rights reserved.
License Information: Bryan B, University of Michigan Dearborn, LIC=----
 
Tool Versions:
Toolchain:       MDK-Lite  Version: 5.27.0.0
Toolchain Path:  C:\Keil_v5\ARM\ARMCC\Bin
C Compiler:      Armcc.exe V5.06 update 6 (build 750)
Assembler:       Armasm.exe V5.06 update 6 (build 750)
Linker/Locator:  ArmLink.exe V5.06 update 6 (build 750)
Library Manager: ArmAr.exe V5.06 update 6 (build 750)
Hex Converter:   FromElf.exe V5.06 update 6 (build 750)
CPU DLL:         SARMCM3.DLL V5.27.0.0
Dialog DLL:      DCM.DLL V1.17.2.0
Target DLL:      lmidk-agdi.dll V???
Dialog DLL:      TCM.DLL V1.36.1.0
 
<h2>Project:</h2>
C:\Users\Bryan\Box\UMD-files\Winter-2019\ECE-473\473 Lab\Lab 5\Micrium\Software\EvalBoards\TI\DK-TM4C123X\OS3\KeilMDK\OS3.uvprojx
Project File Date:  03/20/2019

<h2>Output:</h2>
*** Using Compiler 'V5.06 update 6 (build 750)', folder: 'C:\Keil_v5\ARM\ARMCC\Bin'
Rebuild target 'FLASH'
assembling cstartup.s...
compiling os_app_hooks.c...
compiling cpu_bsp.c...
compiling app.c...
assembling cpu_a.asm...
compiling cpu_core.c...
compiling lib_ascii.c...
compiling cpu_c.c...
compiling lib_math.c...
assembling lib_mem_a.asm...
compiling lib_str.c...
compiling lib_mem.c...
compiling os_cfg_app.c...
compiling os_dbg.c...
compiling os_core.c...
compiling os_flag.c...
compiling os_int.c...
compiling os_mem.c...
compiling os_msg.c...
compiling os_mutex.c...
compiling os_pend_multi.c...
compiling os_q.c...
compiling os_prio.c...
compiling os_sem.c...
compiling os_stat.c...
compiling os_tick.c...
compiling os_task.c...
compiling os_time.c...
compiling os_var.c...
compiling os_tmr.c...
assembling os_cpu_a.asm...
compiling os_cpu_c.c...
linking...
Program Size: Code=21026 RO-data=1746 RW-data=204 ZI-data=8932  
".\Flash\OS3.axf" - 0 Error(s), 0 Warning(s).

<h2>Software Packages used:</h2>

Package Vendor: ARM
                http://www.keil.com/pack/ARM.CMSIS.5.4.0.pack
                ARM.CMSIS.5.4.0
                CMSIS (Cortex Microcontroller Software Interface Standard)
   * Component: CORE Version: 5.1.2

Package Vendor: Keil
                http://www.keil.com/pack/Keil.TM4C_DFP.1.1.0.pack
                Keil.TM4C_DFP.1.1.0
                Texas Instruments Tiva C Series Device Support and Examples

<h2>Collection of Component include folders:</h2>
  .\RTE\_FLASH
  C:\Keil_v5\ARM\PACK\ARM\CMSIS\5.4.0\CMSIS\Core\Include
  C:\Keil_v5\ARM\PACK\Keil\TM4C_DFP\1.1.0\Device\Include\TM4C123

<h2>Collection of Component Files used:</h2>

   * Component: ARM::CMSIS:CORE:5.1.2
Build Time Elapsed:  00:00:25
</pre>
</body>
</html>
